Archive member included to satisfy reference by file (symbol)

C:/ST/STM32CubeIDE_1.16.1/STM32CubeIDE/plugins/com.st.stm32cube.ide.mcu.externaltools.gnu-tools-for-stm32.13.3.rel1.win32_1.0.0.202411081344/tools/bin/../lib/gcc/arm-none-eabi/13.3.1/../../../../arm-none-eabi/lib/thumb/v6-m/nofp\libc_nano.a(libc_a-exit.o)
                              C:/ST/STM32CubeIDE_1.16.1/STM32CubeIDE/plugins/com.st.stm32cube.ide.mcu.externaltools.gnu-tools-for-stm32.13.3.rel1.win32_1.0.0.202411081344/tools/bin/../lib/gcc/arm-none-eabi/13.3.1/../../../../arm-none-eabi/lib/thumb/v6-m/nofp/crt0.o (exit)
C:/ST/STM32CubeIDE_1.16.1/STM32CubeIDE/plugins/com.st.stm32cube.ide.mcu.externaltools.gnu-tools-for-stm32.13.3.rel1.win32_1.0.0.202411081344/tools/bin/../lib/gcc/arm-none-eabi/13.3.1/../../../../arm-none-eabi/lib/thumb/v6-m/nofp\libc_nano.a(libc_a-findfp.o)
                              C:/ST/STM32CubeIDE_1.16.1/STM32CubeIDE/plugins/com.st.stm32cube.ide.mcu.externaltools.gnu-tools-for-stm32.13.3.rel1.win32_1.0.0.202411081344/tools/bin/../lib/gcc/arm-none-eabi/13.3.1/../../../../arm-none-eabi/lib/thumb/v6-m/nofp\libc_nano.a(libc_a-exit.o) (__stdio_exit_handler)
C:/ST/STM32CubeIDE_1.16.1/STM32CubeIDE/plugins/com.st.stm32cube.ide.mcu.externaltools.gnu-tools-for-stm32.13.3.rel1.win32_1.0.0.202411081344/tools/bin/../lib/gcc/arm-none-eabi/13.3.1/../../../../arm-none-eabi/lib/thumb/v6-m/nofp\libc_nano.a(libc_a-fwalk.o)
                              C:/ST/STM32CubeIDE_1.16.1/STM32CubeIDE/plugins/com.st.stm32cube.ide.mcu.externaltools.gnu-tools-for-stm32.13.3.rel1.win32_1.0.0.202411081344/tools/bin/../lib/gcc/arm-none-eabi/13.3.1/../../../../arm-none-eabi/lib/thumb/v6-m/nofp\libc_nano.a(libc_a-findfp.o) (_fwalk_sglue)
C:/ST/STM32CubeIDE_1.16.1/STM32CubeIDE/plugins/com.st.stm32cube.ide.mcu.externaltools.gnu-tools-for-stm32.13.3.rel1.win32_1.0.0.202411081344/tools/bin/../lib/gcc/arm-none-eabi/13.3.1/../../../../arm-none-eabi/lib/thumb/v6-m/nofp\libc_nano.a(libc_a-snprintf.o)
                              ./Core/Src/application.o (snprintf)
C:/ST/STM32CubeIDE_1.16.1/STM32CubeIDE/plugins/com.st.stm32cube.ide.mcu.externaltools.gnu-tools-for-stm32.13.3.rel1.win32_1.0.0.202411081344/tools/bin/../lib/gcc/arm-none-eabi/13.3.1/../../../../arm-none-eabi/lib/thumb/v6-m/nofp\libc_nano.a(libc_a-stdio.o)
                              C:/ST/STM32CubeIDE_1.16.1/STM32CubeIDE/plugins/com.st.stm32cube.ide.mcu.externaltools.gnu-tools-for-stm32.13.3.rel1.win32_1.0.0.202411081344/tools/bin/../lib/gcc/arm-none-eabi/13.3.1/../../../../arm-none-eabi/lib/thumb/v6-m/nofp\libc_nano.a(libc_a-findfp.o) (__sread)
C:/ST/STM32CubeIDE_1.16.1/STM32CubeIDE/plugins/com.st.stm32cube.ide.mcu.externaltools.gnu-tools-for-stm32.13.3.rel1.win32_1.0.0.202411081344/tools/bin/../lib/gcc/arm-none-eabi/13.3.1/../../../../arm-none-eabi/lib/thumb/v6-m/nofp\libc_nano.a(libc_a-memset.o)
                              C:/ST/STM32CubeIDE_1.16.1/STM32CubeIDE/plugins/com.st.stm32cube.ide.mcu.externaltools.gnu-tools-for-stm32.13.3.rel1.win32_1.0.0.202411081344/tools/bin/../lib/gcc/arm-none-eabi/13.3.1/../../../../arm-none-eabi/lib/thumb/v6-m/nofp/crt0.o (memset)
C:/ST/STM32CubeIDE_1.16.1/STM32CubeIDE/plugins/com.st.stm32cube.ide.mcu.externaltools.gnu-tools-for-stm32.13.3.rel1.win32_1.0.0.202411081344/tools/bin/../lib/gcc/arm-none-eabi/13.3.1/../../../../arm-none-eabi/lib/thumb/v6-m/nofp\libc_nano.a(libc_a-closer.o)
                              C:/ST/STM32CubeIDE_1.16.1/STM32CubeIDE/plugins/com.st.stm32cube.ide.mcu.externaltools.gnu-tools-for-stm32.13.3.rel1.win32_1.0.0.202411081344/tools/bin/../lib/gcc/arm-none-eabi/13.3.1/../../../../arm-none-eabi/lib/thumb/v6-m/nofp\libc_nano.a(libc_a-stdio.o) (_close_r)
C:/ST/STM32CubeIDE_1.16.1/STM32CubeIDE/plugins/com.st.stm32cube.ide.mcu.externaltools.gnu-tools-for-stm32.13.3.rel1.win32_1.0.0.202411081344/tools/bin/../lib/gcc/arm-none-eabi/13.3.1/../../../../arm-none-eabi/lib/thumb/v6-m/nofp\libc_nano.a(libc_a-reent.o)
                              C:/ST/STM32CubeIDE_1.16.1/STM32CubeIDE/plugins/com.st.stm32cube.ide.mcu.externaltools.gnu-tools-for-stm32.13.3.rel1.win32_1.0.0.202411081344/tools/bin/../lib/gcc/arm-none-eabi/13.3.1/../../../../arm-none-eabi/lib/thumb/v6-m/nofp\libc_nano.a(libc_a-closer.o) (errno)
C:/ST/STM32CubeIDE_1.16.1/STM32CubeIDE/plugins/com.st.stm32cube.ide.mcu.externaltools.gnu-tools-for-stm32.13.3.rel1.win32_1.0.0.202411081344/tools/bin/../lib/gcc/arm-none-eabi/13.3.1/../../../../arm-none-eabi/lib/thumb/v6-m/nofp\libc_nano.a(libc_a-impure.o)
                              C:/ST/STM32CubeIDE_1.16.1/STM32CubeIDE/plugins/com.st.stm32cube.ide.mcu.externaltools.gnu-tools-for-stm32.13.3.rel1.win32_1.0.0.202411081344/tools/bin/../lib/gcc/arm-none-eabi/13.3.1/../../../../arm-none-eabi/lib/thumb/v6-m/nofp\libc_nano.a(libc_a-snprintf.o) (_impure_ptr)
[...]
Memory Configuration

Name             Origin             Length             Attributes
RAM              0x20000000         0x00024000         xrw
FLASH            0x08000000         0x00080000         xr
*default*        0x00000000         0xffffffff

Linker script and memory map

LOAD C:/ST/STM32CubeIDE_1.16.1/STM32CubeIDE/plugins/com.st.stm32cube.ide.mcu.externaltools.gnu-tools-for-stm32.13.3.rel1.win32_1.0.0.202411081344/tools/bin/../lib/gcc/arm-none-eabi/13.3.1/thumb/v6-m/nofp/crti.o
LOAD C:/ST/STM32CubeIDE_1.16.1/STM32CubeIDE/plugins/com.st.stm32cube.ide.mcu.externaltools.gnu-tools-for-stm32.13.3.rel1.win32_1.0.0.202411081344/tools/bin/../lib/gcc/arm-none-eabi/13.3.1/thumb/v6-m/nofp/crtbegin.o
LOAD C:/ST/STM32CubeIDE_1.16.1/STM32CubeIDE/plugins/com.st.stm32cube.ide.mcu.externaltools.gnu-tools-for-stm32.13.3.rel1.win32_1.0.0.202411081344/tools/bin/../lib/gcc/arm-none-eabi/13.3.1/../../../../arm-none-eabi/lib/thumb/v6-m/nofp/crt0.o
LOAD ./Core/Src/application.o
LOAD ./Core/Src/board.o
LOAD ./Core/Src/bq79616.o
LOAD ./Core/Src/main.o
LOAD ./Core/Src/stm32g0xx_hal_msp.o
LOAD ./Core/Src/stm32g0xx_it.o
LOAD ./Core/Src/syscalls.o
LOAD ./Core/Src/sysmem.o
LOAD ./Core/Src/system_stm32g0xx.o
LOAD ./Core/Startup/startup_stm32g0b1retx.o
LOAD ./Drivers/STM32G0xx_HAL_Driver/Src/stm32g0xx_hal.o
LOAD ./Drivers/STM32G0xx_HAL_Driver/Src/stm32g0xx_hal_adc.o
LOAD ./Drivers/STM32G0xx_HAL_Driver/Src/stm32g0xx_hal_adc_ex.o
LOAD ./Drivers/STM32G0xx_HAL_Driver/Src/stm32g0xx_hal_cortex.o
LOAD ./Drivers/STM32G0xx_HAL_Driver/Src/stm32g0xx_hal_dma.o
LOAD ./Drivers/STM32G0xx_HAL_Driver/Src/stm32g0xx_hal_dma_ex.o
LOAD ./Drivers/STM32G0xx_HAL_Driver/Src/stm32g0xx_hal_exti.o
LOAD ./Drivers/STM32G0xx_HAL_Driver/Src/stm32g0xx_hal_fdcan.o
LOAD ./Drivers/STM32G0xx_HAL_Driver/Src/stm32g0xx_hal_flash.o
LOAD ./Drivers/STM32G0xx_HAL_Driver/Src/stm32g0xx_hal_flash_ex.o
LOAD ./Drivers/STM32G0xx_HAL_Driver/Src/stm32g0xx_hal_gpio.o
LOAD ./Drivers/STM32G0xx_HAL_Driver/Src/stm32g0xx_hal_pcd.o
LOAD ./Drivers/STM32G0xx_HAL_Driver/Src/stm32g0xx_hal_pcd_ex.o
LOAD ./Drivers/STM32G0xx_HAL_Driver/Src/stm32g0xx_hal_pwr.o
LOAD ./Drivers/STM32G0xx_HAL_Driver/Src/stm32g0xx_hal_pwr_ex.o
LOAD ./Drivers/STM32G0xx_HAL_Driver/Src/stm32g0xx_hal_rcc.o
LOAD ./Drivers/STM32G0xx_HAL_Driver/Src/stm32g0xx_hal_rcc_ex.o
LOAD ./Drivers/STM32G0xx_HAL_Driver/Src/stm32g0xx_hal_tim.o
LOAD ./Drivers/STM32G0xx_HAL_Driver/Src/stm32g0xx_hal_tim_ex.o
LOAD ./Drivers/STM32G0xx_HAL_Driver/Src/stm32g0xx_hal_uart.o
LOAD ./Drivers/STM32G0xx_HAL_Driver/Src/stm32g0xx_hal_uart_ex.o
LOAD ./Drivers/STM32G0xx_HAL_Driver/Src/stm32g0xx_ll_adc.o
LOAD ./Drivers/STM32G0xx_HAL_Driver/Src/stm32g0xx_ll_rcc.o
LOAD ./Drivers/STM32G0xx_HAL_Driver/Src/stm32g0xx_ll_usb.o
LOAD ./Middlewares/ST/STM32_USB_Device_Library/Class/CDC/Src/usbd_cdc.o
LOAD ./Middlewares/ST/STM32_USB_Device_Library/Core/Src/usbd_core.o
LOAD ./Middlewares/ST/STM32_USB_Device_Library/Core/Src/usbd_ctlreq.o
LOAD ./Middlewares/ST/STM32_USB_Device_Library/Core/Src/usbd_ioreq.o
LOAD ./USB_Device/App/usb_device.o
LOAD ./USB_Device/App/usbd_cdc_if.o
LOAD ./USB_Device/App/usbd_desc.o
LOAD ./USB_Device/Target/usbd_conf.o
START GROUP
LOAD C:/ST/STM32CubeIDE_1.16.1/STM32CubeIDE/plugins/com.st.stm32cube.ide.mcu.externaltools.gnu-tools-for-stm32.13.3.rel1.win32_1.0.0.202411081344/tools/bin/../lib/gcc/arm-none-eabi/13.3.1/../../../../arm-none-eabi/lib/thumb/v6-m/nofp\libc_nano.a
LOAD C:/ST/STM32CubeIDE_1.16.1/STM32CubeIDE/plugins/com.st.stm32cube.ide.mcu.externaltools.gnu-tools-for-stm32.13.3.rel1.win32_1.0.0.202411081344/tools/bin/../lib/gcc/arm-none-eabi/13.3.1/../../../../arm-none-eabi/lib/thumb/v6-m/nofp\libm.a
END GROUP
START GROUP
LOAD C:/ST/STM32CubeIDE_1.16.1/STM32CubeIDE/plugins/com.st.stm32cube.ide.mcu.externaltools.gnu-tools-for-stm32.13.3.rel1.win32_1.0.0.202411081344/tools/bin/../lib/gcc/arm-none-eabi/13.3.1/thumb/v6-m/nofp\libgcc.a
LOAD C:/ST/STM32CubeIDE_1.16.1/STM32CubeIDE/plugins/com.st.stm32cube.ide.mcu.externaltools.gnu-tools-for-stm32.13.3.rel1.win32_1.0.0.202411081344/tools/bin/../lib/gcc/arm-none-eabi/13.3.1/../../../../arm-none-eabi/lib/thumb/v6-m/nofp\libc_nano.a
END GROUP
START GROUP
LOAD C:/ST/STM32CubeIDE_1.16.1/STM32CubeIDE/plugins/com.st.stm32cube.ide.mcu.externaltools.gnu-tools-for-stm32.13.3.rel1.win32_1.0.0.202411081344/tools/bin/../lib/gcc/arm-none-eabi/13.3.1/thumb/v6-m/nofp\libgcc.a
LOAD C:/ST/STM32CubeIDE_1.16.1/STM32CubeIDE/plugins/com.st.stm32cube.ide.mcu.externaltools.gnu-tools-for-stm32.13.3.rel1.win32_1.0.0.202411081344/tools/bin/../lib/gcc/arm-none-eabi/13.3.1/../../../../arm-none-eabi/lib/thumb/v6-m/nofp\libc_nano.a
LOAD C:/ST/STM32CubeIDE_1.16.1/STM32CubeIDE/plugins/com.st.stm32cube.ide.mcu.externaltools.gnu-tools-for-stm32.13.3.rel1.win32_1.0.0.202411081344/tools/bin/../lib/gcc/arm-none-eabi/13.3.1/../../../../arm-none-eabi/lib/thumb/v6-m/nofp\libnosys.a
END GROUP
START GROUP
LOAD C:/ST/STM32CubeIDE_1.16.1/STM32CubeIDE/plugins/com.st.stm32cube.ide.mcu.externaltools.gnu-tools-for-stm32.13.3.rel1.win32_1.0.0.202411081344/tools/bin/../lib/gcc/arm-none-eabi/13.3.1/thumb/v6-m/nofp\libgcc.a
LOAD C:/ST/STM32CubeIDE_1.16.1/STM32CubeIDE/plugins/com.st.stm32cube.ide.mcu.externaltools.gnu-tools-for-stm32.13.3.rel1.win32_1.0.0.202411081344/tools/bin/../lib/gcc/arm-none-eabi/13.3.1/../../../../arm-none-eabi/lib/thumb/v6-m/nofp\libc_nano.a
LOAD C:/ST/STM32CubeIDE_1.16.1/STM32CubeIDE/plugins/com.st.stm32cube.ide.mcu.externaltools.gnu-tools-for-stm32.13.3.rel1.win32_1.0.0.202411081344/tools/bin/../lib/gcc/arm-none-eabi/13.3.1/../../../../arm-none-eabi/lib/thumb/v6-m/nofp\libnosys.a
END GROUP
LOAD C:/ST/STM32CubeIDE_1.16.1/STM32CubeIDE/plugins/com.st.stm32cube.ide.mcu.externaltools.gnu-tools-for-stm32.13.3.rel1.win32_1.0.0.202411081344/tools/bin/../lib/gcc/arm-none-eabi/13.3.1/thumb/v6-m/nofp/crtend.o
LOAD C:/ST/STM32CubeIDE_1.16.1/STM32CubeIDE/plugins/com.st.stm32cube.ide.mcu.externaltools.gnu-tools-for-stm32.13.3.rel1.win32_1.0.0.202411081344/tools/bin/../lib/gcc/arm-none-eabi/13.3.1/thumb/v6-m/nofp/crtn.o
                0x20024000                        _estack = (ORIGIN (RAM) + LENGTH (RAM))
                0x00000200                        _Min_Heap_Size = 0x200
                0x00000400                        _Min_Stack_Size = 0x400

.isr_vector     0x08000000       0xbc
                0x08000000                        . = ALIGN (0x4)
 *(.isr_vector)
 .isr_vector    0x08000000       0xbc ./Core/Startup/startup_stm32g0b1retx.o
                0x08000000                g_pfnVectors
                0x080000bc                        . = ALIGN (0x4)

.text           0x080000bc    0x16d08
                0x080000bc                        . = ALIGN (0x4)
 *(.text)
 .text          0x080000bc       0x48 C:/ST/STM32CubeIDE_1.16.1/STM32CubeIDE/plugins/com.st.stm32cube.ide.mcu.externaltools.gnu-tools-for-stm32.13.3.rel1.win32_1.0.0.202411081344/tools/bin/../lib/gcc/arm-none-eabi/13.3.1/thumb/v6-m/nofp/crtbegin.o
 .text          0x08000104        0xe C:/ST/STM32CubeIDE_1.16.1/STM32CubeIDE/plugins/com.st.stm32cube.ide.mcu.externaltools.gnu-tools-for-stm32.13.3.rel1.win32_1.0.0.202411081344/tools/bin/../lib/gcc/arm-none-eabi/13.3.1/../../../../arm-none-eabi/lib/thumb/v6-m/nofp\libc_nano.a(libc_a-strlen.o)
                0x08000104                strlen
 *fill*         0x08000112        0x2 
 .text          0x08000114       0x14 C:/ST/STM32CubeIDE_1.16.1/STM32CubeIDE/plugins/com.st.stm32cube.ide.mcu.externaltools.gnu-tools-for-stm32.13.3.rel1.win32_1.0.0.202411081344/tools/bin/../lib/gcc/arm-none-eabi/13.3.1/thumb/v6-m/nofp\libgcc.a(_thumb1_case_shi.o)
                0x08000114                __gnu_thumb1_case_shi
 .text          0x08000128      0x114 C:/ST/STM32CubeIDE_1.16.1/STM32CubeIDE/plugins/com.st.stm32cube.ide.mcu.externaltools.gnu-tools-for-stm32.13.3.rel1.win32_1.0.0.202411081344/tools/bin/../lib/gcc/arm-none-eabi/13.3.1/thumb/v6-m/nofp\libgcc.a(_udivsi3.o)
                0x08000128                __aeabi_uidiv
                0x08000128                __udivsi3
                0x08000234                __aeabi_uidivmod
 .text          0x0800023c      0x1d4 C:/ST/STM32CubeIDE_1.16.1/STM32CubeIDE/plugins/com.st.stm32cube.ide.mcu.externaltools.gnu-tools-for-stm32.13.3.rel1.win32_1.0.0.202411081344/tools/bin/../lib/gcc/arm-none-eabi/13.3.1/thumb/v6-m/nofp\libgcc.a(_divsi3.o)
                0x0800023c                __divsi3
                0x0800023c                __aeabi_idiv
                0x08000408                __aeabi_idivmod
 .text          0x08000410        0x4 C:/ST/STM32CubeIDE_1.16.1/STM32CubeIDE/plugins/com.st.stm32cube.ide.mcu.externaltools.gnu-tools-for-stm32.13.3.rel1.win32_1.0.0.202411081344/tools/bin/../lib/gcc/arm-none-eabi/13.3.1/thumb/v6-m/nofp\libgcc.a(_dvmd_tls.o)
                0x08000410                __aeabi_idiv0
                0x08000410                __aeabi_ldiv0
 .text          0x08000414       0x74 C:/ST/STM32CubeIDE_1.16.1/STM32CubeIDE/plugins/com.st.stm32cube.ide.mcu.externaltools.gnu-tools-for-stm32.13.3.rel1.win32_1.0.0.202411081344/tools/bin/../lib/gcc/arm-none-eabi/13.3.1/thumb/v6-m/nofp\libgcc.a(_arm_cmpsf2.o)
                0x08000414                __aeabi_cfrcmple
                0x0800041c                __aeabi_cfcmpeq
                0x0800041c                __aeabi_cfcmple
                0x0800042c                __aeabi_fcmpeq
                0x08000438                __aeabi_fcmplt
                0x0800044c                __aeabi_fcmple
                0x08000460                __aeabi_fcmpgt
                0x08000474                __aeabi_fcmpge
 .text          0x08000488       0x48 C:/ST/STM32CubeIDE_1.16.1/STM32CubeIDE/plugins/com.st.stm32cube.ide.mcu.externaltools.gnu-tools-for-stm32.13.3.rel1.win32_1.0.0.202411081344/tools/bin/../lib/gcc/arm-none-eabi/13.3.1/thumb/v6-m/nofp\libgcc.a(_aeabi_ldivmod.o)
                0x08000488                __aeabi_ldivmod
 .text          0x080004d0       0x40 C:/ST/STM32CubeIDE_1.16.1/STM32CubeIDE/plugins/com.st.stm32cube.ide.mcu.externaltools.gnu-tools-for-stm32.13.3.rel1.win32_1.0.0.202411081344/tools/bin/../lib/gcc/arm-none-eabi/13.3.1/thumb/v6-m/nofp\libgcc.a(_aeabi_uldivmod.o)
                0x080004d0                __aeabi_uldivmod
 .text          0x08000510       0x5c C:/ST/STM32CubeIDE_1.16.1/STM32CubeIDE/plugins/com.st.stm32cube.ide.mcu.externaltools.gnu-tools-for-stm32.13.3.rel1.win32_1.0.0.202411081344/tools/bin/../lib/gcc/arm-none-eabi/13.3.1/thumb/v6-m/nofp\libgcc.a(_muldi3.o)
                0x08000510                __muldi3
                0x08000510                __aeabi_lmul
 .text          0x0800056c      0x198 C:/ST/STM32CubeIDE_1.16.1/STM32CubeIDE/plugins/com.st.stm32cube.ide.mcu.externaltools.gnu-tools-for-stm32.13.3.rel1.win32_1.0.0.202411081344/tools/bin/../lib/gcc/arm-none-eabi/13.3.1/thumb/v6-m/nofp\libgcc.a(_udivmoddi4.o)
                0x0800056c                __udivmoddi4
 .text          0x08000704       0x3c C:/ST/STM32CubeIDE_1.16.1/STM32CubeIDE/plugins/com.st.stm32cube.ide.mcu.externaltools.gnu-tools-for-stm32.13.3.rel1.win32_1.0.0.202411081344/tools/bin/../lib/gcc/arm-none-eabi/13.3.1/thumb/v6-m/nofp\libgcc.a(bpabi.o)
                0x08000704                __gnu_ldivmod_helper
 .text          0x08000740      0x3e4 C:/ST/STM32CubeIDE_1.16.1/STM32CubeIDE/plugins/com.st.stm32cube.ide.mcu.externaltools.gnu-tools-for-stm32.13.3.rel1.win32_1.0.0.202411081344/tools/bin/../lib/gcc/arm-none-eabi/13.3.1/thumb/v6-m/nofp\libgcc.a(addsf3.o)
                0x08000740                __aeabi_fadd
 .text          0x08000b24      0x22c C:/ST/STM32CubeIDE_1.16.1/STM32CubeIDE/plugins/com.st.stm32cube.ide.mcu.externaltools.gnu-tools-for-stm32.13.3.rel1.win32_1.0.0.202411081344/tools/bin/../lib/gcc/arm-none-eabi/13.3.1/thumb/v6-m/nofp\libgcc.a(divsf3.o)
                0x08000b24                __aeabi_fdiv
 .text          0x08000d50       0x50 C:/ST/STM32CubeIDE_1.16.1/STM32CubeIDE/plugins/com.st.stm32cube.ide.mcu.externaltools.gnu-tools-for-stm32.13.3.rel1.win32_1.0.0.202411081344/tools/bin/../lib/gcc/arm-none-eabi/13.3.1/thumb/v6-m/nofp\libgcc.a(eqsf2.o)
                0x08000d50                __eqsf2
                0x08000d50                __nesf2
 .text          0x08000da0       0x90 C:/ST/STM32CubeIDE_1.16.1/STM32CubeIDE/plugins/com.st.stm32cube.ide.mcu.externaltools.gnu-tools-for-stm32.13.3.rel1.win32_1.0.0.202411081344/tools/bin/../lib/gcc/arm-none-eabi/13.3.1/thumb/v6-m/nofp\libgcc.a(gesf2.o)
                0x08000da0                __gesf2
                0x08000da0                __gtsf2
 .text          0x08000e30       0x90 C:/ST/STM32CubeIDE_1.16.1/STM32CubeIDE/plugins/com.st.stm32cube.ide.mcu.externaltools.gnu-tools-for-stm32.13.3.rel1.win32_1.0.0.202411081344/tools/bin/../lib/gcc/arm-none-eabi/13.3.1/thumb/v6-m/nofp\libgcc.a(lesf2.o)
                0x08000e30                __ltsf2
                0x08000e30                __lesf2
 .text          0x08000ec0      0x2b4 C:/ST/STM32CubeIDE_1.16.1/STM32CubeIDE/plugins/com.st.stm32cube.ide.mcu.externaltools.gnu-tools-for-stm32.13.3.rel1.win32_1.0.0.202411081344/tools/bin/../lib/gcc/arm-none-eabi/13.3.1/thumb/v6-m/nofp\libgcc.a(mulsf3.o)
                0x08000ec0                __aeabi_fmul
 .text          0x08001174      0x4c8 C:/ST/STM32CubeIDE_1.16.1/STM32CubeIDE/plugins/com.st.stm32cube.ide.mcu.externaltools.gnu-tools-for-stm32.13.3.rel1.win32_1.0.0.202411081344/tools/bin/../lib/gcc/arm-none-eabi/13.3.1/thumb/v6-m/nofp\libgcc.a(subsf3.o)
                0x08001174                __aeabi_fsub
 .text          0x0800163c       0x2c C:/ST/STM32CubeIDE_1.16.1/STM32CubeIDE/plugins/com.st.stm32cube.ide.mcu.externaltools.gnu-tools-for-stm32.13.3.rel1.win32_1.0.0.202411081344/tools/bin/../lib/gcc/arm-none-eabi/13.3.1/thumb/v6-m/nofp\libgcc.a(unordsf2.o)
                0x0800163c                __aeabi_fcmpun
 .text          0x08001668       0x40 C:/ST/STM32CubeIDE_1.16.1/STM32CubeIDE/plugins/com.st.stm32cube.ide.mcu.externaltools.gnu-tools-for-stm32.13.3.rel1.win32_1.0.0.202411081344/tools/bin/../lib/gcc/arm-none-eabi/13.3.1/thumb/v6-m/nofp\libgcc.a(fixsfsi.o)
                0x08001668                __aeabi_f2iz
 .text          0x080016a8       0xa0 C:/ST/STM32CubeIDE_1.16.1/STM32CubeIDE/plugins/com.st.stm32cube.ide.mcu.externaltools.gnu-tools-for-stm32.13.3.rel1.win32_1.0.0.202411081344/tools/bin/../lib/gcc/arm-none-eabi/13.3.1/thumb/v6-m/nofp\libgcc.a(floatsisf.o)
                0x080016a8                __aeabi_i2f
 .text          0x08001748      0x5cc C:/ST/STM32CubeIDE_1.16.1/STM32CubeIDE/plugins/com.st.stm32cube.ide.mcu.externaltools.gnu-tools-for-stm32.13.3.rel1.win32_1.0.0.202411081344/tools/bin/../lib/gcc/arm-none-eabi/13.3.1/thumb/v6-m/nofp\libgcc.a(muldf3.o)
                0x08001748                __aeabi_dmul
 .text          0x08001d14       0x5c C:/ST/STM32CubeIDE_1.16.1/STM32CubeIDE/plugins/com.st.stm32cube.ide.mcu.externaltools.gnu-tools-for-stm32.13.3.rel1.win32_1.0.0.202411081344/tools/bin/../lib/gcc/arm-none-eabi/13.3.1/thumb/v6-m/nofp\libgcc.a(floatsidf.o)
                0x08001d14                __aeabi_i2d
 .text          0x08001d70       0x3c C:/ST/STM32CubeIDE_1.16.1/STM32CubeIDE/plugins/com.st.stm32cube.ide.mcu.externaltools.gnu-tools-for-stm32.13.3.rel1.win32_1.0.0.202411081344/tools/bin/../lib/gcc/arm-none-eabi/13.3.1/thumb/v6-m/nofp\libgcc.a(_clzsi2.o)
                0x08001d70                __clzsi2
 .text          0x08001dac       0x18 C:/ST/STM32CubeIDE_1.16.1/STM32CubeIDE/plugins/com.st.stm32cube.ide.mcu.externaltools.gnu-tools-for-stm32.13.3.rel1.win32_1.0.0.202411081344/tools/bin/../lib/gcc/arm-none-eabi/13.3.1/thumb/v6-m/nofp\libgcc.a(_clzdi2.o)
                0x08001dac                __clzdi2
 .text          0x08001dc4      0x1d8 C:/ST/STM32CubeIDE_1.16.1/STM32CubeIDE/plugins/com.st.stm32cube.ide.mcu.externaltools.gnu-tools-for-stm32.13.3.rel1.win32_1.0.0.202411081344/tools/bin/../lib/gcc/arm-none-eabi/13.3.1/thumb/v6-m/nofp\libgcc.a(_divdi3.o)
                0x08001dc4                __divdi3
 *(.text*)
 .text.digital_write
                0x08001f9c       0x32 ./Core/Src/application.o
 .text.digital_read
                0x08001fce       0x2e ./Core/Src/application.o
 .text.application_cell_count_mask
                0x08001ffc       0x40 ./Core/Src/application.o
 .text.application_slave_balance_flags
                0x0800203c       0x64 ./Core/Src/application.o
 .text.application_update_slave_clean_cache
                0x080020a0      0x114 ./Core/Src/application.o
 .text.application_slave_take_clean_read
                0x080021b4       0x64 ./Core/Src/application.o
 .text.application_slave_schedule_can2_snapshot
                0x08002218       0x88 ./Core/Src/application.o
 .text.application_slave_flush_can2
                0x080022a0       0xdc ./Core/Src/application.o
 .text.application_master_queue_balance_command
                0x0800237c       0x70 ./Core/Src/application.o
 .text.application_master_flush_balance_commands
                0x080023ec       0xa0 ./Core/Src/application.o
 .text.application_cache_can2_balance_status
                0x0800248c      0x11c ./Core/Src/application.o
 .text.application_slave_handle_balance_command
                0x080025a8      0x11c ./Core/Src/application.o
 .text.application_slave_service_balance
                0x080026c4      0x28c ./Core/Src/application.o
 .text.application_master_service_balance
                0x08002950      0x524 ./Core/Src/application.o
 .text.application_cache_can2_cell_frame
                0x08002e74      0x11c ./Core/Src/application.o
 .text.application_append_remote_cell_line
                0x08002f90      0x228 ./Core/Src/application.o
 .text.application_has_local_bq79616
                0x080031b8       0x16 ./Core/Src/application.o
 *fill*         0x080031ce        0x2 
 .text.application_setup
                0x080031d0      0x2ac ./Core/Src/application.o
                0x080031d0                application_setup
 .text.application_loop
                0x0800347c     0x11d0 ./Core/Src/application.o
                0x0800347c                application_loop
 .text.pd9_sample_10ms
                0x0800464c       0x84 ./Core/Src/application.o
 .text.pd8_sample_10ms
                0x080046d0       0x84 ./Core/Src/application.o
 .text.HAL_TIM_PeriodElapsedCallback
                0x08004754       0x90 ./Core/Src/application.o
                0x08004754                HAL_TIM_PeriodElapsedCallback
 .text.digital_write
                0x080047e4       0x32 ./Core/Src/board.o
 .text.digital_read
                0x08004816       0x2e ./Core/Src/board.o
 .text.uart1_dma_wait
                0x08004844       0x1c ./Core/Src/board.o
                0x08004844                uart1_dma_wait
 .text.uart1_dma_send
                0x08004860       0x6c ./Core/Src/board.o
                0x08004860                uart1_dma_send
 .text.uart1_dma_buf
                0x080048cc       0x14 ./Core/Src/board.o
                0x080048cc                uart1_dma_buf
 .text.uart1_dma_send_buf
                0x080048e0       0x58 ./Core/Src/board.o
                0x080048e0                uart1_dma_send_buf
 .text.board_dbg
                0x08004938       0x34 ./Core/Src/board.o
 .text.board_jumper_bit
                0x0800496c       0x2a ./Core/Src/board.o
 *fill*         0x08004996        0x2 
 .text.board_refresh_identity_from_jumpers
                0x08004998      0x12c ./Core/Src/board.o
                0x08004998                board_refresh_identity_from_jumpers
 .text.board_get_address
                0x08004ac4       0x14 ./Core/Src/board.o
                0x08004ac4                board_get_address
 .text.board_get_num_expected_slaves
                0x08004ad8       0x14 ./Core/Src/board.o
                0x08004ad8                board_get_num_expected_slaves
 .text.board_get_active_cell_count
                0x08004aec       0x14 ./Core/Src/board.o
                0x08004aec                board_get_active_cell_count
 .text.board_get_bal_floor_mv
                0x08004b00       0x14 ./Core/Src/board.o
                0x08004b00                board_get_bal_floor_mv
 .text.board_load_runtime_config_from_jumpers
                0x08004b14      0x164 ./Core/Src/board.o
                0x08004b14                board_load_runtime_config_from_jumpers
 .text.board_load_runtime_defaults
                0x08004c78       0x28 ./Core/Src/board.o
                0x08004c78                board_load_runtime_defaults
 .text.board_setup_from_config_jumpers
                0x08004ca0      0x474 ./Core/Src/board.o
                0x08004ca0                board_setup_from_config_jumpers
 .text.board_set_defaults
                0x08005114      0x1a4 ./Core/Src/board.o
                0x08005114                board_set_defaults
 .text.contactor_check_fault
                0x080052b8       0x78 ./Core/Src/board.o
 .text.contactor_all_off
                0x08005330       0x80 ./Core/Src/board.o
 .text.board_contactor_startup
                0x080053b0      0x35c ./Core/Src/board.o
                0x080053b0                board_contactor_startup
 .text.board_contactor_shutdown
                0x0800570c       0xd0 ./Core/Src/board.o
                0x0800570c                board_contactor_shutdown
 .text.board_set_ov_warn_thresh
                0x080057dc       0x3c ./Core/Src/board.o
                0x080057dc                board_set_ov_warn_thresh
 .text.board_set_bal_warn_thresh
                0x08005818       0x3c ./Core/Src/board.o
                0x08005818                board_set_bal_warn_thresh
 .text.board_set_uv_warn_thresh
                0x08005854       0x3c ./Core/Src/board.o
                0x08005854                board_set_uv_warn_thresh
 .text.board_check_voltage_warnings
                0x08005890      0x144 ./Core/Src/board.o
                0x08005890                board_check_voltage_warnings
 .text.board_get_iso_line
                0x080059d4       0x10 ./Core/Src/board.o
                0x080059d4                board_get_iso_line
 .text.board_get_bal_temp_line
                0x080059e4       0x10 ./Core/Src/board.o
                0x080059e4                board_get_bal_temp_line
 .text.board_get_batt_temp_line
                0x080059f4       0x10 ./Core/Src/board.o
                0x080059f4                board_get_batt_temp_line
 .text.board_measure_insulation
                0x08005a04      0x954 ./Core/Src/board.o
                0x08005a04                board_measure_insulation
 .text.ntc_adc_to_temp_c
                0x08006358      0x11c ./Core/Src/board.o
 .text.board_get_balance_temp
                0x08006474       0xac ./Core/Src/board.o
                0x08006474                board_get_balance_temp
 .text.board_get_battery_temps
                0x08006520      0x18c ./Core/Src/board.o
                0x08006520                board_get_battery_temps
 .text.board_can_init_bus
                0x080066ac       0xe4 ./Core/Src/board.o
 .text.board_can2_init_bus
                0x08006790      0x130 ./Core/Src/board.o
 .text.board_can_tx_standard_frame
                0x080068c0       0x62 ./Core/Src/board.o
 .text.board_can_tx_heartbeat_bus
                0x08006922       0xc8 ./Core/Src/board.o
 .text.board_can_rx_message_bus
                0x080069ea       0x6c ./Core/Src/board.o
 .text.board_can_rx_heartbeat_bus
                0x08006a56       0x5a ./Core/Src/board.o
 .text.board_can_init
                0x08006ab0       0x20 ./Core/Src/board.o
                0x08006ab0                board_can_init
 .text.board_can2_init
                0x08006ad0       0x10 ./Core/Src/board.o
                0x08006ad0                board_can2_init
 .text.board_can_tx_heartbeat
                0x08006ae0       0x44 ./Core/Src/board.o
                0x08006ae0                board_can_tx_heartbeat
 .text.board_can2_tx_heartbeat
                0x08006b24       0x44 ./Core/Src/board.o
                0x08006b24                board_can2_tx_heartbeat
 .text.board_can2_tx_has_free_slot
                0x08006b68       0x20 ./Core/Src/board.o
                0x08006b68                board_can2_tx_has_free_slot
 .text.board_can2_tx_cell_voltage_frame
                0x08006b88       0xfc ./Core/Src/board.o
                0x08006b88                board_can2_tx_cell_voltage_frame
 .text.board_can2_tx_balance_status
                0x08006c84       0xb0 ./Core/Src/board.o
                0x08006c84                board_can2_tx_balance_status
 .text.board_can2_tx_balance_command
                0x08006d34       0x98 ./Core/Src/board.o
                0x08006d34                board_can2_tx_balance_command
 .text.board_can_rx_heartbeat
                0x08006dcc       0x24 ./Core/Src/board.o
                0x08006dcc                board_can_rx_heartbeat
 .text.board_can2_rx_message
                0x08006df0       0x24 ./Core/Src/board.o
                0x08006df0                board_can2_rx_message
 .text.dbg      0x08006e14       0x3c ./Core/Src/bq79616.o
 .text.dbg_hex  0x08006e50       0x38 ./Core/Src/bq79616.o
 .text.dbg_frame
                0x08006e88       0xa4 ./Core/Src/bq79616.o
 .text.bq79616_crc16
                0x08006f2c       0xb4 ./Core/Src/bq79616.o
 .text.bq79616_flush_rx
                0x08006fe0       0x2c ./Core/Src/bq79616.o
 .text.bq79616_wake_ping
                0x0800700c       0xcc ./Core/Src/bq79616.o
 .text.bq79616_single_read
                0x080070d8      0x13c ./Core/Src/bq79616.o
 .text.bq79616_single_write
                0x08007214       0xc4 ./Core/Src/bq79616.o
 .text.bq79616_broadcast_write
                0x080072d8       0xa8 ./Core/Src/bq79616.o
 .text.bq79616_update_otp_crc
                0x08007380       0xc8 ./Core/Src/bq79616.o
 .text.bq79616_gpio_conf_reg
                0x08007448       0x42 ./Core/Src/bq79616.o
 *fill*         0x0800748a        0x2 
 .text.bq79616_init
                0x0800748c      0x2c4 ./Core/Src/bq79616.o
                0x0800748c                bq79616_init
 .text.decode_bits
                0x08007750       0x94 ./Core/Src/bq79616.o
 .text.decode_cell_faults
                0x080077e4       0xc8 ./Core/Src/bq79616.o
 .text.decode_gpio_faults
                0x080078ac       0x70 ./Core/Src/bq79616.o
 .text.bq79616_get_status
                0x0800791c      0x68c ./Core/Src/bq79616.o
                0x0800791c                bq79616_get_status
 .text.bq79616_pin_mode
                0x08007fa8      0x16c ./Core/Src/bq79616.o
                0x08007fa8                bq79616_pin_mode
 .text.bq79616_tsref_enable
                0x08008114      0x11c ./Core/Src/bq79616.o
                0x08008114                bq79616_tsref_enable
 .text.bq79616_adc_start
                0x08008230       0x60 ./Core/Src/bq79616.o
                0x08008230                bq79616_adc_start
 .text.bq79616_analog_read
                0x08008290      0x144 ./Core/Src/bq79616.o
                0x08008290                bq79616_analog_read
 .text.bq79616_set_adc_offset
                0x080083d4      0x260 ./Core/Src/bq79616.o
                0x080083d4                bq79616_set_adc_offset
 .text.bq79616_set_active_cells
                0x08008634      0x124 ./Core/Src/bq79616.o
                0x08008634                bq79616_set_active_cells
 .text.bq79616_read_cell_voltages
                0x08008758      0x244 ./Core/Src/bq79616.o
                0x08008758                bq79616_read_cell_voltages
 .text.bq79616_set_ov_thresh
                0x0800899c      0x1e4 ./Core/Src/bq79616.o
                0x0800899c                bq79616_set_ov_thresh
 .text.bq79616_set_uv_thresh
                0x08008b80      0x16c ./Core/Src/bq79616.o
                0x08008b80                bq79616_set_uv_thresh
 .text.bq79616_balance_apply_mask
                0x08008cec      0x128 ./Core/Src/bq79616.o
                0x08008cec                bq79616_balance_apply_mask
 .text.bq79616_balance_prepare_manual
                0x08008e14       0xb0 ./Core/Src/bq79616.o
                0x08008e14                bq79616_balance_prepare_manual
 .text.bq79616_balance_stop
                0x08008ec4       0xc4 ./Core/Src/bq79616.o
                0x08008ec4                bq79616_balance_stop
 .text.bq79616_get_fault_line
                0x08008f88       0x10 ./Core/Src/bq79616.o
                0x08008f88                bq79616_get_fault_line
 .text.main     0x08008f98       0x4a ./Core/Src/main.o
                0x08008f98                main
 .text.SystemClock_Config
                0x08008fe2       0xbc ./Core/Src/main.o
                0x08008fe2                SystemClock_Config
 *fill*         0x0800909e        0x2 
 .text.MX_ADC1_Init
                0x080090a0      0x128 ./Core/Src/main.o
 .text.MX_FDCAN1_Init
                0x080091c8       0x90 ./Core/Src/main.o
 .text.MX_FDCAN2_Init
                0x08009258       0x90 ./Core/Src/main.o
 .text.MX_TIM2_Init
                0x080092e8       0xac ./Core/Src/main.o
 .text.MX_TIM3_Init
                0x08009394       0xac ./Core/Src/main.o
 .text.MX_USART1_UART_Init
                0x08009440       0x9c ./Core/Src/main.o
 .text.MX_USART6_UART_Init
                0x080094dc       0x68 ./Core/Src/main.o
 .text.MX_DMA_Init
                0x08009544       0x3c ./Core/Src/main.o
 .text.MX_GPIO_Init
                0x08009580      0x2a8 ./Core/Src/main.o
 .text.Error_Handler
                0x08009828        0xc ./Core/Src/main.o
                0x08009828                Error_Handler
 .text.HAL_MspInit
                0x08009834       0x50 ./Core/Src/stm32g0xx_hal_msp.o
                0x08009834                HAL_MspInit
 .text.HAL_ADC_MspInit
                0x08009884       0xc4 ./Core/Src/stm32g0xx_hal_msp.o
                0x08009884                HAL_ADC_MspInit
 .text.HAL_FDCAN_MspInit
                0x08009948      0x188 ./Core/Src/stm32g0xx_hal_msp.o
                0x08009948                HAL_FDCAN_MspInit
 .text.HAL_TIM_Base_MspInit
                0x08009ad0       0x80 ./Core/Src/stm32g0xx_hal_msp.o
                0x08009ad0                HAL_TIM_Base_MspInit
 .text.HAL_UART_MspInit
                0x08009b50      0x1a0 ./Core/Src/stm32g0xx_hal_msp.o
                0x08009b50                HAL_UART_MspInit
 .text.HAL_UART_MspDeInit
                0x08009cf0       0x80 ./Core/Src/stm32g0xx_hal_msp.o
                0x08009cf0                HAL_UART_MspDeInit
 .text.NMI_Handler
                0x08009d70        0xc ./Core/Src/stm32g0xx_it.o
                0x08009d70                NMI_Handler
 .text.HardFault_Handler
                0x08009d7c        0x8 ./Core/Src/stm32g0xx_it.o
                0x08009d7c                HardFault_Handler
 .text.SVC_Handler
                0x08009d84        0xa ./Core/Src/stm32g0xx_it.o
                0x08009d84                SVC_Handler
 .text.PendSV_Handler
                0x08009d8e        0xa ./Core/Src/stm32g0xx_it.o
                0x08009d8e                PendSV_Handler
 .text.SysTick_Handler
                0x08009d98        0xe ./Core/Src/stm32g0xx_it.o
                0x08009d98                SysTick_Handler
 *fill*         0x08009da6        0x2 
 .text.USB_UCPD1_2_IRQHandler
                0x08009da8       0x18 ./Core/Src/stm32g0xx_it.o
                0x08009da8                USB_UCPD1_2_IRQHandler
 .text.DMA1_Channel1_IRQHandler
                0x08009dc0       0x18 ./Core/Src/stm32g0xx_it.o
                0x08009dc0                DMA1_Channel1_IRQHandler
 .text.TIM2_IRQHandler
                0x08009dd8       0x18 ./Core/Src/stm32g0xx_it.o
                0x08009dd8                TIM2_IRQHandler
 .text.TIM3_TIM4_IRQHandler
                0x08009df0       0x18 ./Core/Src/stm32g0xx_it.o
                0x08009df0                TIM3_TIM4_IRQHandler
 .text.USART1_IRQHandler
                0x08009e08       0x18 ./Core/Src/stm32g0xx_it.o
                0x08009e08                USART1_IRQHandler
 .text._sbrk    0x08009e20       0x6c ./Core/Src/sysmem.o
                0x08009e20                _sbrk
 .text.SystemInit
                0x08009e8c        0xa ./Core/Src/system_stm32g0xx.o
                0x08009e8c                SystemInit
 *fill*         0x08009e96        0x2 
 .text.Reset_Handler
                0x08009e98       0x50 ./Core/Startup/startup_stm32g0b1retx.o
                0x08009e98                Reset_Handler
 .text.Default_Handler
                0x08009ee8        0x2 ./Core/Startup/startup_stm32g0b1retx.o
                0x08009ee8                I2C2_3_IRQHandler
                0x08009ee8                USART3_4_5_6_LPUART1_IRQHandler
                0x08009ee8                TIM1_CC_IRQHandler
                0x08009ee8                ADC1_COMP_IRQHandler
                0x08009ee8                I2C1_IRQHandler
                0x08009ee8                TIM7_LPTIM2_IRQHandler
                0x08009ee8                TIM17_FDCAN_IT1_IRQHandler
                0x08009ee8                DMA1_Ch4_7_DMA2_Ch1_5_DMAMUX1_OVR_IRQHandler
                0x08009ee8                RCC_CRS_IRQHandler
                0x08009ee8                RTC_TAMP_IRQHandler
                0x08009ee8                SPI1_IRQHandler
                0x08009ee8                EXTI2_3_IRQHandler
                0x08009ee8                USART2_LPUART2_IRQHandler
                0x08009ee8                PVD_VDDIO2_IRQHandler
                0x08009ee8                EXTI4_15_IRQHandler
                0x08009ee8                Default_Handler
                0x08009ee8                CEC_IRQHandler
                0x08009ee8                TIM14_IRQHandler
                0x08009ee8                TIM15_IRQHandler
                0x08009ee8                EXTI0_1_IRQHandler
                0x08009ee8                SPI2_3_IRQHandler
                0x08009ee8                TIM6_DAC_LPTIM1_IRQHandler
                0x08009ee8                WWDG_IRQHandler
                0x08009ee8                DMA1_Channel2_3_IRQHandler
                0x08009ee8                FLASH_IRQHandler
                0x08009ee8                TIM16_FDCAN_IT0_IRQHandler
                0x08009ee8                TIM1_BRK_UP_TRG_COM_IRQHandler
 *fill*         0x08009eea        0x2 
 .text.HAL_Init
                0x08009eec       0x40 ./Drivers/STM32G0xx_HAL_Driver/Src/stm32g0xx_hal.o
                0x08009eec                HAL_Init
 .text.HAL_InitTick
                0x08009f2c       0x94 ./Drivers/STM32G0xx_HAL_Driver/Src/stm32g0xx_hal.o
                0x08009f2c                HAL_InitTick
 .text.HAL_IncTick
                0x08009fc0       0x24 ./Drivers/STM32G0xx_HAL_Driver/Src/stm32g0xx_hal.o
                0x08009fc0                HAL_IncTick
 .text.HAL_GetTick
                0x08009fe4       0x14 ./Drivers/STM32G0xx_HAL_Driver/Src/stm32g0xx_hal.o
                0x08009fe4                HAL_GetTick
 .text.HAL_Delay
                0x08009ff8       0x48 ./Drivers/STM32G0xx_HAL_Driver/Src/stm32g0xx_hal.o
                0x08009ff8                HAL_Delay
 .text.HAL_SYSCFG_StrobeDBattpinsConfig
                0x0800a040       0x2c ./Drivers/STM32G0xx_HAL_Driver/Src/stm32g0xx_hal.o
                0x0800a040                HAL_SYSCFG_StrobeDBattpinsConfig
 .text.LL_ADC_SetCommonPathInternalCh
                0x0800a06c       0x28 ./Drivers/STM32G0xx_HAL_Driver/Src/stm32g0xx_hal_adc.o
 .text.LL_ADC_GetCommonPathInternalCh
                0x0800a094       0x1a ./Drivers/STM32G0xx_HAL_Driver/Src/stm32g0xx_hal_adc.o
 .text.LL_ADC_SetSamplingTimeCommonChannels
                0x0800a0ae       0x3a ./Drivers/STM32G0xx_HAL_Driver/Src/stm32g0xx_hal_adc.o
 .text.LL_ADC_GetSamplingTimeCommonChannels
                0x0800a0e8       0x2e ./Drivers/STM32G0xx_HAL_Driver/Src/stm32g0xx_hal_adc.o
 .text.LL_ADC_REG_SetSequencerRanks
                0x0800a116       0x40 ./Drivers/STM32G0xx_HAL_Driver/Src/stm32g0xx_hal_adc.o
 .text.LL_ADC_REG_SetSequencerChAdd
                0x0800a156       0x22 ./Drivers/STM32G0xx_HAL_Driver/Src/stm32g0xx_hal_adc.o
 .text.LL_ADC_REG_SetSequencerChRem
                0x0800a178       0x24 ./Drivers/STM32G0xx_HAL_Driver/Src/stm32g0xx_hal_adc.o
 .text.LL_ADC_SetChannelSamplingTime
                0x0800a19c       0x38 ./Drivers/STM32G0xx_HAL_Driver/Src/stm32g0xx_hal_adc.o
 .text.LL_ADC_EnableInternalRegulator
                0x0800a1d4       0x28 ./Drivers/STM32G0xx_HAL_Driver/Src/stm32g0xx_hal_adc.o
 .text.LL_ADC_IsInternalRegulatorEnabled
                0x0800a1fc       0x28 ./Drivers/STM32G0xx_HAL_Driver/Src/stm32g0xx_hal_adc.o
 .text.LL_ADC_IsEnabled
                0x0800a224       0x22 ./Drivers/STM32G0xx_HAL_Driver/Src/stm32g0xx_hal_adc.o
 .text.LL_ADC_REG_IsConversionOngoing
                0x0800a246       0x22 ./Drivers/STM32G0xx_HAL_Driver/Src/stm32g0xx_hal_adc.o
 .text.HAL_ADC_Init
                0x0800a268      0x350 ./Drivers/STM32G0xx_HAL_Driver/Src/stm32g0xx_hal_adc.o
                0x0800a268                HAL_ADC_Init
 .text.HAL_ADC_ConfigChannel
                0x0800a5b8      0x3b0 ./Drivers/STM32G0xx_HAL_Driver/Src/stm32g0xx_hal_adc.o
                0x0800a5b8                HAL_ADC_ConfigChannel
 .text.__NVIC_EnableIRQ
                0x0800a968       0x34 ./Drivers/STM32G0xx_HAL_Driver/Src/stm32g0xx_hal_cortex.o
 .text.__NVIC_DisableIRQ
                0x0800a99c       0x44 ./Drivers/STM32G0xx_HAL_Driver/Src/stm32g0xx_hal_cortex.o
 .text.__NVIC_SetPriority
                0x0800a9e0       0xdc ./Drivers/STM32G0xx_HAL_Driver/Src/stm32g0xx_hal_cortex.o
 .text.SysTick_Config
                0x0800aabc       0x48 ./Drivers/STM32G0xx_HAL_Driver/Src/stm32g0xx_hal_cortex.o
 .text.HAL_NVIC_SetPriority
                0x0800ab04       0x2a ./Drivers/STM32G0xx_HAL_Driver/Src/stm32g0xx_hal_cortex.o
                0x0800ab04                HAL_NVIC_SetPriority
 .text.HAL_NVIC_EnableIRQ
                0x0800ab2e       0x20 ./Drivers/STM32G0xx_HAL_Driver/Src/stm32g0xx_hal_cortex.o
                0x0800ab2e                HAL_NVIC_EnableIRQ
 .text.HAL_NVIC_DisableIRQ
                0x0800ab4e       0x20 ./Drivers/STM32G0xx_HAL_Driver/Src/stm32g0xx_hal_cortex.o
                0x0800ab4e                HAL_NVIC_DisableIRQ
 .text.HAL_SYSTICK_Config
                0x0800ab6e       0x1a ./Drivers/STM32G0xx_HAL_Driver/Src/stm32g0xx_hal_cortex.o
                0x0800ab6e                HAL_SYSTICK_Config
 .text.HAL_DMA_Init
                0x0800ab88      0x158 ./Drivers/STM32G0xx_HAL_Driver/Src/stm32g0xx_hal_dma.o
                0x0800ab88                HAL_DMA_Init
 .text.HAL_DMA_DeInit
                0x0800ace0      0x130 ./Drivers/STM32G0xx_HAL_Driver/Src/stm32g0xx_hal_dma.o
                0x0800ace0                HAL_DMA_DeInit
 .text.HAL_DMA_Start_IT
                0x0800ae10      0x10c ./Drivers/STM32G0xx_HAL_Driver/Src/stm32g0xx_hal_dma.o
                0x0800ae10                HAL_DMA_Start_IT
 .text.HAL_DMA_Abort
                0x0800af1c       0xc0 ./Drivers/STM32G0xx_HAL_Driver/Src/stm32g0xx_hal_dma.o
                0x0800af1c                HAL_DMA_Abort
 .text.HAL_DMA_Abort_IT
                0x0800afdc       0xd0 ./Drivers/STM32G0xx_HAL_Driver/Src/stm32g0xx_hal_dma.o
                0x0800afdc                HAL_DMA_Abort_IT
 .text.HAL_DMA_IRQHandler
                0x0800b0ac      0x188 ./Drivers/STM32G0xx_HAL_Driver/Src/stm32g0xx_hal_dma.o
                0x0800b0ac                HAL_DMA_IRQHandler
 .text.DMA_SetConfig
                0x0800b234       0x78 ./Drivers/STM32G0xx_HAL_Driver/Src/stm32g0xx_hal_dma.o
 .text.DMA_CalcDMAMUXChannelBaseAndMask
                0x0800b2ac       0x94 ./Drivers/STM32G0xx_HAL_Driver/Src/stm32g0xx_hal_dma.o
 .text.DMA_CalcDMAMUXRequestGenBaseAndMask
                0x0800b340       0x48 ./Drivers/STM32G0xx_HAL_Driver/Src/stm32g0xx_hal_dma.o
 .text.HAL_FDCAN_Init
                0x0800b388      0x2cc ./Drivers/STM32G0xx_HAL_Driver/Src/stm32g0xx_hal_fdcan.o
                0x0800b388                HAL_FDCAN_Init
 .text.HAL_FDCAN_ConfigFilter
                0x0800b654       0xba ./Drivers/STM32G0xx_HAL_Driver/Src/stm32g0xx_hal_fdcan.o
                0x0800b654                HAL_FDCAN_ConfigFilter
 .text.HAL_FDCAN_ConfigGlobalFilter
                0x0800b70e       0x60 ./Drivers/STM32G0xx_HAL_Driver/Src/stm32g0xx_hal_fdcan.o
                0x0800b70e                HAL_FDCAN_ConfigGlobalFilter
 .text.HAL_FDCAN_Start
                0x0800b76e       0x4c ./Drivers/STM32G0xx_HAL_Driver/Src/stm32g0xx_hal_fdcan.o
                0x0800b76e                HAL_FDCAN_Start
 .text.HAL_FDCAN_AddMessageToTxFifoQ
                0x0800b7ba       0x8a ./Drivers/STM32G0xx_HAL_Driver/Src/stm32g0xx_hal_fdcan.o
                0x0800b7ba                HAL_FDCAN_AddMessageToTxFifoQ
 .text.HAL_FDCAN_GetRxMessage
                0x0800b844      0x22c ./Drivers/STM32G0xx_HAL_Driver/Src/stm32g0xx_hal_fdcan.o
                0x0800b844                HAL_FDCAN_GetRxMessage
 .text.HAL_FDCAN_GetRxFifoFillLevel
                0x0800ba70       0x38 ./Drivers/STM32G0xx_HAL_Driver/Src/stm32g0xx_hal_fdcan.o
                0x0800ba70                HAL_FDCAN_GetRxFifoFillLevel
 .text.HAL_FDCAN_GetTxFifoFreeLevel
                0x0800baa8       0x20 ./Drivers/STM32G0xx_HAL_Driver/Src/stm32g0xx_hal_fdcan.o
                0x0800baa8                HAL_FDCAN_GetTxFifoFreeLevel
 .text.FDCAN_CalcultateRamBlockAddresses
                0x0800bac8       0xd8 ./Drivers/STM32G0xx_HAL_Driver/Src/stm32g0xx_hal_fdcan.o
 .text.FDCAN_CopyMessageToRAM
                0x0800bba0       0xf8 ./Drivers/STM32G0xx_HAL_Driver/Src/stm32g0xx_hal_fdcan.o
 .text.HAL_GPIO_Init
                0x0800bc98      0x2d8 ./Drivers/STM32G0xx_HAL_Driver/Src/stm32g0xx_hal_gpio.o
                0x0800bc98                HAL_GPIO_Init
 .text.HAL_GPIO_DeInit
                0x0800bf70      0x1b0 ./Drivers/STM32G0xx_HAL_Driver/Src/stm32g0xx_hal_gpio.o
                0x0800bf70                HAL_GPIO_DeInit
 .text.HAL_GPIO_ReadPin
                0x0800c120       0x3a ./Drivers/STM32G0xx_HAL_Driver/Src/stm32g0xx_hal_gpio.o
                0x0800c120                HAL_GPIO_ReadPin
 .text.HAL_GPIO_WritePin
                0x0800c15a       0x3a ./Drivers/STM32G0xx_HAL_Driver/Src/stm32g0xx_hal_gpio.o
                0x0800c15a                HAL_GPIO_WritePin
 .text.PCD_GET_EP_RX_CNT
                0x0800c194       0x44 ./Drivers/STM32G0xx_HAL_Driver/Src/stm32g0xx_hal_pcd.o
 .text.PCD_GET_EP_DBUF0_CNT
                0x0800c1d8       0x44 ./Drivers/STM32G0xx_HAL_Driver/Src/stm32g0xx_hal_pcd.o
 .text.PCD_GET_EP_DBUF1_CNT
                0x0800c21c       0x44 ./Drivers/STM32G0xx_HAL_Driver/Src/stm32g0xx_hal_pcd.o
 .text.HAL_PCD_Init
                0x0800c260      0x1f4 ./Drivers/STM32G0xx_HAL_Driver/Src/stm32g0xx_hal_pcd.o
                0x0800c260                HAL_PCD_Init
 .text.HAL_PCD_Start
                0x0800c454       0x4a ./Drivers/STM32G0xx_HAL_Driver/Src/stm32g0xx_hal_pcd.o
                0x0800c454                HAL_PCD_Start
 *fill*         0x0800c49e        0x2 
 .text.HAL_PCD_IRQHandler
                0x0800c4a0      0x22c ./Drivers/STM32G0xx_HAL_Driver/Src/stm32g0xx_hal_pcd.o
                0x0800c4a0                HAL_PCD_IRQHandler
 .text.HAL_PCD_SetAddress
                0x0800c6cc       0x54 ./Drivers/STM32G0xx_HAL_Driver/Src/stm32g0xx_hal_pcd.o
                0x0800c6cc                HAL_PCD_SetAddress
 .text.HAL_PCD_EP_Open
                0x0800c720       0xe2 ./Drivers/STM32G0xx_HAL_Driver/Src/stm32g0xx_hal_pcd.o
                0x0800c720                HAL_PCD_EP_Open
 .text.HAL_PCD_EP_Close
                0x0800c802       0xa6 ./Drivers/STM32G0xx_HAL_Driver/Src/stm32g0xx_hal_pcd.o
                0x0800c802                HAL_PCD_EP_Close
 .text.HAL_PCD_EP_Receive
                0x0800c8a8       0x70 ./Drivers/STM32G0xx_HAL_Driver/Src/stm32g0xx_hal_pcd.o
                0x0800c8a8                HAL_PCD_EP_Receive
 .text.HAL_PCD_EP_GetRxCount
                0x0800c918       0x32 ./Drivers/STM32G0xx_HAL_Driver/Src/stm32g0xx_hal_pcd.o
                0x0800c918                HAL_PCD_EP_GetRxCount
 .text.HAL_PCD_EP_Transmit
                0x0800c94a       0x7a ./Drivers/STM32G0xx_HAL_Driver/Src/stm32g0xx_hal_pcd.o
                0x0800c94a                HAL_PCD_EP_Transmit
 .text.HAL_PCD_EP_SetStall
                0x0800c9c4       0xbc ./Drivers/STM32G0xx_HAL_Driver/Src/stm32g0xx_hal_pcd.o
                0x0800c9c4                HAL_PCD_EP_SetStall
 .text.HAL_PCD_EP_ClrStall
                0x0800ca80       0xc0 ./Drivers/STM32G0xx_HAL_Driver/Src/stm32g0xx_hal_pcd.o
                0x0800ca80                HAL_PCD_EP_ClrStall
 .text.PCD_EP_ISR_Handler
                0x0800cb40      0x6e0 ./Drivers/STM32G0xx_HAL_Driver/Src/stm32g0xx_hal_pcd.o
 .text.HAL_PCD_EP_DB_Receive
                0x0800d220      0x1d4 ./Drivers/STM32G0xx_HAL_Driver/Src/stm32g0xx_hal_pcd.o
 .text.HAL_PCD_EP_DB_Transmit
                0x0800d3f4      0x794 ./Drivers/STM32G0xx_HAL_Driver/Src/stm32g0xx_hal_pcd.o
 .text.HAL_PCDEx_PMAConfig
                0x0800db88       0xa0 ./Drivers/STM32G0xx_HAL_Driver/Src/stm32g0xx_hal_pcd_ex.o
                0x0800db88                HAL_PCDEx_PMAConfig
 .text.HAL_PCDEx_ActivateLPM
                0x0800dc28       0x44 ./Drivers/STM32G0xx_HAL_Driver/Src/stm32g0xx_hal_pcd_ex.o
                0x0800dc28                HAL_PCDEx_ActivateLPM
 .text.HAL_PWREx_EnableVddUSB
                0x0800dc6c       0x1c ./Drivers/STM32G0xx_HAL_Driver/Src/stm32g0xx_hal_pwr_ex.o
                0x0800dc6c                HAL_PWREx_EnableVddUSB
 .text.HAL_PWREx_ControlVoltageScaling
                0x0800dc88       0x80 ./Drivers/STM32G0xx_HAL_Driver/Src/stm32g0xx_hal_pwr_ex.o
                0x0800dc88                HAL_PWREx_ControlVoltageScaling
 .text.LL_RCC_GetAPB1Prescaler
                0x0800dd08       0x18 ./Drivers/STM32G0xx_HAL_Driver/Src/stm32g0xx_hal_rcc.o
 .text.HAL_RCC_OscConfig
                0x0800dd20      0x6c0 ./Drivers/STM32G0xx_HAL_Driver/Src/stm32g0xx_hal_rcc.o
                0x0800dd20                HAL_RCC_OscConfig
 .text.HAL_RCC_ClockConfig
                0x0800e3e0      0x210 ./Drivers/STM32G0xx_HAL_Driver/Src/stm32g0xx_hal_rcc.o
                0x0800e3e0                HAL_RCC_ClockConfig
 .text.HAL_RCC_GetSysClockFreq
                0x0800e5f0      0x104 ./Drivers/STM32G0xx_HAL_Driver/Src/stm32g0xx_hal_rcc.o
                0x0800e5f0                HAL_RCC_GetSysClockFreq
 .text.HAL_RCC_GetHCLKFreq
                0x0800e6f4       0x14 ./Drivers/STM32G0xx_HAL_Driver/Src/stm32g0xx_hal_rcc.o
                0x0800e6f4                HAL_RCC_GetHCLKFreq
 .text.HAL_RCC_GetPCLK1Freq
                0x0800e708       0x2c ./Drivers/STM32G0xx_HAL_Driver/Src/stm32g0xx_hal_rcc.o
                0x0800e708                HAL_RCC_GetPCLK1Freq
 .text.HAL_RCC_EnableCSS
                0x0800e734       0x1c ./Drivers/STM32G0xx_HAL_Driver/Src/stm32g0xx_hal_rcc.o
                0x0800e734                HAL_RCC_EnableCSS
 .text.HAL_RCC_NMI_IRQHandler
                0x0800e750       0x40 ./Drivers/STM32G0xx_HAL_Driver/Src/stm32g0xx_hal_rcc.o
                0x0800e750                HAL_RCC_NMI_IRQHandler
 .text.HAL_RCC_CSSCallback
                0x0800e790        0xa ./Drivers/STM32G0xx_HAL_Driver/Src/stm32g0xx_hal_rcc.o
                0x0800e790                HAL_RCC_CSSCallback
 .text.HAL_RCC_LSECSSCallback
                0x0800e79a        0xa ./Drivers/STM32G0xx_HAL_Driver/Src/stm32g0xx_hal_rcc.o
                0x0800e79a                HAL_RCC_LSECSSCallback
 .text.HAL_RCCEx_PeriphCLKConfig
                0x0800e7a4      0x478 ./Drivers/STM32G0xx_HAL_Driver/Src/stm32g0xx_hal_rcc_ex.o
                0x0800e7a4                HAL_RCCEx_PeriphCLKConfig
 .text.HAL_TIM_Base_Init
                0x0800ec1c       0xb0 ./Drivers/STM32G0xx_HAL_Driver/Src/stm32g0xx_hal_tim.o
                0x0800ec1c                HAL_TIM_Base_Init
 .text.HAL_TIM_Base_Start_IT
                0x0800eccc       0xc4 ./Drivers/STM32G0xx_HAL_Driver/Src/stm32g0xx_hal_tim.o
                0x0800eccc                HAL_TIM_Base_Start_IT
 .text.HAL_TIM_IRQHandler
                0x0800ed90      0x210 ./Drivers/STM32G0xx_HAL_Driver/Src/stm32g0xx_hal_tim.o
                0x0800ed90                HAL_TIM_IRQHandler
 .text.HAL_TIM_ConfigClockSource
                0x0800efa0      0x1ac ./Drivers/STM32G0xx_HAL_Driver/Src/stm32g0xx_hal_tim.o
                0x0800efa0                HAL_TIM_ConfigClockSource
 .text.HAL_TIM_OC_DelayElapsedCallback
                0x0800f14c       0x10 ./Drivers/STM32G0xx_HAL_Driver/Src/stm32g0xx_hal_tim.o
                0x0800f14c                HAL_TIM_OC_DelayElapsedCallback
 .text.HAL_TIM_IC_CaptureCallback
                0x0800f15c       0x10 ./Drivers/STM32G0xx_HAL_Driver/Src/stm32g0xx_hal_tim.o
                0x0800f15c                HAL_TIM_IC_CaptureCallback
 .text.HAL_TIM_PWM_PulseFinishedCallback
                0x0800f16c       0x10 ./Drivers/STM32G0xx_HAL_Driver/Src/stm32g0xx_hal_tim.o
                0x0800f16c                HAL_TIM_PWM_PulseFinishedCallback
 .text.HAL_TIM_TriggerCallback
                0x0800f17c       0x10 ./Drivers/STM32G0xx_HAL_Driver/Src/stm32g0xx_hal_tim.o
                0x0800f17c                HAL_TIM_TriggerCallback
 .text.TIM_Base_SetConfig
                0x0800f18c      0x130 ./Drivers/STM32G0xx_HAL_Driver/Src/stm32g0xx_hal_tim.o
                0x0800f18c                TIM_Base_SetConfig
 .text.TIM_TI1_ConfigInputStage
                0x0800f2bc       0x5c ./Drivers/STM32G0xx_HAL_Driver/Src/stm32g0xx_hal_tim.o
 .text.TIM_TI2_ConfigInputStage
                0x0800f318       0x64 ./Drivers/STM32G0xx_HAL_Driver/Src/stm32g0xx_hal_tim.o
 .text.TIM_ITRx_SetConfig
                0x0800f37c       0x38 ./Drivers/STM32G0xx_HAL_Driver/Src/stm32g0xx_hal_tim.o
 .text.TIM_ETR_SetConfig
                0x0800f3b4       0x40 ./Drivers/STM32G0xx_HAL_Driver/Src/stm32g0xx_hal_tim.o
                0x0800f3b4                TIM_ETR_SetConfig
 .text.HAL_TIMEx_MasterConfigSynchronization
                0x0800f3f4       0xec ./Drivers/STM32G0xx_HAL_Driver/Src/stm32g0xx_hal_tim_ex.o
                0x0800f3f4                HAL_TIMEx_MasterConfigSynchronization
 .text.HAL_TIMEx_CommutCallback
                0x0800f4e0       0x10 ./Drivers/STM32G0xx_HAL_Driver/Src/stm32g0xx_hal_tim_ex.o
                0x0800f4e0                HAL_TIMEx_CommutCallback
 .text.HAL_TIMEx_BreakCallback
                0x0800f4f0       0x10 ./Drivers/STM32G0xx_HAL_Driver/Src/stm32g0xx_hal_tim_ex.o
                0x0800f4f0                HAL_TIMEx_BreakCallback
 .text.HAL_TIMEx_Break2Callback
                0x0800f500       0x10 ./Drivers/STM32G0xx_HAL_Driver/Src/stm32g0xx_hal_tim_ex.o
                0x0800f500                HAL_TIMEx_Break2Callback
 .text.HAL_UART_Init
                0x0800f510       0xac ./Drivers/STM32G0xx_HAL_Driver/Src/stm32g0xx_hal_uart.o
                0x0800f510                HAL_UART_Init
 .text.HAL_UART_DeInit
                0x0800f5bc       0x80 ./Drivers/STM32G0xx_HAL_Driver/Src/stm32g0xx_hal_uart.o
                0x0800f5bc                HAL_UART_DeInit
 .text.HAL_UART_Transmit
                0x0800f63c      0x148 ./Drivers/STM32G0xx_HAL_Driver/Src/stm32g0xx_hal_uart.o
                0x0800f63c                HAL_UART_Transmit
 .text.HAL_UART_Receive
                0x0800f784      0x1cc ./Drivers/STM32G0xx_HAL_Driver/Src/stm32g0xx_hal_uart.o
                0x0800f784                HAL_UART_Receive
 .text.HAL_UART_Transmit_DMA
                0x0800f950      0x124 ./Drivers/STM32G0xx_HAL_Driver/Src/stm32g0xx_hal_uart.o
                0x0800f950                HAL_UART_Transmit_DMA
 .text.HAL_UART_IRQHandler
                0x0800fa74      0x64c ./Drivers/STM32G0xx_HAL_Driver/Src/stm32g0xx_hal_uart.o
                0x0800fa74                HAL_UART_IRQHandler
 .text.HAL_UART_TxCpltCallback
                0x080100c0       0x10 ./Drivers/STM32G0xx_HAL_Driver/Src/stm32g0xx_hal_uart.o
                0x080100c0                HAL_UART_TxCpltCallback
 .text.HAL_UART_TxHalfCpltCallback
                0x080100d0       0x10 ./Drivers/STM32G0xx_HAL_Driver/Src/stm32g0xx_hal_uart.o
                0x080100d0                HAL_UART_TxHalfCpltCallback
 .text.HAL_UART_ErrorCallback
                0x080100e0       0x10 ./Drivers/STM32G0xx_HAL_Driver/Src/stm32g0xx_hal_uart.o
                0x080100e0                HAL_UART_ErrorCallback
 .text.HAL_UARTEx_RxEventCallback
                0x080100f0       0x16 ./Drivers/STM32G0xx_HAL_Driver/Src/stm32g0xx_hal_uart.o
                0x080100f0                HAL_UARTEx_RxEventCallback
 *fill*         0x08010106        0x2 
 .text.UART_SetConfig
                0x08010108      0x6ac ./Drivers/STM32G0xx_HAL_Driver/Src/stm32g0xx_hal_uart.o
                0x08010108                UART_SetConfig
 .text.UART_AdvFeatureConfig
                0x080107b4      0x168 ./Drivers/STM32G0xx_HAL_Driver/Src/stm32g0xx_hal_uart.o
                0x080107b4                UART_AdvFeatureConfig
 .text.UART_CheckIdleState
                0x0801091c      0x154 ./Drivers/STM32G0xx_HAL_Driver/Src/stm32g0xx_hal_uart.o
                0x0801091c                UART_CheckIdleState
 .text.UART_WaitOnFlagUntilTimeout
                0x08010a70       0xde ./Drivers/STM32G0xx_HAL_Driver/Src/stm32g0xx_hal_uart.o
                0x08010a70                UART_WaitOnFlagUntilTimeout
 *fill*         0x08010b4e        0x2 
 .text.UART_EndTxTransfer
                0x08010b50       0x80 ./Drivers/STM32G0xx_HAL_Driver/Src/stm32g0xx_hal_uart.o
 .text.UART_EndRxTransfer
                0x08010bd0       0xcc ./Drivers/STM32G0xx_HAL_Driver/Src/stm32g0xx_hal_uart.o
 .text.UART_DMATransmitCplt
                0x08010c9c       0x98 ./Drivers/STM32G0xx_HAL_Driver/Src/stm32g0xx_hal_uart.o
 .text.UART_DMATxHalfCplt
                0x08010d34       0x1e ./Drivers/STM32G0xx_HAL_Driver/Src/stm32g0xx_hal_uart.o
 .text.UART_DMAError
                0x08010d52       0x86 ./Drivers/STM32G0xx_HAL_Driver/Src/stm32g0xx_hal_uart.o
 .text.UART_DMAAbortOnError
                0x08010dd8       0x2e ./Drivers/STM32G0xx_HAL_Driver/Src/stm32g0xx_hal_uart.o
 .text.UART_EndTransmit_IT
                0x08010e06       0x58 ./Drivers/STM32G0xx_HAL_Driver/Src/stm32g0xx_hal_uart.o
 .text.HAL_UARTEx_WakeupCallback
                0x08010e5e       0x10 ./Drivers/STM32G0xx_HAL_Driver/Src/stm32g0xx_hal_uart_ex.o
                0x08010e5e                HAL_UARTEx_WakeupCallback
 .text.HAL_UARTEx_RxFifoFullCallback
                0x08010e6e       0x10 ./Drivers/STM32G0xx_HAL_Driver/Src/stm32g0xx_hal_uart_ex.o
                0x08010e6e                HAL_UARTEx_RxFifoFullCallback
 .text.HAL_UARTEx_TxFifoEmptyCallback
                0x08010e7e       0x10 ./Drivers/STM32G0xx_HAL_Driver/Src/stm32g0xx_hal_uart_ex.o
                0x08010e7e                HAL_UARTEx_TxFifoEmptyCallback
 *fill*         0x08010e8e        0x2 
 .text.HAL_UARTEx_DisableFifoMode
                0x08010e90       0x74 ./Drivers/STM32G0xx_HAL_Driver/Src/stm32g0xx_hal_uart_ex.o
                0x08010e90                HAL_UARTEx_DisableFifoMode
 .text.HAL_UARTEx_SetTxFifoThreshold
                0x08010f04       0x7e ./Drivers/STM32G0xx_HAL_Driver/Src/stm32g0xx_hal_uart_ex.o
                0x08010f04                HAL_UARTEx_SetTxFifoThreshold
 *fill*         0x08010f82        0x2 
 .text.HAL_UARTEx_SetRxFifoThreshold
                0x08010f84       0x84 ./Drivers/STM32G0xx_HAL_Driver/Src/stm32g0xx_hal_uart_ex.o
                0x08010f84                HAL_UARTEx_SetRxFifoThreshold
 .text.UARTEx_SetNbDataToProcess
                0x08011008       0xbc ./Drivers/STM32G0xx_HAL_Driver/Src/stm32g0xx_hal_uart_ex.o
 .text.USB_EnableGlobalInt
                0x080110c4       0x28 ./Drivers/STM32G0xx_HAL_Driver/Src/stm32g0xx_ll_usb.o
                0x080110c4                USB_EnableGlobalInt
 .text.USB_DisableGlobalInt
                0x080110ec       0x28 ./Drivers/STM32G0xx_HAL_Driver/Src/stm32g0xx_ll_usb.o
                0x080110ec                USB_DisableGlobalInt
 .text.USB_SetCurrentMode
                0x08011114       0x4a ./Drivers/STM32G0xx_HAL_Driver/Src/stm32g0xx_ll_usb.o
                0x08011114                USB_SetCurrentMode
 .text.USB_DevInit
                0x0801115e       0x56 ./Drivers/STM32G0xx_HAL_Driver/Src/stm32g0xx_ll_usb.o
                0x0801115e                USB_DevInit
 .text.USB_ActivateEndpoint
                0x080111b4      0x668 ./Drivers/STM32G0xx_HAL_Driver/Src/stm32g0xx_ll_usb.o
                0x080111b4                USB_ActivateEndpoint
 .text.USB_DeactivateEndpoint
                0x0801181c      0x2cc ./Drivers/STM32G0xx_HAL_Driver/Src/stm32g0xx_ll_usb.o
                0x0801181c                USB_DeactivateEndpoint
 .text.USB_EPStartXfer
                0x08011ae8     0x102c ./Drivers/STM32G0xx_HAL_Driver/Src/stm32g0xx_ll_usb.o
                0x08011ae8                USB_EPStartXfer
 .text.USB_EPSetStall
                0x08012b14       0x84 ./Drivers/STM32G0xx_HAL_Driver/Src/stm32g0xx_ll_usb.o
                0x08012b14                USB_EPSetStall
 .text.USB_EPClearStall
                0x08012b98      0x124 ./Drivers/STM32G0xx_HAL_Driver/Src/stm32g0xx_ll_usb.o
                0x08012b98                USB_EPClearStall
 .text.USB_SetDevAddress
                0x08012cbc       0x26 ./Drivers/STM32G0xx_HAL_Driver/Src/stm32g0xx_ll_usb.o
                0x08012cbc                USB_SetDevAddress
 .text.USB_DevConnect
                0x08012ce2       0x20 ./Drivers/STM32G0xx_HAL_Driver/Src/stm32g0xx_ll_usb.o
                0x08012ce2                USB_DevConnect
 .text.USB_ReadInterrupts
                0x08012d02       0x18 ./Drivers/STM32G0xx_HAL_Driver/Src/stm32g0xx_ll_usb.o
                0x08012d02                USB_ReadInterrupts
 *fill*         0x08012d1a        0x2 
 .text.USB_WritePMA
                0x08012d1c       0xec ./Drivers/STM32G0xx_HAL_Driver/Src/stm32g0xx_ll_usb.o
                0x08012d1c                USB_WritePMA
 .text.USB_ReadPMA
                0x08012e08      0x120 ./Drivers/STM32G0xx_HAL_Driver/Src/stm32g0xx_ll_usb.o
                0x08012e08                USB_ReadPMA
 .text.USBD_CDC_Init
                0x08012f28      0x220 ./Middlewares/ST/STM32_USB_Device_Library/Class/CDC/Src/usbd_cdc.o
 .text.USBD_CDC_DeInit
                0x08013148      0x120 ./Middlewares/ST/STM32_USB_Device_Library/Class/CDC/Src/usbd_cdc.o
 .text.USBD_CDC_Setup
                0x08013268      0x1f0 ./Middlewares/ST/STM32_USB_Device_Library/Class/CDC/Src/usbd_cdc.o
 .text.USBD_CDC_DataIn
                0x08013458      0x11e ./Middlewares/ST/STM32_USB_Device_Library/Class/CDC/Src/usbd_cdc.o
 .text.USBD_CDC_DataOut
                0x08013576       0x86 ./Middlewares/ST/STM32_USB_Device_Library/Class/CDC/Src/usbd_cdc.o
 .text.USBD_CDC_EP0_RxReady
                0x080135fc       0x88 ./Middlewares/ST/STM32_USB_Device_Library/Class/CDC/Src/usbd_cdc.o
 .text.USBD_CDC_GetFSCfgDesc
                0x08013684       0x90 ./Middlewares/ST/STM32_USB_Device_Library/Class/CDC/Src/usbd_cdc.o
 .text.USBD_CDC_GetHSCfgDesc
                0x08013714       0x90 ./Middlewares/ST/STM32_USB_Device_Library/Class/CDC/Src/usbd_cdc.o
 .text.USBD_CDC_GetOtherSpeedCfgDesc
                0x080137a4       0x90 ./Middlewares/ST/STM32_USB_Device_Library/Class/CDC/Src/usbd_cdc.o
 .text.USBD_CDC_GetDeviceQualifierDescriptor
                0x08013834       0x1c ./Middlewares/ST/STM32_USB_Device_Library/Class/CDC/Src/usbd_cdc.o
                0x08013834                USBD_CDC_GetDeviceQualifierDescriptor
 .text.USBD_CDC_RegisterInterface
                0x08013850       0x34 ./Middlewares/ST/STM32_USB_Device_Library/Class/CDC/Src/usbd_cdc.o
                0x08013850                USBD_CDC_RegisterInterface
 .text.USBD_CDC_SetTxBuffer
                0x08013884       0x46 ./Middlewares/ST/STM32_USB_Device_Library/Class/CDC/Src/usbd_cdc.o
                0x08013884                USBD_CDC_SetTxBuffer
 .text.USBD_CDC_SetRxBuffer
                0x080138ca       0x3a ./Middlewares/ST/STM32_USB_Device_Library/Class/CDC/Src/usbd_cdc.o
                0x080138ca                USBD_CDC_SetRxBuffer
 .text.USBD_CDC_TransmitPacket
                0x08013904       0x9c ./Middlewares/ST/STM32_USB_Device_Library/Class/CDC/Src/usbd_cdc.o
                0x08013904                USBD_CDC_TransmitPacket
 .text.USBD_CDC_ReceivePacket
                0x080139a0       0x74 ./Middlewares/ST/STM32_USB_Device_Library/Class/CDC/Src/usbd_cdc.o
                0x080139a0                USBD_CDC_ReceivePacket
 .text.USBD_Init
                0x08013a14       0x74 ./Middlewares/ST/STM32_USB_Device_Library/Core/Src/usbd_core.o
                0x08013a14                USBD_Init
 .text.USBD_RegisterClass
                0x08013a88       0x7c ./Middlewares/ST/STM32_USB_Device_Library/Core/Src/usbd_core.o
                0x08013a88                USBD_RegisterClass
 .text.USBD_Start
                0x08013b04       0x1a ./Middlewares/ST/STM32_USB_Device_Library/Core/Src/usbd_core.o
                0x08013b04                USBD_Start
 .text.USBD_RunTestMode
                0x08013b1e       0x12 ./Middlewares/ST/STM32_USB_Device_Library/Core/Src/usbd_core.o
                0x08013b1e                USBD_RunTestMode
 .text.USBD_SetClassConfig
                0x08013b30       0x4a ./Middlewares/ST/STM32_USB_Device_Library/Core/Src/usbd_core.o
                0x08013b30                USBD_SetClassConfig
 .text.USBD_ClrClassConfig
                0x08013b7a       0x42 ./Middlewares/ST/STM32_USB_Device_Library/Core/Src/usbd_core.o
                0x08013b7a                USBD_ClrClassConfig
 .text.USBD_LL_SetupStage
                0x08013bbc       0xd4 ./Middlewares/ST/STM32_USB_Device_Library/Core/Src/usbd_core.o
                0x08013bbc                USBD_LL_SetupStage
 .text.USBD_LL_DataOutStage
                0x08013c90      0x1d0 ./Middlewares/ST/STM32_USB_Device_Library/Core/Src/usbd_core.o
                0x08013c90                USBD_LL_DataOutStage
 .text.USBD_LL_DataInStage
                0x08013e60      0x1b0 ./Middlewares/ST/STM32_USB_Device_Library/Core/Src/usbd_core.o
                0x08013e60                USBD_LL_DataInStage
 .text.USBD_LL_Reset
                0x08014010       0xbe ./Middlewares/ST/STM32_USB_Device_Library/Core/Src/usbd_core.o
                0x08014010                USBD_LL_Reset
 .text.USBD_LL_SetSpeed
                0x080140ce       0x20 ./Middlewares/ST/STM32_USB_Device_Library/Core/Src/usbd_core.o
                0x080140ce                USBD_LL_SetSpeed
 *fill*         0x080140ee        0x2 
 .text.USBD_LL_Suspend
                0x080140f0       0x30 ./Middlewares/ST/STM32_USB_Device_Library/Core/Src/usbd_core.o
                0x080140f0                USBD_LL_Suspend
 .text.USBD_LL_Resume
                0x08014120       0x34 ./Middlewares/ST/STM32_USB_Device_Library/Core/Src/usbd_core.o
                0x08014120                USBD_LL_Resume
 .text.USBD_LL_SOF
                0x08014154       0x4a ./Middlewares/ST/STM32_USB_Device_Library/Core/Src/usbd_core.o
                0x08014154                USBD_LL_SOF
 .text.USBD_CoreFindIF
                0x0801419e       0x18 ./Middlewares/ST/STM32_USB_Device_Library/Core/Src/usbd_core.o
                0x0801419e                USBD_CoreFindIF
 .text.USBD_CoreFindEP
                0x080141b6       0x18 ./Middlewares/ST/STM32_USB_Device_Library/Core/Src/usbd_core.o
                0x080141b6                USBD_CoreFindEP
 .text.USBD_GetEpDesc
                0x080141ce       0x8e ./Middlewares/ST/STM32_USB_Device_Library/Core/Src/usbd_core.o
                0x080141ce                USBD_GetEpDesc
 .text.USBD_GetNextDesc
                0x0801425c       0x34 ./Middlewares/ST/STM32_USB_Device_Library/Core/Src/usbd_core.o
                0x0801425c                USBD_GetNextDesc
 .text.SWAPBYTE
                0x08014290       0x4c ./Middlewares/ST/STM32_USB_Device_Library/Core/Src/usbd_ctlreq.o
 .text.USBD_StdDevReq
                0x080142dc       0xfc ./Middlewares/ST/STM32_USB_Device_Library/Core/Src/usbd_ctlreq.o
                0x080142dc                USBD_StdDevReq
 .text.USBD_StdItfReq
                0x080143d8      0x11a ./Middlewares/ST/STM32_USB_Device_Library/Core/Src/usbd_ctlreq.o
                0x080143d8                USBD_StdItfReq
 .text.USBD_StdEPReq
                0x080144f2      0x40a ./Middlewares/ST/STM32_USB_Device_Library/Core/Src/usbd_ctlreq.o
                0x080144f2                USBD_StdEPReq
 .text.USBD_GetDescriptor
                0x080148fc      0x3b4 ./Middlewares/ST/STM32_USB_Device_Library/Core/Src/usbd_ctlreq.o
 .text.USBD_SetAddress
                0x08014cb0       0xac ./Middlewares/ST/STM32_USB_Device_Library/Core/Src/usbd_ctlreq.o
 .text.USBD_SetConfig
                0x08014d5c      0x19c ./Middlewares/ST/STM32_USB_Device_Library/Core/Src/usbd_ctlreq.o
 .text.USBD_GetConfig
                0x08014ef8       0x78 ./Middlewares/ST/STM32_USB_Device_Library/Core/Src/usbd_ctlreq.o
 .text.USBD_GetStatus
                0x08014f70       0x76 ./Middlewares/ST/STM32_USB_Device_Library/Core/Src/usbd_ctlreq.o
 .text.USBD_SetFeature
                0x08014fe6       0x5e ./Middlewares/ST/STM32_USB_Device_Library/Core/Src/usbd_ctlreq.o
 .text.USBD_ClrFeature
                0x08015044       0x4e ./Middlewares/ST/STM32_USB_Device_Library/Core/Src/usbd_ctlreq.o
 .text.USBD_ParseSetupRequest
                0x08015092       0x7a ./Middlewares/ST/STM32_USB_Device_Library/Core/Src/usbd_ctlreq.o
                0x08015092                USBD_ParseSetupRequest
 .text.USBD_CtlError
                0x0801510c       0x26 ./Middlewares/ST/STM32_USB_Device_Library/Core/Src/usbd_ctlreq.o
                0x0801510c                USBD_CtlError
 .text.USBD_GetString
                0x08015132       0xac ./Middlewares/ST/STM32_USB_Device_Library/Core/Src/usbd_ctlreq.o
                0x08015132                USBD_GetString
 .text.USBD_GetLen
                0x080151de       0x3e ./Middlewares/ST/STM32_USB_Device_Library/Core/Src/usbd_ctlreq.o
 .text.USBD_CtlSendData
                0x0801521c       0x38 ./Middlewares/ST/STM32_USB_Device_Library/Core/Src/usbd_ioreq.o
                0x0801521c                USBD_CtlSendData
 .text.USBD_CtlContinueSendData
                0x08015254       0x22 ./Middlewares/ST/STM32_USB_Device_Library/Core/Src/usbd_ioreq.o
                0x08015254                USBD_CtlContinueSendData
 .text.USBD_CtlPrepareRx
                0x08015276       0x40 ./Middlewares/ST/STM32_USB_Device_Library/Core/Src/usbd_ioreq.o
                0x08015276                USBD_CtlPrepareRx
 .text.USBD_CtlContinueRx
                0x080152b6       0x22 ./Middlewares/ST/STM32_USB_Device_Library/Core/Src/usbd_ioreq.o
                0x080152b6                USBD_CtlContinueRx
 .text.USBD_CtlSendStatus
                0x080152d8       0x28 ./Middlewares/ST/STM32_USB_Device_Library/Core/Src/usbd_ioreq.o
                0x080152d8                USBD_CtlSendStatus
 .text.USBD_CtlReceiveStatus
                0x08015300       0x28 ./Middlewares/ST/STM32_USB_Device_Library/Core/Src/usbd_ioreq.o
                0x08015300                USBD_CtlReceiveStatus
 .text.MX_USB_Device_Init
                0x08015328       0x68 ./USB_Device/App/usb_device.o
                0x08015328                MX_USB_Device_Init
 .text.CDC_Init_FS
                0x08015390       0x34 ./USB_Device/App/usbd_cdc_if.o
 .text.CDC_DeInit_FS
                0x080153c4       0x10 ./USB_Device/App/usbd_cdc_if.o
 .text.CDC_Control_FS
                0x080153d4       0x38 ./USB_Device/App/usbd_cdc_if.o
 .text.CDC_Receive_FS
                0x0801540c       0x2c ./USB_Device/App/usbd_cdc_if.o
 .text.CDC_TransmitCplt_FS
                0x08015438       0x78 ./USB_Device/App/usbd_cdc_if.o
 .text.CDC_Mirror_Write_FS
                0x080154b0      0x124 ./USB_Device/App/usbd_cdc_if.o
                0x080154b0                CDC_Mirror_Write_FS
 .text.CDC_Mirror_Reset_FS
                0x080155d4       0x48 ./USB_Device/App/usbd_cdc_if.o
 .text.CDC_Mirror_QueuedCount_FS
                0x0801561c       0x50 ./USB_Device/App/usbd_cdc_if.o
 .text.CDC_Mirror_FreeSpace_FS
                0x0801566c       0x1c ./USB_Device/App/usbd_cdc_if.o
 .text.CDC_Mirror_TryStartTx_FS
                0x08015688      0x104 ./USB_Device/App/usbd_cdc_if.o
 .text.USBD_CDC_DeviceDescriptor
                0x0801578c       0x24 ./USB_Device/App/usbd_desc.o
                0x0801578c                USBD_CDC_DeviceDescriptor
 .text.USBD_CDC_LangIDStrDescriptor
                0x080157b0       0x24 ./USB_Device/App/usbd_desc.o
                0x080157b0                USBD_CDC_LangIDStrDescriptor
 .text.USBD_CDC_ProductStrDescriptor
                0x080157d4       0x44 ./USB_Device/App/usbd_desc.o
                0x080157d4                USBD_CDC_ProductStrDescriptor
 .text.USBD_CDC_ManufacturerStrDescriptor
                0x08015818       0x2c ./USB_Device/App/usbd_desc.o
                0x08015818                USBD_CDC_ManufacturerStrDescriptor
 .text.USBD_CDC_SerialStrDescriptor
                0x08015844       0x28 ./USB_Device/App/usbd_desc.o
                0x08015844                USBD_CDC_SerialStrDescriptor
 .text.USBD_CDC_ConfigStrDescriptor
                0x0801586c       0x44 ./USB_Device/App/usbd_desc.o
                0x0801586c                USBD_CDC_ConfigStrDescriptor
 .text.USBD_CDC_InterfaceStrDescriptor
                0x080158b0       0x44 ./USB_Device/App/usbd_desc.o
                0x080158b0                USBD_CDC_InterfaceStrDescriptor
 .text.Get_SerialNum
                0x080158f4       0x5c ./USB_Device/App/usbd_desc.o
 .text.IntToUnicode
                0x08015950       0x96 ./USB_Device/App/usbd_desc.o
 *fill*         0x080159e6        0x2 
 .text.HAL_PCD_MspInit
                0x080159e8       0xc0 ./USB_Device/Target/usbd_conf.o
                0x080159e8                HAL_PCD_MspInit
 .text.HAL_PCD_SetupStageCallback
                0x08015aa8       0x2a ./USB_Device/Target/usbd_conf.o
                0x08015aa8                HAL_PCD_SetupStageCallback
 .text.HAL_PCD_DataOutStageCallback
                0x08015ad2       0x42 ./USB_Device/Target/usbd_conf.o
                0x08015ad2                HAL_PCD_DataOutStageCallback
 .text.HAL_PCD_DataInStageCallback
                0x08015b14       0x3c ./USB_Device/Target/usbd_conf.o
                0x08015b14                HAL_PCD_DataInStageCallback
 .text.HAL_PCD_SOFCallback
                0x08015b50       0x1e ./USB_Device/Target/usbd_conf.o
                0x08015b50                HAL_PCD_SOFCallback
 .text.HAL_PCD_ResetCallback
                0x08015b6e       0x48 ./USB_Device/Target/usbd_conf.o
                0x08015b6e                HAL_PCD_ResetCallback
 *fill*         0x08015bb6        0x2 
 .text.HAL_PCD_SuspendCallback
                0x08015bb8       0x38 ./USB_Device/Target/usbd_conf.o
                0x08015bb8                HAL_PCD_SuspendCallback
 .text.HAL_PCD_ResumeCallback
                0x08015bf0       0x3c ./USB_Device/Target/usbd_conf.o
                0x08015bf0                HAL_PCD_ResumeCallback
 .text.USBD_LL_Init
                0x08015c2c       0xe4 ./USB_Device/Target/usbd_conf.o
                0x08015c2c                USBD_LL_Init
 .text.USBD_LL_Start
                0x08015d10       0x4a ./USB_Device/Target/usbd_conf.o
                0x08015d10                USBD_LL_Start
 .text.USBD_LL_OpenEP
                0x08015d5a       0x6e ./USB_Device/Target/usbd_conf.o
                0x08015d5a                USBD_LL_OpenEP
 .text.USBD_LL_CloseEP
                0x08015dc8       0x56 ./USB_Device/Target/usbd_conf.o
                0x08015dc8                USBD_LL_CloseEP
 .text.USBD_LL_StallEP
                0x08015e1e       0x56 ./USB_Device/Target/usbd_conf.o
                0x08015e1e                USBD_LL_StallEP
 .text.USBD_LL_ClearStallEP
                0x08015e74       0x56 ./USB_Device/Target/usbd_conf.o
                0x08015e74                USBD_LL_ClearStallEP
 .text.USBD_LL_IsStallEP
                0x08015eca       0x60 ./USB_Device/Target/usbd_conf.o
                0x08015eca                USBD_LL_IsStallEP
 .text.USBD_LL_SetUSBAddress
                0x08015f2a       0x56 ./USB_Device/Target/usbd_conf.o
                0x08015f2a                USBD_LL_SetUSBAddress
 .text.USBD_LL_Transmit
                0x08015f80       0x60 ./USB_Device/Target/usbd_conf.o
                0x08015f80                USBD_LL_Transmit
 .text.USBD_LL_PrepareReceive
                0x08015fe0       0x60 ./USB_Device/Target/usbd_conf.o
                0x08015fe0                USBD_LL_PrepareReceive
 .text.USBD_LL_GetRxDataSize
                0x08016040       0x2c ./USB_Device/Target/usbd_conf.o
                0x08016040                USBD_LL_GetRxDataSize
 .text.HAL_PCDEx_LPM_Callback
                0x0801606c       0x74 ./USB_Device/Target/usbd_conf.o
                0x0801606c                HAL_PCDEx_LPM_Callback
 .text.USBD_static_malloc
                0x080160e0       0x18 ./USB_Device/Target/usbd_conf.o
                0x080160e0                USBD_static_malloc
 .text.USBD_static_free
                0x080160f8       0x10 ./USB_Device/Target/usbd_conf.o
                0x080160f8                USBD_static_free
 .text.SystemClockConfig_Resume
                0x08016108        0xe ./USB_Device/Target/usbd_conf.o
 .text.USBD_Get_USB_Status
                0x08016116       0x6e ./USB_Device/Target/usbd_conf.o
 .text.snprintf
                0x08016184       0x6c C:/ST/STM32CubeIDE_1.16.1/STM32CubeIDE/plugins/com.st.stm32cube.ide.mcu.externaltools.gnu-tools-for-stm32.13.3.rel1.win32_1.0.0.202411081344/tools/bin/../lib/gcc/arm-none-eabi/13.3.1/../../../../arm-none-eabi/lib/thumb/v6-m/nofp\libc_nano.a(libc_a-snprintf.o)
                0x08016184                sniprintf
                0x08016184                snprintf
 .text.memset   0x080161f0       0x10 C:/ST/STM32CubeIDE_1.16.1/STM32CubeIDE/plugins/com.st.stm32cube.ide.mcu.externaltools.gnu-tools-for-stm32.13.3.rel1.win32_1.0.0.202411081344/tools/bin/../lib/gcc/arm-none-eabi/13.3.1/../../../../arm-none-eabi/lib/thumb/v6-m/nofp\libc_nano.a(libc_a-memset.o)
                0x080161f0                memset
 .text.__errno  0x08016200        0xc C:/ST/STM32CubeIDE_1.16.1/STM32CubeIDE/plugins/com.st.stm32cube.ide.mcu.externaltools.gnu-tools-for-stm32.13.3.rel1.win32_1.0.0.202411081344/tools/bin/../lib/gcc/arm-none-eabi/13.3.1/../../../../arm-none-eabi/lib/thumb/v6-m/nofp\libc_nano.a(libc_a-errno.o)
                0x08016200                __errno
 .text.__libc_init_array
                0x0801620c       0x48 C:/ST/STM32CubeIDE_1.16.1/STM32CubeIDE/plugins/com.st.stm32cube.ide.mcu.externaltools.gnu-tools-for-stm32.13.3.rel1.win32_1.0.0.202411081344/tools/bin/../lib/gcc/arm-none-eabi/13.3.1/../../../../arm-none-eabi/lib/thumb/v6-m/nofp\libc_nano.a(libc_a-init.o)
                0x0801620c                __libc_init_array
 .text.__retarget_lock_acquire_recursive
                0x08016254        0x2 C:/ST/STM32CubeIDE_1.16.1/STM32CubeIDE/plugins/com.st.stm32cube.ide.mcu.externaltools.gnu-tools-for-stm32.13.3.rel1.win32_1.0.0.202411081344/tools/bin/../lib/gcc/arm-none-eabi/13.3.1/../../../../arm-none-eabi/lib/thumb/v6-m/nofp\libc_nano.a(libc_a-lock.o)
                0x08016254                __retarget_lock_acquire_recursive
 .text.__retarget_lock_release_recursive
                0x08016256        0x2 C:/ST/STM32CubeIDE_1.16.1/STM32CubeIDE/plugins/com.st.stm32cube.ide.mcu.externaltools.gnu-tools-for-stm32.13.3.rel1.win32_1.0.0.202411081344/tools/bin/../lib/gcc/arm-none-eabi/13.3.1/../../../../arm-none-eabi/lib/thumb/v6-m/nofp\libc_nano.a(libc_a-lock.o)
                0x08016256                __retarget_lock_release_recursive
 .text.memcpy   0x08016258       0x12 C:/ST/STM32CubeIDE_1.16.1/STM32CubeIDE/plugins/com.st.stm32cube.ide.mcu.externaltools.gnu-tools-for-stm32.13.3.rel1.win32_1.0.0.202411081344/tools/bin/../lib/gcc/arm-none-eabi/13.3.1/../../../../arm-none-eabi/lib/thumb/v6-m/nofp\libc_nano.a(libc_a-memcpy-stub.o)
                0x08016258                memcpy
 *fill*         0x0801626a        0x2 
 .text._free_r  0x0801626c       0x94 C:/ST/STM32CubeIDE_1.16.1/STM32CubeIDE/plugins/com.st.stm32cube.ide.mcu.externaltools.gnu-tools-for-stm32.13.3.rel1.win32_1.0.0.202411081344/tools/bin/../lib/gcc/arm-none-eabi/13.3.1/../../../../arm-none-eabi/lib/thumb/v6-m/nofp\libc_nano.a(libc_a-freer.o)
                0x0801626c                _free_r
 .text.sbrk_aligned
                0x08016300       0x44 C:/ST/STM32CubeIDE_1.16.1/STM32CubeIDE/plugins/com.st.stm32cube.ide.mcu.externaltools.gnu-tools-for-stm32.13.3.rel1.win32_1.0.0.202411081344/tools/bin/../lib/gcc/arm-none-eabi/13.3.1/../../../../arm-none-eabi/lib/thumb/v6-m/nofp\libc_nano.a(libc_a-mallocr.o)
 .text._malloc_r
                0x08016344      0x100 C:/ST/STM32CubeIDE_1.16.1/STM32CubeIDE/plugins/com.st.stm32cube.ide.mcu.externaltools.gnu-tools-for-stm32.13.3.rel1.win32_1.0.0.202411081344/tools/bin/../lib/gcc/arm-none-eabi/13.3.1/../../../../arm-none-eabi/lib/thumb/v6-m/nofp\libc_nano.a(libc_a-mallocr.o)
                0x08016344                _malloc_r
 .text.__malloc_lock
                0x08016444       0x10 C:/ST/STM32CubeIDE_1.16.1/STM32CubeIDE/plugins/com.st.stm32cube.ide.mcu.externaltools.gnu-tools-for-stm32.13.3.rel1.win32_1.0.0.202411081344/tools/bin/../lib/gcc/arm-none-eabi/13.3.1/../../../../arm-none-eabi/lib/thumb/v6-m/nofp\libc_nano.a(libc_a-mlock.o)
                0x08016444                __malloc_lock
 .text.__malloc_unlock
                0x08016454       0x10 C:/ST/STM32CubeIDE_1.16.1/STM32CubeIDE/plugins/com.st.stm32cube.ide.mcu.externaltools.gnu-tools-for-stm32.13.3.rel1.win32_1.0.0.202411081344/tools/bin/../lib/gcc/arm-none-eabi/13.3.1/../../../../arm-none-eabi/lib/thumb/v6-m/nofp\libc_nano.a(libc_a-mlock.o)
                0x08016454                __malloc_unlock
 .text.__ssputs_r
                0x08016464       0xc0 C:/ST/STM32CubeIDE_1.16.1/STM32CubeIDE/plugins/com.st.stm32cube.ide.mcu.externaltools.gnu-tools-for-stm32.13.3.rel1.win32_1.0.0.202411081344/tools/bin/../lib/gcc/arm-none-eabi/13.3.1/../../../../arm-none-eabi/lib/thumb/v6-m/nofp\libc_nano.a(libc_a-nano-svfprintf.o)
                0x08016464                __ssputs_r
 .text._svfprintf_r
                0x08016524      0x1fc C:/ST/STM32CubeIDE_1.16.1/STM32CubeIDE/plugins/com.st.stm32cube.ide.mcu.externaltools.gnu-tools-for-stm32.13.3.rel1.win32_1.0.0.202411081344/tools/bin/../lib/gcc/arm-none-eabi/13.3.1/../../../../arm-none-eabi/lib/thumb/v6-m/nofp\libc_nano.a(libc_a-nano-svfprintf.o)
                0x08016524                _svfiprintf_r
                0x08016524                _svfprintf_r
 .text._printf_common
                0x08016720       0xde C:/ST/STM32CubeIDE_1.16.1/STM32CubeIDE/plugins/com.st.stm32cube.ide.mcu.externaltools.gnu-tools-for-stm32.13.3.rel1.win32_1.0.0.202411081344/tools/bin/../lib/gcc/arm-none-eabi/13.3.1/../../../../arm-none-eabi/lib/thumb/v6-m/nofp\libc_nano.a(libc_a-nano-vfprintf_i.o)
                0x08016720                _printf_common
 *fill*         0x080167fe        0x2 
 .text._printf_i
                0x08016800      0x218 C:/ST/STM32CubeIDE_1.16.1/STM32CubeIDE/plugins/com.st.stm32cube.ide.mcu.externaltools.gnu-tools-for-stm32.13.3.rel1.win32_1.0.0.202411081344/tools/bin/../lib/gcc/arm-none-eabi/13.3.1/../../../../arm-none-eabi/lib/thumb/v6-m/nofp\libc_nano.a(libc_a-nano-vfprintf_i.o)
                0x08016800                _printf_i
 .text.memmove  0x08016a18       0x24 C:/ST/STM32CubeIDE_1.16.1/STM32CubeIDE/plugins/com.st.stm32cube.ide.mcu.externaltools.gnu-tools-for-stm32.13.3.rel1.win32_1.0.0.202411081344/tools/bin/../lib/gcc/arm-none-eabi/13.3.1/../../../../arm-none-eabi/lib/thumb/v6-m/nofp\libc_nano.a(libc_a-memmove.o)
                0x08016a18                memmove
 .text._sbrk_r  0x08016a3c       0x24 C:/ST/STM32CubeIDE_1.16.1/STM32CubeIDE/plugins/com.st.stm32cube.ide.mcu.externaltools.gnu-tools-for-stm32.13.3.rel1.win32_1.0.0.202411081344/tools/bin/../lib/gcc/arm-none-eabi/13.3.1/../../../../arm-none-eabi/lib/thumb/v6-m/nofp\libc_nano.a(libc_a-sbrkr.o)
                0x08016a3c                _sbrk_r
 .text.memchr   0x08016a60       0x16 C:/ST/STM32CubeIDE_1.16.1/STM32CubeIDE/plugins/com.st.stm32cube.ide.mcu.externaltools.gnu-tools-for-stm32.13.3.rel1.win32_1.0.0.202411081344/tools/bin/../lib/gcc/arm-none-eabi/13.3.1/../../../../arm-none-eabi/lib/thumb/v6-m/nofp\libc_nano.a(libc_a-memchr-stub.o)
                0x08016a60                memchr
 .text._realloc_r
                0x08016a76       0x60 C:/ST/STM32CubeIDE_1.16.1/STM32CubeIDE/plugins/com.st.stm32cube.ide.mcu.externaltools.gnu-tools-for-stm32.13.3.rel1.win32_1.0.0.202411081344/tools/bin/../lib/gcc/arm-none-eabi/13.3.1/../../../../arm-none-eabi/lib/thumb/v6-m/nofp\libc_nano.a(libc_a-reallocr.o)
                0x08016a76                _realloc_r
 .text._malloc_usable_size_r
                0x08016ad6       0x10 C:/ST/STM32CubeIDE_1.16.1/STM32CubeIDE/plugins/com.st.stm32cube.ide.mcu.externaltools.gnu-tools-for-stm32.13.3.rel1.win32_1.0.0.202411081344/tools/bin/../lib/gcc/arm-none-eabi/13.3.1/../../../../arm-none-eabi/lib/thumb/v6-m/nofp\libc_nano.a(libc_a-msizer.o)
                0x08016ad6                _malloc_usable_size_r
 *fill*         0x08016ae6        0x2 
 .text.logf     0x08016ae8       0x58 C:/ST/STM32CubeIDE_1.16.1/STM32CubeIDE/plugins/com.st.stm32cube.ide.mcu.externaltools.gnu-tools-for-stm32.13.3.rel1.win32_1.0.0.202411081344/tools/bin/../lib/gcc/arm-none-eabi/13.3.1/../../../../arm-none-eabi/lib/thumb/v6-m/nofp\libm.a(libm_a-wf_log.o)
                0x08016ae8                logf
 .text.nanf     0x08016b40        0x8 C:/ST/STM32CubeIDE_1.16.1/STM32CubeIDE/plugins/com.st.stm32cube.ide.mcu.externaltools.gnu-tools-for-stm32.13.3.rel1.win32_1.0.0.202411081344/tools/bin/../lib/gcc/arm-none-eabi/13.3.1/../../../../arm-none-eabi/lib/thumb/v6-m/nofp\libm.a(libm_a-sf_nan.o)
                0x08016b40                nanf
 .text.__ieee754_logf
                0x08016b48      0x264 C:/ST/STM32CubeIDE_1.16.1/STM32CubeIDE/plugins/com.st.stm32cube.ide.mcu.externaltools.gnu-tools-for-stm32.13.3.rel1.win32_1.0.0.202411081344/tools/bin/../lib/gcc/arm-none-eabi/13.3.1/../../../../arm-none-eabi/lib/thumb/v6-m/nofp\libm.a(libm_a-ef_log.o)
                0x08016b48                __ieee754_logf
 *(.glue_7)
 .glue_7        0x08016dac        0x0 linker stubs
 *(.glue_7t)
 .glue_7t       0x08016dac        0x0 linker stubs
 *(.eh_frame)
 .eh_frame      0x08016dac        0x0 C:/ST/STM32CubeIDE_1.16.1/STM32CubeIDE/plugins/com.st.stm32cube.ide.mcu.externaltools.gnu-tools-for-stm32.13.3.rel1.win32_1.0.0.202411081344/tools/bin/../lib/gcc/arm-none-eabi/13.3.1/thumb/v6-m/nofp/crtbegin.o
 *(.init)
 .init          0x08016dac        0x4 C:/ST/STM32CubeIDE_1.16.1/STM32CubeIDE/plugins/com.st.stm32cube.ide.mcu.externaltools.gnu-tools-for-stm32.13.3.rel1.win32_1.0.0.202411081344/tools/bin/../lib/gcc/arm-none-eabi/13.3.1/thumb/v6-m/nofp/crti.o
                0x08016dac                _init
 .init          0x08016db0        0x8 C:/ST/STM32CubeIDE_1.16.1/STM32CubeIDE/plugins/com.st.stm32cube.ide.mcu.externaltools.gnu-tools-for-stm32.13.3.rel1.win32_1.0.0.202411081344/tools/bin/../lib/gcc/arm-none-eabi/13.3.1/thumb/v6-m/nofp/crtn.o
 *(.fini)
 .fini          0x08016db8        0x4 C:/ST/STM32CubeIDE_1.16.1/STM32CubeIDE/plugins/com.st.stm32cube.ide.mcu.externaltools.gnu-tools-for-stm32.13.3.rel1.win32_1.0.0.202411081344/tools/bin/../lib/gcc/arm-none-eabi/13.3.1/thumb/v6-m/nofp/crti.o
                0x08016db8                _fini
 .fini          0x08016dbc        0x8 C:/ST/STM32CubeIDE_1.16.1/STM32CubeIDE/plugins/com.st.stm32cube.ide.mcu.externaltools.gnu-tools-for-stm32.13.3.rel1.win32_1.0.0.202411081344/tools/bin/../lib/gcc/arm-none-eabi/13.3.1/thumb/v6-m/nofp/crtn.o
                0x08016dc4                        . = ALIGN (0x4)
                0x08016dc4                        _etext = .

.vfp11_veneer   0x08016dc4        0x0
 .vfp11_veneer  0x08016dc4        0x0 linker stubs

.v4_bx          0x08016dc4        0x0
 .v4_bx         0x08016dc4        0x0 linker stubs

.iplt           0x08016dc4        0x0
 .iplt          0x08016dc4        0x0 C:/ST/STM32CubeIDE_1.16.1/STM32CubeIDE/plugins/com.st.stm32cube.ide.mcu.externaltools.gnu-tools-for-stm32.13.3.rel1.win32_1.0.0.202411081344/tools/bin/../lib/gcc/arm-none-eabi/13.3.1/thumb/v6-m/nofp/crtbegin.o

.rodata         0x08016dc4     0x3180
                0x08016dc4                        . = ALIGN (0x4)
 *(.rodata)
 .rodata        0x08016dc4      0x487 ./Core/Src/application.o
 *fill*         0x0801724b        0x1 
 .rodata        0x0801724c      0xcb1 ./Core/Src/board.o
 *fill*         0x08017efd        0x3 
 .rodata        0x08017f00     0x1c82 ./Core/Src/bq79616.o
 *fill*         0x08019b82        0x2 
 .rodata        0x08019b84       0x46 ./USB_Device/App/usbd_desc.o
 *fill*         0x08019bca        0x2 
 .rodata        0x08019bcc       0x7c C:/ST/STM32CubeIDE_1.16.1/STM32CubeIDE/plugins/com.st.stm32cube.ide.mcu.externaltools.gnu-tools-for-stm32.13.3.rel1.win32_1.0.0.202411081344/tools/bin/../lib/gcc/arm-none-eabi/13.3.1/thumb/v6-m/nofp\libgcc.a(divsf3.o)
 *(.rodata*)
 .rodata.pwr1_names.8
                0x08019c48       0x20 ./Core/Src/bq79616.o
 .rodata.pwr2_names.7
                0x08019c68       0x20 ./Core/Src/bq79616.o
 .rodata.sys_names.6
                0x08019c88       0x20 ./Core/Src/bq79616.o
 .rodata.comm1_names.5
                0x08019ca8       0x20 ./Core/Src/bq79616.o
 .rodata.comm2_names.4
                0x08019cc8       0x20 ./Core/Src/bq79616.o
 .rodata.comm3_names.3
                0x08019ce8       0x20 ./Core/Src/bq79616.o
 .rodata.otp_names.2
                0x08019d08       0x20 ./Core/Src/bq79616.o
 .rodata.prot1_names.1
                0x08019d28       0x20 ./Core/Src/bq79616.o
 .rodata.prot2_names.0
                0x08019d48       0x20 ./Core/Src/bq79616.o
 .rodata.AHBPrescTable
                0x08019d68       0x40 ./Core/Src/system_stm32g0xx.o
                0x08019d68                AHBPrescTable
 .rodata.APBPrescTable
                0x08019da8       0x20 ./Core/Src/system_stm32g0xx.o
                0x08019da8                APBPrescTable
 .rodata.DLCtoBytes
                0x08019dc8       0x10 ./Drivers/STM32G0xx_HAL_Driver/Src/stm32g0xx_hal_fdcan.o
 .rodata.UARTPrescTable
                0x08019dd8       0x18 ./Drivers/STM32G0xx_HAL_Driver/Src/stm32g0xx_hal_uart.o
                0x08019dd8                UARTPrescTable
 .rodata.numerator.1
                0x08019df0        0x8 ./Drivers/STM32G0xx_HAL_Driver/Src/stm32g0xx_hal_uart_ex.o
 .rodata.denominator.0
                0x08019df8        0x8 ./Drivers/STM32G0xx_HAL_Driver/Src/stm32g0xx_hal_uart_ex.o
 .rodata.USBD_StdDevReq
                0x08019e00       0x28 ./Middlewares/ST/STM32_USB_Device_Library/Core/Src/usbd_ctlreq.o
 .rodata.USBD_GetDescriptor
                0x08019e28       0x58 ./Middlewares/ST/STM32_USB_Device_Library/Core/Src/usbd_ctlreq.o
 .rodata.CDC_Control_FS
                0x08019e80       0x90 ./USB_Device/App/usbd_cdc_if.o
 .rodata._svfprintf_r.str1.1
                0x08019f10       0x33 C:/ST/STM32CubeIDE_1.16.1/STM32CubeIDE/plugins/com.st.stm32cube.ide.mcu.externaltools.gnu-tools-for-stm32.13.3.rel1.win32_1.0.0.202411081344/tools/bin/../lib/gcc/arm-none-eabi/13.3.1/../../../../arm-none-eabi/lib/thumb/v6-m/nofp\libc_nano.a(libc_a-nano-svfprintf.o)
                                 0x11 (size before relaxing)
 .rodata._printf_i.str1.1
                0x08019f43       0x22 C:/ST/STM32CubeIDE_1.16.1/STM32CubeIDE/plugins/com.st.stm32cube.ide.mcu.externaltools.gnu-tools-for-stm32.13.3.rel1.win32_1.0.0.202411081344/tools/bin/../lib/gcc/arm-none-eabi/13.3.1/../../../../arm-none-eabi/lib/thumb/v6-m/nofp\libc_nano.a(libc_a-nano-vfprintf_i.o)
 .rodata.logf.str1.1
                0x08019f43        0x1 C:/ST/STM32CubeIDE_1.16.1/STM32CubeIDE/plugins/com.st.stm32cube.ide.mcu.externaltools.gnu-tools-for-stm32.13.3.rel1.win32_1.0.0.202411081344/tools/bin/../lib/gcc/arm-none-eabi/13.3.1/../../../../arm-none-eabi/lib/thumb/v6-m/nofp\libm.a(libm_a-wf_log.o)
                0x08019f68                        . = ALIGN (0x4)
 *fill*         0x08019f43        0x1 

.ARM.extab      0x08019f44        0x0
                0x08019f44                        . = ALIGN (0x4)
 *(.ARM.extab* .gnu.linkonce.armextab.*)
                0x08019f44                        . = ALIGN (0x4)

.ARM            0x08019f44        0x8
                0x08019f44                        . = ALIGN (0x4)
                0x08019f44                        __exidx_start = .
 *(.ARM.exidx*)
 .ARM.exidx     0x08019f44        0x8 C:/ST/STM32CubeIDE_1.16.1/STM32CubeIDE/plugins/com.st.stm32cube.ide.mcu.externaltools.gnu-tools-for-stm32.13.3.rel1.win32_1.0.0.202411081344/tools/bin/../lib/gcc/arm-none-eabi/13.3.1/thumb/v6-m/nofp\libgcc.a(_udivmoddi4.o)
 .ARM.exidx     0x08019f4c        0x0 C:/ST/STM32CubeIDE_1.16.1/STM32CubeIDE/plugins/com.st.stm32cube.ide.mcu.externaltools.gnu-tools-for-stm32.13.3.rel1.win32_1.0.0.202411081344/tools/bin/../lib/gcc/arm-none-eabi/13.3.1/thumb/v6-m/nofp\libgcc.a(_divdi3.o)
                                  0x8 (size before relaxing)
                0x08019f4c                        __exidx_end = .
                0x08019f4c                        . = ALIGN (0x4)

.preinit_array  0x08019f4c        0x0
                0x08019f4c                        . = ALIGN (0x4)
                0x08019f4c                        PROVIDE (__preinit_array_start = .)
 *(.preinit_array*)
                0x08019f4c                        PROVIDE (__preinit_array_end = .)
                0x08019f4c                        . = ALIGN (0x4)

.init_array     0x08019f4c        0x4
                0x08019f4c                        . = ALIGN (0x4)
                0x08019f4c                        PROVIDE (__init_array_start = .)
 *(SORT_BY_NAME(.init_array.*))
 *(.init_array*)
 .init_array    0x08019f4c        0x4 C:/ST/STM32CubeIDE_1.16.1/STM32CubeIDE/plugins/com.st.stm32cube.ide.mcu.externaltools.gnu-tools-for-stm32.13.3.rel1.win32_1.0.0.202411081344/tools/bin/../lib/gcc/arm-none-eabi/13.3.1/thumb/v6-m/nofp/crtbegin.o
                0x08019f50                        PROVIDE (__init_array_end = .)
                0x08019f50                        . = ALIGN (0x4)

.fini_array     0x08019f50        0x4
                0x08019f50                        . = ALIGN (0x4)
                [!provide]                        PROVIDE (__fini_array_start = .)
 *(SORT_BY_NAME(.fini_array.*))
 *(.fini_array*)
 .fini_array    0x08019f50        0x4 C:/ST/STM32CubeIDE_1.16.1/STM32CubeIDE/plugins/com.st.stm32cube.ide.mcu.externaltools.gnu-tools-for-stm32.13.3.rel1.win32_1.0.0.202411081344/tools/bin/../lib/gcc/arm-none-eabi/13.3.1/thumb/v6-m/nofp/crtbegin.o
                [!provide]                        PROVIDE (__fini_array_end = .)
                0x08019f54                        . = ALIGN (0x4)
                0x08019f54                        _sidata = LOADADDR (.data)

.rel.dyn        0x08019f54        0x0
 .rel.iplt      0x08019f54        0x0 C:/ST/STM32CubeIDE_1.16.1/STM32CubeIDE/plugins/com.st.stm32cube.ide.mcu.externaltools.gnu-tools-for-stm32.13.3.rel1.win32_1.0.0.202411081344/tools/bin/../lib/gcc/arm-none-eabi/13.3.1/thumb/v6-m/nofp/crtbegin.o

.data           0x20000000      0x29c load address 0x08019f54
                0x20000000                        . = ALIGN (0x4)
                0x20000000                        _sdata = .
 *(.data)
 *(.data*)
 .data.g_pd9_armed
                0x20000000        0x1 ./Core/Src/application.o
 .data.g_pd8_armed
                0x20000001        0x1 ./Core/Src/application.o
 .data.g_slave_can2_next_frame
                0x20000002        0x1 ./Core/Src/application.o
 .data.g_master_balance_from_done
                0x20000003        0x1 ./Core/Src/application.o
 .data.state_tags.0
                0x20000004        0xc ./Core/Src/application.o
 .data.g_active_cell_count
                0x20000010        0x1 ./Core/Src/board.o
 *fill*         0x20000011        0x1 
 .data.g_bal_floor_mv
                0x20000012        0x2 ./Core/Src/board.o
 .data.iso_line_buf
                0x20000014       0x60 ./Core/Src/board.o
 .data.bal_temp_line_buf
                0x20000074       0x30 ./Core/Src/board.o
 .data.batt_temp_line_buf
                0x200000a4       0x60 ./Core/Src/board.o
 .data.sys_debug
                0x20000104        0x1 ./Core/Src/bq79616.o
                0x20000104                sys_debug
 *fill*         0x20000105        0x3 
 .data.fault_line_buf
                0x20000108       0x40 ./Core/Src/bq79616.o
 .data.mb_from_done
                0x20000148        0x1 ./Core/Src/bq79616.o
 *fill*         0x20000149        0x3 
 .data.SystemCoreClock
                0x2000014c        0x4 ./Core/Src/system_stm32g0xx.o
                0x2000014c                SystemCoreClock
 .data.uwTickPrio
                0x20000150        0x4 ./Drivers/STM32G0xx_HAL_Driver/Src/stm32g0xx_hal.o
                0x20000150                uwTickPrio
 .data.uwTickFreq
                0x20000154        0x1 ./Drivers/STM32G0xx_HAL_Driver/Src/stm32g0xx_hal.o
                0x20000154                uwTickFreq
 *fill*         0x20000155        0x3 
 .data.USBD_CDC_DeviceQualifierDesc
                0x20000158        0xa ./Middlewares/ST/STM32_USB_Device_Library/Class/CDC/Src/usbd_cdc.o
 *fill*         0x20000162        0x2 
 .data.USBD_CDC
                0x20000164       0x38 ./Middlewares/ST/STM32_USB_Device_Library/Class/CDC/Src/usbd_cdc.o
                0x20000164                USBD_CDC
 .data.USBD_CDC_CfgDesc
                0x2000019c       0x43 ./Middlewares/ST/STM32_USB_Device_Library/Class/CDC/Src/usbd_cdc.o
 .data.CDCInEpAdd
                0x200001df        0x1 ./Middlewares/ST/STM32_USB_Device_Library/Class/CDC/Src/usbd_cdc.o
 .data.CDCOutEpAdd
                0x200001e0        0x1 ./Middlewares/ST/STM32_USB_Device_Library/Class/CDC/Src/usbd_cdc.o
 .data.CDCCmdEpAdd
                0x200001e1        0x1 ./Middlewares/ST/STM32_USB_Device_Library/Class/CDC/Src/usbd_cdc.o
 *fill*         0x200001e2        0x2 
 .data.USBD_Interface_fops_FS
                0x200001e4       0x14 ./USB_Device/App/usbd_cdc_if.o
                0x200001e4                USBD_Interface_fops_FS
 .data.CDC_Desc
                0x200001f8       0x20 ./USB_Device/App/usbd_desc.o
                0x200001f8                CDC_Desc
 .data.USBD_CDC_DeviceDesc