../Core/Src/stm32g0xx_hal_msp.c:64:6:HAL_MspInit	16	static
../Core/Src/stm32g0xx_hal_msp.c:91:6:HAL_ADC_MspInit	40	static
../Core/Src/stm32g0xx_hal_msp.c:134:6:HAL_ADC_MspDeInit	8	static
../Core/Src/stm32g0xx_hal_msp.c:169:6:HAL_FDCAN_MspInit	120	static
../Core/Src/stm32g0xx_hal_msp.c:258:6:HAL_FDCAN_MspDeInit	8	static
../Core/Src/stm32g0xx_hal_msp.c:311:6:HAL_TIM_Base_MspInit	16	static
../Core/Src/stm32g0xx_hal_msp.c:350:6:HAL_TIM_Base_MspDeInit	8	static
../Core/Src/stm32g0xx_hal_msp.c:389:6:HAL_UART_MspInit	128	static
../Core/Src/stm32g0xx_hal_msp.c:482:6:HAL_UART_MspDeInit	8	static
