../USB_Device/App/usbd_cdc_if.c:193:15:CDC_Control_FS	0	static
../USB_Device/App/usbd_cdc_if.c:413:13:CDC_Mirror_Reset_FS	0	static,ignoring_inline_asm
../USB_Device/App/usbd_cdc_if.c:178:15:CDC_DeInit_FS	8	static
../USB_Device/App/usbd_cdc_if.c:163:15:CDC_Init_FS	8	static
../USB_Device/App/usbd_cdc_if.c:274:15:CDC_Receive_FS	8	static
../USB_Device/App/usbd_cdc_if.c:440:13:CDC_Mirror_TryStartTx_FS	24	static,ignoring_inline_asm
../USB_Device/App/usbd_cdc_if.c:335:15:CDC_TransmitCplt_FS	8	static,ignoring_inline_asm
../USB_Device/App/usbd_cdc_if.c:294:9:CDC_Transmit_FS	16	static
../USB_Device/App/usbd_cdc_if.c:363:6:CDC_Mirror_Write_FS	32	static,ignoring_inline_asm
