../Core/Inc/digital_io.h:280:20:digital_write	32	static
../Core/Inc/digital_io.h:285:28:digital_read	16	static
../Core/Src/application.c:153:17:application_cell_count_mask	16	static
../Core/Src/application.c:168:16:application_slave_balance_flags	16	static
../Core/Src/application.c:188:13:application_update_slave_clean_cache	40	static
../Core/Src/application.c:223:13:application_slave_take_clean_read	96	static
../Core/Src/application.c:250:13:application_slave_schedule_can2_snapshot	16	static
../Core/Src/application.c:273:13:application_slave_flush_can2	40	static
../Core/Src/application.c:311:13:application_master_queue_balance_command	24	static
../Core/Src/application.c:326:13:application_master_flush_balance_commands	24	static
../Core/Src/application.c:361:13:application_cache_can2_balance_status	32	static
../Core/Src/application.c:399:13:application_slave_handle_balance_command	40	static
../Core/Src/application.c:444:13:application_slave_service_balance	32	static
../Core/Src/application.c:579:13:application_master_service_balance	56	static
../Core/Src/application.c:767:13:application_cache_can2_cell_frame	40	static
../Core/Src/application.c:805:12:application_append_remote_cell_line	48	static
../Core/Src/application.c:869:13:application_has_local_bq79616	8	static
../Core/Src/application.c:875:6:application_setup	144	static
../Core/Src/application.c:1057:6:application_loop	296	static
../Core/Src/application.c:1865:20:pd9_sample_10ms	32	static
../Core/Src/application.c:1905:20:pd8_sample_10ms	32	static
../Core/Src/application.c:1933:6:HAL_TIM_PeriodElapsedCallback	40	static
