../Core/Inc/digital_io.h:280:20:digital_write	32	static
../Core/Inc/digital_io.h:285:28:digital_read	16	static
../Core/Src/board.c:67:6:uart1_dma_wait	8	static
../Core/Src/board.c:90:6:uart1_dma_send	16	static
../Core/Src/board.c:118:10:uart1_dma_buf	8	static
../Core/Src/board.c:132:6:uart1_dma_send_buf	16	static
../Core/Src/board.c:157:13:board_dbg	16	static
../Core/Src/board.c:184:16:board_jumper_bit	16	static
../Core/Src/board.c:193:6:board_refresh_identity_from_jumpers	80	static
../Core/Src/board.c:208:9:board_get_address	8	static
../Core/Src/board.c:213:9:board_get_num_expected_slaves	8	static
../Core/Src/board.c:218:9:board_get_active_cell_count	8	static
../Core/Src/board.c:223:10:board_get_bal_floor_mv	8	static
../Core/Src/board.c:228:6:board_load_runtime_config_from_jumpers	80	static
../Core/Src/board.c:267:6:board_load_runtime_defaults	8	static
../Core/Src/board.c:314:6:board_setup_from_config_jumpers	280	static
../Core/Src/board.c:555:6:board_set_defaults	160	static
../Core/Src/board.c:664:13:contactor_check_fault	112	static
../Core/Src/board.c:700:13:contactor_all_off	48	static
../Core/Src/board.c:735:6:board_contactor_startup	184	static
../Core/Src/board.c:969:6:board_contactor_shutdown	48	static
../Core/Src/board.c:1055:6:board_set_ov_warn_thresh	88	static
../Core/Src/board.c:1075:6:board_set_bal_warn_thresh	88	static
../Core/Src/board.c:1094:6:board_set_uv_warn_thresh	88	static
../Core/Src/board.c:1121:6:board_check_voltage_warnings	56	static
../Core/Src/board.c:1185:13:board_get_iso_line	8	static
../Core/Src/board.c:1190:13:board_get_bal_temp_line	8	static
../Core/Src/board.c:1195:13:board_get_batt_temp_line	8	static
../Core/Src/board.c:1294:6:board_measure_insulation	352	static
../Core/Src/board.c:1707:16:ntc_adc_to_temp_c	40	static
../Core/Src/board.c:1816:9:board_get_balance_temp	104	static
../Core/Src/board.c:1872:6:board_get_battery_temps	144	static
../Core/Src/board.c:1993:13:board_can_init_bus	120	static
../Core/Src/board.c:2038:13:board_can2_init_bus	120	static
../Core/Src/board.c:2099:13:board_can_tx_standard_frame	64	static
../Core/Src/board.c:2125:13:board_can_tx_heartbeat_bus	48	static
../Core/Src/board.c:2162:13:board_can_rx_message_bus	64	static
../Core/Src/board.c:2196:15:board_can_rx_heartbeat_bus	24	static
../Core/Src/board.c:2241:6:board_can_init	8	static
../Core/Src/board.c:2246:6:board_can2_init	8	static
../Core/Src/board.c:2325:6:board_can_tx_heartbeat	40	static
../Core/Src/board.c:2338:6:board_can2_tx_heartbeat	40	static
../Core/Src/board.c:2351:6:board_can2_tx_has_free_slot	8	static
../Core/Src/board.c:2356:6:board_can2_tx_cell_voltage_frame	48	static
../Core/Src/board.c:2398:6:board_can2_tx_cell_voltages	24	static
../Core/Src/board.c:2418:6:board_can2_tx_balance_status	40	static
../Core/Src/board.c:2443:6:board_can2_tx_balance_command	32	static
../Core/Src/board.c:2553:8:board_can_rx_heartbeat	16	static
../Core/Src/board.c:2558:8:board_can2_rx_heartbeat	16	static
../Core/Src/board.c:2563:6:board_can2_rx_message	16	static
