../Core/Src/bq79616.c:79:13:dbg	16	static
../Core/Src/bq79616.c:89:13:dbg_hex	80	static
../Core/Src/bq79616.c:99:13:dbg_frame	120	static
../Core/Src/bq79616.c:144:17:bq79616_crc16	24	static
../Core/Src/bq79616.c:193:13:bq79616_flush_rx	8	static
../Core/Src/bq79616.c:221:13:bq79616_wake_ping	32	static
../Core/Src/bq79616.c:284:13:bq79616_single_read	104	static
../Core/Src/bq79616.c:385:13:bq79616_single_write	48	static
../Core/Src/bq79616.c:444:13:bq79616_broadcast_write	48	static
../Core/Src/bq79616.c:502:13:bq79616_update_otp_crc	32	static
../Core/Src/bq79616.c:543:17:bq79616_gpio_conf_reg	16	static
../Core/Src/bq79616.c:606:6:bq79616_init	32	static
../Core/Src/bq79616.c:812:13:decode_bits	32	static
../Core/Src/bq79616.c:842:13:decode_cell_faults	72	static
../Core/Src/bq79616.c:875:13:decode_gpio_faults	72	static
../Core/Src/bq79616.c:938:6:bq79616_get_status	80	static
../Core/Src/bq79616.c:1343:6:bq79616_pin_mode	88	static
../Core/Src/bq79616.c:1438:6:bq79616_digital_write	32	static
../Core/Src/bq79616.c:1514:5:bq79616_digital_read	24	static
../Core/Src/bq79616.c:1592:6:bq79616_tsref_enable	32	static
../Core/Src/bq79616.c:1682:6:bq79616_adc_start	16	static
../Core/Src/bq79616.c:1718:6:bq79616_adc_stop	16	static
../Core/Src/bq79616.c:1783:9:bq79616_analog_read	32	static
../Core/Src/bq79616.c:1923:6:bq79616_set_adc_offset	144	static
../Core/Src/bq79616.c:2104:6:bq79616_set_active_cells	88	static
../Core/Src/bq79616.c:2212:5:bq79616_read_cell_voltages	96	static
../Core/Src/bq79616.c:2365:6:bq79616_set_ov_thresh	104	static
../Core/Src/bq79616.c:2467:6:bq79616_set_uv_thresh	104	static
../Core/Src/bq79616.c:2630:6:bq79616_auto_balance	200	static
../Core/Src/bq79616.c:3144:5:bq79616_manual_balance	72	static
../Core/Src/bq79616.c:3776:6:bq79616_balance_apply_mask	40	static
../Core/Src/bq79616.c:3833:6:bq79616_balance_prepare_manual	16	static
../Core/Src/bq79616.c:3867:6:bq79616_balance_stop	24	static
../Core/Src/bq79616.c:3928:5:bq79616_balance_get_voltages	24	static
../Core/Src/bq79616.c:3963:13:bq79616_balance_get_status_line	8	static
../Core/Src/bq79616.c:3979:13:bq79616_get_fault_line	8	static
../Core/Src/bq79616.c:4000:10:bq79616_balance_get_mask	8	static
../Core/Src/bq79616.c:4013:9:bq79616_balance_get_min_mv	8	static
../Core/Src/bq79616.c:4018:9:bq79616_balance_get_max_mv	8	static
../Core/Src/bq79616.c:4023:9:bq79616_balance_get_spread_mv	8	static
