../Core/Src/main.c:85:5:main	8	static
../Core/Src/main.c:145:6:SystemClock_Config	96	static
../Core/Src/main.c:195:13:MX_ADC1_Init	24	static
../Core/Src/main.c:276:13:MX_FDCAN1_Init	8	static
../Core/Src/main.c:319:13:MX_FDCAN2_Init	8	static
../Core/Src/main.c:362:13:MX_TIM2_Init	40	static
../Core/Src/main.c:407:13:MX_TIM3_Init	40	static
../Core/Src/main.c:452:13:MX_USART1_UART_Init	8	static
../Core/Src/main.c:500:13:MX_USART6_UART_Init	8	static
../Core/Src/main.c:534:13:MX_DMA_Init	16	static
../Core/Src/main.c:552:13:MX_GPIO_Init	56	static
../Core/Src/main.c:681:6:Error_Handler	8	static,ignoring_inline_asm
