../Core/Src/stm32g0xx_it.c:73:6:NMI_Handler	8	static
../Core/Src/stm32g0xx_it.c:89:6:HardFault_Handler	8	static
../Core/Src/stm32g0xx_it.c:104:6:SVC_Handler	8	static
../Core/Src/stm32g0xx_it.c:117:6:PendSV_Handler	8	static
../Core/Src/stm32g0xx_it.c:130:6:SysTick_Handler	8	static
../Core/Src/stm32g0xx_it.c:151:6:USB_UCPD1_2_IRQHandler	8	static
../Core/Src/stm32g0xx_it.c:165:6:DMA1_Channel1_IRQHandler	8	static
../Core/Src/stm32g0xx_it.c:179:6:TIM2_IRQHandler	8	static
../Core/Src/stm32g0xx_it.c:193:6:TIM3_TIM4_IRQHandler	8	static
../Core/Src/stm32g0xx_it.c:207:6:USART1_IRQHandler	8	static
