Archive member included to satisfy reference by file (symbol)

C:/ST/STM32CubeIDE_1.16.1/STM32CubeIDE/plugins/com.st.stm32cube.ide.mcu.externaltools.gnu-tools-for-stm32.13.3.rel1.win32_1.0.0.202411081344/tools/bin/../lib/gcc/arm-none-eabi/13.3.1/../../../../arm-none-eabi/lib/thumb/v6-m/nofp\libc_nano.a(libc_a-exit.o)
                              C:/ST/STM32CubeIDE_1.16.1/STM32CubeIDE/plugins/com.st.stm32cube.ide.mcu.externaltools.gnu-tools-for-stm32.13.3.rel1.win32_1.0.0.202411081344/tools/bin/../lib/gcc/arm-none-eabi/13.3.1/../../../../arm-none-eabi/lib/thumb/v6-m/nofp/crt0.o (exit)
C:/ST/STM32CubeIDE_1.16.1/STM32CubeIDE/plugins/com.st.stm32cube.ide.mcu.externaltools.gnu-tools-for-stm32.13.3.rel1.win32_1.0.0.202411081344/tools/bin/../lib/gcc/arm-none-eabi/13.3.1/../../../../arm-none-eabi/lib/thumb/v6-m/nofp\libc_nano.a(libc_a-findfp.o)
                              C:/ST/STM32CubeIDE_1.16.1/STM32CubeIDE/plugins/com.st.stm32cube.ide.mcu.externaltools.gnu-tools-for-stm32.13.3.rel1.win32_1.0.0.202411081344/tools/bin/../lib/gcc/arm-none-eabi/13.3.1/../../../../arm-none-eabi/lib/thumb/v6-m/nofp\libc_nano.a(libc_a-exit.o) (__stdio_exit_handler)
C:/ST/STM32CubeIDE_1.16.1/STM32CubeIDE/plugins/com.st.stm32cube.ide.mcu.externaltools.gnu-tools-for-stm32.13.3.rel1.win32_1.0.0.202411081344/tools/bin/../lib/gcc/arm-none-eabi/13.3.1/../../../../arm-none-eabi/lib/thumb/v6-m/nofp\libc_nano.a(libc_a-fwalk.o)
                              C:/ST/STM32CubeIDE_1.16.1/STM32CubeIDE/plugins/com.st.stm32cube.ide.mcu.externaltools.gnu-tools-for-stm32.13.3.rel1.win32_1.0.0.202411081344/tools/bin/../lib/gcc/arm-none-eabi/13.3.1/../../../../arm-none-eabi/lib/thumb/v6-m/nofp\libc_nano.a(libc_a-findfp.o) (_fwalk_sglue)
C:/ST/STM32CubeIDE_1.16.1/STM32CubeIDE/plugins/com.st.stm32cube.ide.mcu.externaltools.gnu-tools-for-stm32.13.3.rel1.win32_1.0.0.202411081344/tools/bin/../lib/gcc/arm-none-eabi/13.3.1/../../../../arm-none-eabi/lib/thumb/v6-m/nofp\libc_nano.a(libc_a-snprintf.o)
                              ./Core/Src/application.o (snprintf)
C:/ST/STM32CubeIDE_1.16.1/STM32CubeIDE/plugins/com.st.stm32cube.ide.mcu.externaltools.gnu-tools-for-stm32.13.3.rel1.win32_1.0.0.202411081344/tools/bin/../lib/gcc/arm-none-eabi/13.3.1/../../../../arm-none-eabi/lib/thumb/v6-m/nofp\libc_nano.a(libc_a-stdio.o)
                              C:/ST/STM32CubeIDE_1.16.1/STM32CubeIDE/plugins/com.st.stm32cube.ide.mcu.externaltools.gnu-tools-for-stm32.13.3.rel1.win32_1.0.0.202411081344/tools/bin/../lib/gcc/arm-none-eabi/13.3.1/../../../../arm-none-eabi/lib/thumb/v6-m/nofp\libc_nano.a(libc_a-findfp.o) (__sread)
C:/ST/STM32CubeIDE_1.16.1/STM32CubeIDE/plugins/com.st.stm32cube.ide.mcu.externaltools.gnu-tools-for-stm32.13.3.rel1.win32_1.0.0.202411081344/tools/bin/../lib/gcc/arm-none-eabi/13.3.1/../../../../arm-none-eabi/lib/thumb/v6-m/nofp\libc_nano.a(libc_a-memset.o)
                              C:/ST/STM32CubeIDE_1.16.1/STM32CubeIDE/plugins/com.st.stm32cube.ide.mcu.externaltools.gnu-tools-for-stm32.13.3.rel1.win32_1.0.0.202411081344/tools/bin/../lib/gcc/arm-none-eabi/13.3.1/../../../../arm-none-eabi/lib/thumb/v6-m/nofp/crt0.o (memset)
C:/ST/STM32CubeIDE_1.16.1/STM32CubeIDE/plugins/com.st.stm32cube.ide.mcu.externaltools.gnu-tools-for-stm32.13.3.rel1.win32_1.0.0.202411081344/tools/bin/../lib/gcc/arm-none-eabi/13.3.1/../../../../arm-none-eabi/lib/thumb/v6-m/nofp\libc_nano.a(libc_a-closer.o)
                              C:/ST/STM32CubeIDE_1.16.1/STM32CubeIDE/plugins/com.st.stm32cube.ide.mcu.externaltools.gnu-tools-for-stm32.13.3.rel1.win32_1.0.0.202411081344/tools/bin/../lib/gcc/arm-none-eabi/13.3.1/../../../../arm-none-eabi/lib/thumb/v6-m/nofp\libc_nano.a(libc_a-stdio.o) (_close_r)
C:/ST/STM32CubeIDE_1.16.1/STM32CubeIDE/plugins/com.st.stm32cube.ide.mcu.externaltools.gnu-tools-for-stm32.13.3.rel1.win32_1.0.0.202411081344/tools/bin/../lib/gcc/arm-none-eabi/13.3.1/../../../../arm-none-eabi/lib/thumb/v6-m/nofp\libc_nano.a(libc_a-reent.o)
                              C:/ST/STM32CubeIDE_1.16.1/STM32CubeIDE/plugins/com.st.stm32cube.ide.mcu.externaltools.gnu-tools-for-stm32.13.3.rel1.win32_1.0.0.202411081344/tools/bin/../lib/gcc/arm-none-eabi/13.3.1/../../../../arm-none-eabi/lib/thumb/v6-m/nofp\libc_nano.a(libc_a-closer.o) (errno)
C:/ST/STM32CubeIDE_1.16.1/STM32CubeIDE/plugins/com.st.stm32cube.ide.mcu.externaltools.gnu-tools-for-stm32.13.3.rel1.win32_1.0.0.202411081344/tools/bin/../lib/gcc/arm-none-eabi/13.3.1/../../../../arm-none-eabi/lib/thumb/v6-m/nofp\libc_nano.a(libc_a-impure.o)
                              C:/ST/STM32CubeIDE_1.16.1/STM32CubeIDE/plugins/com.st.stm32cube.ide.mcu.externaltools.gnu-tools-for-stm32.13.3.rel1.win32_1.0.0.202411081344/tools/bin/../lib/gcc/arm-none-eabi/13.3.1/../../../../arm-none-eabi/lib/thumb/v6-m/nofp\libc_nano.a(libc_a-snprintf.o) (_impure_ptr)
[...]
Memory Configuration

Name             Origin             Length             Attributes
RAM              0x20000000         0x00024000         xrw
FLASH            0x08000000         0x00080000         xr
*default*        0x00000000         0xffffffff

Linker script and memory map

LOAD C:/ST/STM32CubeIDE_1.16.1/STM32CubeIDE/plugins/com.st.stm32cube.ide.mcu.externaltools.gnu-tools-for-stm32.13.3.rel1.win32_1.0.0.202411081344/tools/bin/../lib/gcc/arm-none-eabi/13.3.1/thumb/v6-m/nofp/crti.o
LOAD C:/ST/STM32CubeIDE_1.16.1/STM32CubeIDE/plugins/com.st.stm32cube.ide.mcu.externaltools.gnu-tools-for-stm32.13.3.rel1.win32_1.0.0.202411081344/tools/bin/../lib/gcc/arm-none-eabi/13.3.1/thumb/v6-m/nofp/crtbegin.o
LOAD C:/ST/STM32CubeIDE_1.16.1/STM32CubeIDE/plugins/com.st.stm32cube.ide.mcu.externaltools.gnu-tools-for-stm32.13.3.rel1.win32_1.0.0.202411081344/tools/bin/../lib/gcc/arm-none-eabi/13.3.1/../../../../arm-none-eabi/lib/thumb/v6-m/nofp/crt0.o
LOAD ./Core/Src/application.o
LOAD ./Core/Src/board.o
LOAD ./Core/Src/bq79616.o
LOAD ./Core/Src/main.o
LOAD ./Core/Src/stm32g0xx_hal_msp.o
LOAD ./Core/Src/stm32g0xx_it.o
LOAD ./Core/Src/syscalls.o
LOAD ./Core/Src/sysmem.o
LOAD ./Core/Src/system_stm32g0xx.o
LOAD ./Core/Startup/startup_stm32g0b1retx.o
LOAD ./Drivers/STM32G0xx_HAL_Driver/Src/stm32g0xx_hal.o
LOAD ./Drivers/STM32G0xx_HAL_Driver/Src/stm32g0xx_hal_adc.o
LOAD ./Drivers/STM32G0xx_HAL_Driver/Src/stm32g0xx_hal_adc_ex.o
LOAD ./Drivers/STM32G0xx_HAL_Driver/Src/stm32g0xx_hal_cortex.o
LOAD ./Drivers/STM32G0xx_HAL_Driver/Src/stm32g0xx_hal_dma.o
LOAD ./Drivers/STM32G0xx_HAL_Driver/Src/stm32g0xx_hal_dma_ex.o
LOAD ./Drivers/STM32G0xx_HAL_Driver/Src/stm32g0xx_hal_exti.o
LOAD ./Drivers/STM32G0xx_HAL_Driver/Src/stm32g0xx_hal_fdcan.o
LOAD ./Drivers/STM32G0xx_HAL_Driver/Src/stm32g0xx_hal_flash.o
LOAD ./Drivers/STM32G0xx_HAL_Driver/Src/stm32g0xx_hal_flash_ex.o
LOAD ./Drivers/STM32G0xx_HAL_Driver/Src/stm32g0xx_hal_gpio.o
LOAD ./Drivers/STM32G0xx_HAL_Driver/Src/stm32g0xx_hal_pcd.o
LOAD ./Drivers/STM32G0xx_HAL_Driver/Src/stm32g0xx_hal_pcd_ex.o
LOAD ./Drivers/STM32G0xx_HAL_Driver/Src/stm32g0xx_hal_pwr.o
LOAD ./Drivers/STM32G0xx_HAL_Driver/Src/stm32g0xx_hal_pwr_ex.o
LOAD ./Drivers/STM32G0xx_HAL_Driver/Src/stm32g0xx_hal_rcc.o
LOAD ./Drivers/STM32G0xx_HAL_Driver/Src/stm32g0xx_hal_rcc_ex.o
LOAD ./Drivers/STM32G0xx_HAL_Driver/Src/stm32g0xx_hal_tim.o
LOAD ./Drivers/STM32G0xx_HAL_Driver/Src/stm32g0xx_hal_tim_ex.o
LOAD ./Drivers/STM32G0xx_HAL_Driver/Src/stm32g0xx_hal_uart.o
LOAD ./Drivers/STM32G0xx_HAL_Driver/Src/stm32g0xx_hal_uart_ex.o
LOAD ./Drivers/STM32G0xx_HAL_Driver/Src/stm32g0xx_ll_adc.o
LOAD ./Drivers/STM32G0xx_HAL_Driver/Src/stm32g0xx_ll_rcc.o
LOAD ./Drivers/STM32G0xx_HAL_Driver/Src/stm32g0xx_ll_usb.o
LOAD ./Middlewares/ST/STM32_USB_Device_Library/Class/CDC/Src/usbd_cdc.o
LOAD ./Middlewares/ST/STM32_USB_Device_Library/Core/Src/usbd_core.o
LOAD ./Middlewares/ST/STM32_USB_Device_Library/Core/Src/usbd_ctlreq.o
LOAD ./Middlewares/ST/STM32_USB_Device_Library/Core/Src/usbd_ioreq.o
LOAD ./USB_Device/App/usb_device.o
LOAD ./USB_Device/App/usbd_cdc_if.o
LOAD ./USB_Device/App/usbd_desc.o
LOAD ./USB_Device/Target/usbd_conf.o
START GROUP
LOAD C:/ST/STM32CubeIDE_1.16.1/STM32CubeIDE/plugins/com.st.stm32cube.ide.mcu.externaltools.gnu-tools-for-stm32.13.3.rel1.win32_1.0.0.202411081344/tools/bin/../lib/gcc/arm-none-eabi/13.3.1/../../../../arm-none-eabi/lib/thumb/v6-m/nofp\libc_nano.a
LOAD C:/ST/STM32CubeIDE_1.16.1/STM32CubeIDE/plugins/com.st.stm32cube.ide.mcu.externaltools.gnu-tools-for-stm32.13.3.rel1.win32_1.0.0.202411081344/tools/bin/../lib/gcc/arm-none-eabi/13.3.1/../../../../arm-none-eabi/lib/thumb/v6-m/nofp\libm.a
END GROUP
START GROUP
LOAD C:/ST/STM32CubeIDE_1.16.1/STM32CubeIDE/plugins/com.st.stm32cube.ide.mcu.externaltools.gnu-tools-for-stm32.13.3.rel1.win32_1.0.0.202411081344/tools/bin/../lib/gcc/arm-none-eabi/13.3.1/thumb/v6-m/nofp\libgcc.a
LOAD C:/ST/STM32CubeIDE_1.16.1/STM32CubeIDE/plugins/com.st.stm32cube.ide.mcu.externaltools.gnu-tools-for-stm32.13.3.rel1.win32_1.0.0.202411081344/tools/bin/../lib/gcc/arm-none-eabi/13.3.1/../../../../arm-none-eabi/lib/thumb/v6-m/nofp\libc_nano.a
END GROUP
START GROUP
LOAD C:/ST/STM32CubeIDE_1.16.1/STM32CubeIDE/plugins/com.st.stm32cube.ide.mcu.externaltools.gnu-tools-for-stm32.13.3.rel1.win32_1.0.0.202411081344/tools/bin/../lib/gcc/arm-none-eabi/13.3.1/thumb/v6-m/nofp\libgcc.a
LOAD C:/ST/STM32CubeIDE_1.16.1/STM32CubeIDE/plugins/com.st.stm32cube.ide.mcu.externaltools.gnu-tools-for-stm32.13.3.rel1.win32_1.0.0.202411081344/tools/bin/../lib/gcc/arm-none-eabi/13.3.1/../../../../arm-none-eabi/lib/thumb/v6-m/nofp\libc_nano.a
LOAD C:/ST/STM32CubeIDE_1.16.1/STM32CubeIDE/plugins/com.st.stm32cube.ide.mcu.externaltools.gnu-tools-for-stm32.13.3.rel1.win32_1.0.0.202411081344/tools/bin/../lib/gcc/arm-none-eabi/13.3.1/../../../../arm-none-eabi/lib/thumb/v6-m/nofp\libnosys.a
END GROUP
START GROUP
LOAD C:/ST/STM32CubeIDE_1.16.1/STM32CubeIDE/plugins/com.st.stm32cube.ide.mcu.externaltools.gnu-tools-for-stm32.13.3.rel1.win32_1.0.0.202411081344/tools/bin/../lib/gcc/arm-none-eabi/13.3.1/thumb/v6-m/nofp\libgcc.a
LOAD C:/ST/STM32CubeIDE_1.16.1/STM32CubeIDE/plugins/com.st.stm32cube.ide.mcu.externaltools.gnu-tools-for-stm32.13.3.rel1.win32_1.0.0.202411081344/tools/bin/../lib/gcc/arm-none-eabi/13.3.1/../../../../arm-none-eabi/lib/thumb/v6-m/nofp\libc_nano.a
LOAD C:/ST/STM32CubeIDE_1.16.1/STM32CubeIDE/plugins/com.st.stm32cube.ide.mcu.externaltools.gnu-tools-for-stm32.13.3.rel1.win32_1.0.0.202411081344/tools/bin/../lib/gcc/arm-none-eabi/13.3.1/../../../../arm-none-eabi/lib/thumb/v6-m/nofp\libnosys.a
END GROUP
LOAD C:/ST/STM32CubeIDE_1.16.1/STM32CubeIDE/plugins/com.st.stm32cube.ide.mcu.externaltools.gnu-tools-for-stm32.13.3.rel1.win32_1.0.0.202411081344/tools/bin/../lib/gcc/arm-none-eabi/13.3.1/thumb/v6-m/nofp/crtend.o
LOAD C:/ST/STM32CubeIDE_1.16.1/STM32CubeIDE/plugins/com.st.stm32cube.ide.mcu.externaltools.gnu-tools-for-stm32.13.3.rel1.win32_1.0.0.202411081344/tools/bin/../lib/gcc/arm-none-eabi/13.3.1/thumb/v6-m/nofp/crtn.o
                0x20024000                        _estack = (ORIGIN (RAM) + LENGTH (RAM))
                0x00000200                        _Min_Heap_Size = 0x200
                0x00000400                        _Min_Stack_Size = 0x400

.isr_vector     0x08000000       0xbc
                0x08000000                        . = ALIGN (0x4)
 *(.isr_vector)
 .isr_vector    0x08000000       0xbc ./Core/Startup/startup_stm32g0b1retx.o
                0x08000000                g_pfnVectors
                0x080000bc                        . = ALIGN (0x4)

.text           0x080000bc     0xc3d4
                0x080000bc                        . = ALIGN (0x4)
 *(.text)
 .text          0x080000bc       0x48 C:/ST/STM32CubeIDE_1.16.1/STM32CubeIDE/plugins/com.st.stm32cube.ide.mcu.externaltools.gnu-tools-for-stm32.13.3.rel1.win32_1.0.0.202411081344/tools/bin/../lib/gcc/arm-none-eabi/13.3.1/thumb/v6-m/nofp/crtbegin.o
 .text          0x08000104        0xe C:/ST/STM32CubeIDE_1.16.1/STM32CubeIDE/plugins/com.st.stm32cube.ide.mcu.externaltools.gnu-tools-for-stm32.13.3.rel1.win32_1.0.0.202411081344/tools/bin/../lib/gcc/arm-none-eabi/13.3.1/../../../../arm-none-eabi/lib/thumb/v6-m/nofp\libc_nano.a(libc_a-strlen.o)
                0x08000104                strlen
 *fill*         0x08000112        0x2 
 .text          0x08000114       0x14 C:/ST/STM32CubeIDE_1.16.1/STM32CubeIDE/plugins/com.st.stm32cube.ide.mcu.externaltools.gnu-tools-for-stm32.13.3.rel1.win32_1.0.0.202411081344/tools/bin/../lib/gcc/arm-none-eabi/13.3.1/thumb/v6-m/nofp\libgcc.a(_thumb1_case_sqi.o)
                0x08000114                __gnu_thumb1_case_sqi
 .text          0x08000128       0x14 C:/ST/STM32CubeIDE_1.16.1/STM32CubeIDE/plugins/com.st.stm32cube.ide.mcu.externaltools.gnu-tools-for-stm32.13.3.rel1.win32_1.0.0.202411081344/tools/bin/../lib/gcc/arm-none-eabi/13.3.1/thumb/v6-m/nofp\libgcc.a(_thumb1_case_uqi.o)
                0x08000128                __gnu_thumb1_case_uqi
 .text          0x0800013c       0x14 C:/ST/STM32CubeIDE_1.16.1/STM32CubeIDE/plugins/com.st.stm32cube.ide.mcu.externaltools.gnu-tools-for-stm32.13.3.rel1.win32_1.0.0.202411081344/tools/bin/../lib/gcc/arm-none-eabi/13.3.1/thumb/v6-m/nofp\libgcc.a(_thumb1_case_shi.o)
                0x0800013c                __gnu_thumb1_case_shi
 .text          0x08000150       0x14 C:/ST/STM32CubeIDE_1.16.1/STM32CubeIDE/plugins/com.st.stm32cube.ide.mcu.externaltools.gnu-tools-for-stm32.13.3.rel1.win32_1.0.0.202411081344/tools/bin/../lib/gcc/arm-none-eabi/13.3.1/thumb/v6-m/nofp\libgcc.a(_thumb1_case_uhi.o)
                0x08000150                __gnu_thumb1_case_uhi
 .text          0x08000164      0x114 C:/ST/STM32CubeIDE_1.16.1/STM32CubeIDE/plugins/com.st.stm32cube.ide.mcu.externaltools.gnu-tools-for-stm32.13.3.rel1.win32_1.0.0.202411081344/tools/bin/../lib/gcc/arm-none-eabi/13.3.1/thumb/v6-m/nofp\libgcc.a(_udivsi3.o)
                0x08000164                __aeabi_uidiv
                0x08000164                __udivsi3
                0x08000270                __aeabi_uidivmod
 .text          0x08000278      0x1d4 C:/ST/STM32CubeIDE_1.16.1/STM32CubeIDE/plugins/com.st.stm32cube.ide.mcu.externaltools.gnu-tools-for-stm32.13.3.rel1.win32_1.0.0.202411081344/tools/bin/../lib/gcc/arm-none-eabi/13.3.1/thumb/v6-m/nofp\libgcc.a(_divsi3.o)
                0x08000278                __divsi3
                0x08000278                __aeabi_idiv
                0x08000444                __aeabi_idivmod
 .text          0x0800044c        0x4 C:/ST/STM32CubeIDE_1.16.1/STM32CubeIDE/plugins/com.st.stm32cube.ide.mcu.externaltools.gnu-tools-for-stm32.13.3.rel1.win32_1.0.0.202411081344/tools/bin/../lib/gcc/arm-none-eabi/13.3.1/thumb/v6-m/nofp\libgcc.a(_dvmd_tls.o)
                0x0800044c                __aeabi_idiv0
                0x0800044c                __aeabi_ldiv0
 .text          0x08000450       0x74 C:/ST/STM32CubeIDE_1.16.1/STM32CubeIDE/plugins/com.st.stm32cube.ide.mcu.externaltools.gnu-tools-for-stm32.13.3.rel1.win32_1.0.0.202411081344/tools/bin/../lib/gcc/arm-none-eabi/13.3.1/thumb/v6-m/nofp\libgcc.a(_arm_cmpsf2.o)
                0x08000450                __aeabi_cfrcmple
                0x08000458                __aeabi_cfcmpeq
                0x08000458                __aeabi_cfcmple
                0x08000468                __aeabi_fcmpeq
                0x08000474                __aeabi_fcmplt
                0x08000488                __aeabi_fcmple
                0x0800049c                __aeabi_fcmpgt
                0x080004b0                __aeabi_fcmpge
 .text          0x080004c4       0x48 C:/ST/STM32CubeIDE_1.16.1/STM32CubeIDE/plugins/com.st.stm32cube.ide.mcu.externaltools.gnu-tools-for-stm32.13.3.rel1.win32_1.0.0.202411081344/tools/bin/../lib/gcc/arm-none-eabi/13.3.1/thumb/v6-m/nofp\libgcc.a(_aeabi_ldivmod.o)
                0x080004c4                __aeabi_ldivmod
 .text          0x0800050c       0x40 C:/ST/STM32CubeIDE_1.16.1/STM32CubeIDE/plugins/com.st.stm32cube.ide.mcu.externaltools.gnu-tools-for-stm32.13.3.rel1.win32_1.0.0.202411081344/tools/bin/../lib/gcc/arm-none-eabi/13.3.1/thumb/v6-m/nofp\libgcc.a(_aeabi_uldivmod.o)
                0x0800050c                __aeabi_uldivmod
 .text          0x0800054c       0x5c C:/ST/STM32CubeIDE_1.16.1/STM32CubeIDE/plugins/com.st.stm32cube.ide.mcu.externaltools.gnu-tools-for-stm32.13.3.rel1.win32_1.0.0.202411081344/tools/bin/../lib/gcc/arm-none-eabi/13.3.1/thumb/v6-m/nofp\libgcc.a(_muldi3.o)
                0x0800054c                __muldi3
                0x0800054c                __aeabi_lmul
 .text          0x080005a8      0x198 C:/ST/STM32CubeIDE_1.16.1/STM32CubeIDE/plugins/com.st.stm32cube.ide.mcu.externaltools.gnu-tools-for-stm32.13.3.rel1.win32_1.0.0.202411081344/tools/bin/../lib/gcc/arm-none-eabi/13.3.1/thumb/v6-m/nofp\libgcc.a(_udivmoddi4.o)
                0x080005a8                __udivmoddi4
 .text          0x08000740       0x3c C:/ST/STM32CubeIDE_1.16.1/STM32CubeIDE/plugins/com.st.stm32cube.ide.mcu.externaltools.gnu-tools-for-stm32.13.3.rel1.win32_1.0.0.202411081344/tools/bin/../lib/gcc/arm-none-eabi/13.3.1/thumb/v6-m/nofp\libgcc.a(bpabi.o)
                0x08000740                __gnu_ldivmod_helper
 .text          0x0800077c      0x3e4 C:/ST/STM32CubeIDE_1.16.1/STM32CubeIDE/plugins/com.st.stm32cube.ide.mcu.externaltools.gnu-tools-for-stm32.13.3.rel1.win32_1.0.0.202411081344/tools/bin/../lib/gcc/arm-none-eabi/13.3.1/thumb/v6-m/nofp\libgcc.a(addsf3.o)
                0x0800077c                __aeabi_fadd
 .text          0x08000b60      0x22c C:/ST/STM32CubeIDE_1.16.1/STM32CubeIDE/plugins/com.st.stm32cube.ide.mcu.externaltools.gnu-tools-for-stm32.13.3.rel1.win32_1.0.0.202411081344/tools/bin/../lib/gcc/arm-none-eabi/13.3.1/thumb/v6-m/nofp\libgcc.a(divsf3.o)
                0x08000b60                __aeabi_fdiv
 .text          0x08000d8c       0x50 C:/ST/STM32CubeIDE_1.16.1/STM32CubeIDE/plugins/com.st.stm32cube.ide.mcu.externaltools.gnu-tools-for-stm32.13.3.rel1.win32_1.0.0.202411081344/tools/bin/../lib/gcc/arm-none-eabi/13.3.1/thumb/v6-m/nofp\libgcc.a(eqsf2.o)
                0x08000d8c                __eqsf2
                0x08000d8c                __nesf2
 .text          0x08000ddc       0x90 C:/ST/STM32CubeIDE_1.16.1/STM32CubeIDE/plugins/com.st.stm32cube.ide.mcu.externaltools.gnu-tools-for-stm32.13.3.rel1.win32_1.0.0.202411081344/tools/bin/../lib/gcc/arm-none-eabi/13.3.1/thumb/v6-m/nofp\libgcc.a(gesf2.o)
                0x08000ddc                __gesf2
                0x08000ddc                __gtsf2
 .text          0x08000e6c       0x90 C:/ST/STM32CubeIDE_1.16.1/STM32CubeIDE/plugins/com.st.stm32cube.ide.mcu.externaltools.gnu-tools-for-stm32.13.3.rel1.win32_1.0.0.202411081344/tools/bin/../lib/gcc/arm-none-eabi/13.3.1/thumb/v6-m/nofp\libgcc.a(lesf2.o)
                0x08000e6c                __ltsf2
                0x08000e6c                __lesf2
 .text          0x08000efc      0x2b4 C:/ST/STM32CubeIDE_1.16.1/STM32CubeIDE/plugins/com.st.stm32cube.ide.mcu.externaltools.gnu-tools-for-stm32.13.3.rel1.win32_1.0.0.202411081344/tools/bin/../lib/gcc/arm-none-eabi/13.3.1/thumb/v6-m/nofp\libgcc.a(mulsf3.o)
                0x08000efc                __aeabi_fmul
 .text          0x080011b0      0x4c8 C:/ST/STM32CubeIDE_1.16.1/STM32CubeIDE/plugins/com.st.stm32cube.ide.mcu.externaltools.gnu-tools-for-stm32.13.3.rel1.win32_1.0.0.202411081344/tools/bin/../lib/gcc/arm-none-eabi/13.3.1/thumb/v6-m/nofp\libgcc.a(subsf3.o)
                0x080011b0                __aeabi_fsub
 .text          0x08001678       0x2c C:/ST/STM32CubeIDE_1.16.1/STM32CubeIDE/plugins/com.st.stm32cube.ide.mcu.externaltools.gnu-tools-for-stm32.13.3.rel1.win32_1.0.0.202411081344/tools/bin/../lib/gcc/arm-none-eabi/13.3.1/thumb/v6-m/nofp\libgcc.a(unordsf2.o)
                0x08001678                __aeabi_fcmpun
 .text          0x080016a4       0x40 C:/ST/STM32CubeIDE_1.16.1/STM32CubeIDE/plugins/com.st.stm32cube.ide.mcu.externaltools.gnu-tools-for-stm32.13.3.rel1.win32_1.0.0.202411081344/tools/bin/../lib/gcc/arm-none-eabi/13.3.1/thumb/v6-m/nofp\libgcc.a(fixsfsi.o)
                0x080016a4                __aeabi_f2iz
 .text          0x080016e4       0xa0 C:/ST/STM32CubeIDE_1.16.1/STM32CubeIDE/plugins/com.st.stm32cube.ide.mcu.externaltools.gnu-tools-for-stm32.13.3.rel1.win32_1.0.0.202411081344/tools/bin/../lib/gcc/arm-none-eabi/13.3.1/thumb/v6-m/nofp\libgcc.a(floatsisf.o)
                0x080016e4                __aeabi_i2f
 .text          0x08001784      0x5cc C:/ST/STM32CubeIDE_1.16.1/STM32CubeIDE/plugins/com.st.stm32cube.ide.mcu.externaltools.gnu-tools-for-stm32.13.3.rel1.win32_1.0.0.202411081344/tools/bin/../lib/gcc/arm-none-eabi/13.3.1/thumb/v6-m/nofp\libgcc.a(muldf3.o)
                0x08001784                __aeabi_dmul
 .text          0x08001d50       0x5c C:/ST/STM32CubeIDE_1.16.1/STM32CubeIDE/plugins/com.st.stm32cube.ide.mcu.externaltools.gnu-tools-for-stm32.13.3.rel1.win32_1.0.0.202411081344/tools/bin/../lib/gcc/arm-none-eabi/13.3.1/thumb/v6-m/nofp\libgcc.a(floatsidf.o)
                0x08001d50                __aeabi_i2d
 .text          0x08001dac       0x3c C:/ST/STM32CubeIDE_1.16.1/STM32CubeIDE/plugins/com.st.stm32cube.ide.mcu.externaltools.gnu-tools-for-stm32.13.3.rel1.win32_1.0.0.202411081344/tools/bin/../lib/gcc/arm-none-eabi/13.3.1/thumb/v6-m/nofp\libgcc.a(_clzsi2.o)
                0x08001dac                __clzsi2
 .text          0x08001de8       0x18 C:/ST/STM32CubeIDE_1.16.1/STM32CubeIDE/plugins/com.st.stm32cube.ide.mcu.externaltools.gnu-tools-for-stm32.13.3.rel1.win32_1.0.0.202411081344/tools/bin/../lib/gcc/arm-none-eabi/13.3.1/thumb/v6-m/nofp\libgcc.a(_clzdi2.o)
                0x08001de8                __clzdi2
 .text          0x08001e00      0x1d8 C:/ST/STM32CubeIDE_1.16.1/STM32CubeIDE/plugins/com.st.stm32cube.ide.mcu.externaltools.gnu-tools-for-stm32.13.3.rel1.win32_1.0.0.202411081344/tools/bin/../lib/gcc/arm-none-eabi/13.3.1/thumb/v6-m/nofp\libgcc.a(_divdi3.o)
                0x08001e00                __divdi3
 *(.text*)
 .text.application_slave_take_clean_read
                0x08001fd8       0xa0 ./Core/Src/application.o
 .text.application_setup
                0x08002078      0x1bc ./Core/Src/application.o
                0x08002078                application_setup
 .text.application_loop
                0x08002234      0xf9c ./Core/Src/application.o
                0x08002234                application_loop
 .text.HAL_TIM_PeriodElapsedCallback
                0x080031d0       0xf0 ./Core/Src/application.o
                0x080031d0                HAL_TIM_PeriodElapsedCallback
 .text.ntc_adc_to_temp_c
                0x080032c0       0xc0 ./Core/Src/board.o
 .text.board_can_tx_standard_frame
                0x08003380       0x2a ./Core/Src/board.o
 *fill*         0x080033aa        0x2 
 .text.board_can_tx_heartbeat_bus
                0x080033ac       0x4c ./Core/Src/board.o
 .text.board_can_rx_message_bus
                0x080033f8       0x46 ./Core/Src/board.o
 .text.board_jumper_bit.isra.0
                0x0800343e       0x10 ./Core/Src/board.o
 *fill*         0x0800344e        0x2 
 .text.uart1_dma_wait
                0x08003450       0x10 ./Core/Src/board.o
                0x08003450                uart1_dma_wait
 .text.uart1_dma_send
                0x08003460       0x44 ./Core/Src/board.o
                0x08003460                uart1_dma_send
 .text.board_dbg
                0x080034a4       0x20 ./Core/Src/board.o
 .text.contactor_check_fault.isra.0
                0x080034c4       0x58 ./Core/Src/board.o
 .text.contactor_all_off
                0x0800351c       0x48 ./Core/Src/board.o
 .text.uart1_dma_buf
                0x08003564       0x10 ./Core/Src/board.o
                0x08003564                uart1_dma_buf
 .text.uart1_dma_send_buf
                0x08003574       0x34 ./Core/Src/board.o
                0x08003574                uart1_dma_send_buf
 .text.board_refresh_identity_from_jumpers
                0x080035a8       0x74 ./Core/Src/board.o
                0x080035a8                board_refresh_identity_from_jumpers
 .text.board_get_address
                0x0800361c        0xc ./Core/Src/board.o
                0x0800361c                board_get_address
 .text.board_get_num_expected_slaves
                0x08003628        0xc ./Core/Src/board.o
                0x08003628                board_get_num_expected_slaves
 .text.board_get_active_cell_count
                0x08003634        0xc ./Core/Src/board.o
                0x08003634                board_get_active_cell_count
 .text.board_get_bal_floor_mv
                0x08003640        0xc ./Core/Src/board.o
                0x08003640                board_get_bal_floor_mv
 .text.board_load_runtime_config_from_jumpers
                0x0800364c       0x8c ./Core/Src/board.o
                0x0800364c                board_load_runtime_config_from_jumpers
 .text.board_load_runtime_defaults
                0x080036d8       0x20 ./Core/Src/board.o
                0x080036d8                board_load_runtime_defaults
 .text.board_contactor_startup
                0x080036f8      0x1d0 ./Core/Src/board.o
                0x080036f8                board_contactor_startup
 .text.board_contactor_shutdown
                0x080038c8       0x8c ./Core/Src/board.o
                0x080038c8                board_contactor_shutdown
 .text.board_set_ov_warn_thresh
                0x08003954       0x28 ./Core/Src/board.o
                0x08003954                board_set_ov_warn_thresh
 .text.board_set_bal_warn_thresh
                0x0800397c       0x28 ./Core/Src/board.o
                0x0800397c                board_set_bal_warn_thresh
 .text.board_set_uv_warn_thresh
                0x080039a4       0x28 ./Core/Src/board.o
                0x080039a4                board_set_uv_warn_thresh
 .text.board_setup_from_config_jumpers
                0x080039cc      0x21c ./Core/Src/board.o
                0x080039cc                board_setup_from_config_jumpers
 .text.board_set_defaults
                0x08003be8       0xf8 ./Core/Src/board.o
                0x08003be8                board_set_defaults
 .text.board_check_voltage_warnings
                0x08003ce0       0x84 ./Core/Src/board.o
                0x08003ce0                board_check_voltage_warnings
 .text.board_get_iso_line
                0x08003d64        0x8 ./Core/Src/board.o
                0x08003d64                board_get_iso_line
 .text.board_get_bal_temp_line
                0x08003d6c        0x8 ./Core/Src/board.o
                0x08003d6c                board_get_bal_temp_line
 .text.board_get_batt_temp_line
                0x08003d74        0x8 ./Core/Src/board.o
                0x08003d74                board_get_batt_temp_line
 .text.board_measure_insulation
                0x08003d7c      0x3b8 ./Core/Src/board.o
                0x08003d7c                board_measure_insulation
 .text.board_get_balance_temp
                0x08004134       0x70 ./Core/Src/board.o
                0x08004134                board_get_balance_temp
 .text.board_get_battery_temps
                0x080041a4       0xac ./Core/Src/board.o
                0x080041a4                board_get_battery_temps
 .text.board_can_init
                0x08004250       0x94 ./Core/Src/board.o
                0x08004250                board_can_init
 .text.board_can2_init
                0x080042e4       0xcc ./Core/Src/board.o
                0x080042e4                board_can2_init
 .text.board_can_tx_heartbeat
                0x080043b0       0x20 ./Core/Src/board.o
                0x080043b0                board_can_tx_heartbeat
 .text.board_can2_tx_heartbeat
                0x080043d0       0x20 ./Core/Src/board.o
                0x080043d0                board_can2_tx_heartbeat
 .text.board_can2_tx_has_free_slot
                0x080043f0       0x14 ./Core/Src/board.o
                0x080043f0                board_can2_tx_has_free_slot
 .text.board_can2_tx_cell_voltage_frame
                0x08004404       0x6c ./Core/Src/board.o
                0x08004404                board_can2_tx_cell_voltage_frame
 .text.board_can2_tx_balance_status
                0x08004470       0x44 ./Core/Src/board.o
                0x08004470                board_can2_tx_balance_status
 .text.board_can2_tx_balance_command
                0x080044b4       0x3c ./Core/Src/board.o
                0x080044b4                board_can2_tx_balance_command
 .text.board_can_rx_heartbeat
                0x080044f0       0x2c ./Core/Src/board.o
                0x080044f0                board_can_rx_heartbeat
 .text.board_can2_rx_message
                0x0800451c       0x14 ./Core/Src/board.o
                0x0800451c                board_can2_rx_message
 .text.bq79616_crc16
                0x08004530       0x40 ./Core/Src/bq79616.o
 .text.bq79616_flush_rx
                0x08004570       0x1c ./Core/Src/bq79616.o
 .text.dbg      0x0800458c       0x20 ./Core/Src/bq79616.o
 .text.dbg_frame
                0x080045ac       0x60 ./Core/Src/bq79616.o
 .text.bq79616_single_write
                0x0800460c       0x50 ./Core/Src/bq79616.o
 .text.bq79616_single_read
                0x0800465c       0xb8 ./Core/Src/bq79616.o
 .text.bq79616_update_otp_crc
                0x08004714       0x68 ./Core/Src/bq79616.o
 .text.dbg_hex  0x0800477c       0x20 ./Core/Src/bq79616.o
 .text.decode_cell_faults
                0x0800479c       0x60 ./Core/Src/bq79616.o
 .text.decode_gpio_faults
                0x080047fc       0x38 ./Core/Src/bq79616.o
 .text.decode_bits.constprop.0
                0x08004834       0x3c ./Core/Src/bq79616.o
 .text.bq79616_init
                0x08004870      0x268 ./Core/Src/bq79616.o
                0x08004870                bq79616_init
 .text.bq79616_get_status
                0x08004ad8      0x50c ./Core/Src/bq79616.o
                0x08004ad8                bq79616_get_status
 .text.bq79616_pin_mode
                0x08004fe4       0xb0 ./Core/Src/bq79616.o
                0x08004fe4                bq79616_pin_mode
 .text.bq79616_tsref_enable
                0x08005094       0xa0 ./Core/Src/bq79616.o
                0x08005094                bq79616_tsref_enable
 .text.bq79616_adc_start
                0x08005134       0x34 ./Core/Src/bq79616.o
                0x08005134                bq79616_adc_start
 .text.bq79616_analog_read
                0x08005168       0x90 ./Core/Src/bq79616.o
                0x08005168                bq79616_analog_read
 .text.bq79616_set_adc_offset
                0x080051f8      0x144 ./Core/Src/bq79616.o
                0x080051f8                bq79616_set_adc_offset
 .text.bq79616_set_active_cells
                0x0800533c       0x9c ./Core/Src/bq79616.o
                0x0800533c                bq79616_set_active_cells
 .text.bq79616_read_cell_voltages
                0x080053d8      0x140 ./Core/Src/bq79616.o
                0x080053d8                bq79616_read_cell_voltages
 .text.bq79616_set_ov_thresh
                0x08005518      0x100 ./Core/Src/bq79616.o
                0x08005518                bq79616_set_ov_thresh
 .text.bq79616_set_uv_thresh
                0x08005618       0xd0 ./Core/Src/bq79616.o
                0x08005618                bq79616_set_uv_thresh
 .text.bq79616_balance_apply_mask
                0x080056e8       0x84 ./Core/Src/bq79616.o
                0x080056e8                bq79616_balance_apply_mask
 .text.bq79616_balance_stop
                0x0800576c       0x80 ./Core/Src/bq79616.o
                0x0800576c                bq79616_balance_stop
 .text.bq79616_balance_prepare_manual
                0x080057ec       0x54 ./Core/Src/bq79616.o
                0x080057ec                bq79616_balance_prepare_manual
 .text.bq79616_get_fault_line
                0x08005840        0x8 ./Core/Src/bq79616.o
                0x08005840                bq79616_get_fault_line
 .text.SystemClock_Config
                0x08005848       0x82 ./Core/Src/main.o
                0x08005848                SystemClock_Config
 *fill*         0x080058ca        0x2 
 .text.startup.main
                0x080058cc      0x480 ./Core/Src/main.o
                0x080058cc                main
 .text.Error_Handler
                0x08005d4c        0x4 ./Core/Src/main.o
                0x08005d4c                Error_Handler
 .text.HAL_MspInit
                0x08005d50       0x34 ./Core/Src/stm32g0xx_hal_msp.o
                0x08005d50                HAL_MspInit
 .text.HAL_ADC_MspInit
                0x08005d84       0x84 ./Core/Src/stm32g0xx_hal_msp.o
                0x08005d84                HAL_ADC_MspInit
 .text.HAL_FDCAN_MspInit
                0x08005e08      0x108 ./Core/Src/stm32g0xx_hal_msp.o
                0x08005e08                HAL_FDCAN_MspInit
 .text.HAL_TIM_Base_MspInit
                0x08005f10       0x60 ./Core/Src/stm32g0xx_hal_msp.o
                0x08005f10                HAL_TIM_Base_MspInit
 .text.HAL_UART_MspInit
                0x08005f70      0x10c ./Core/Src/stm32g0xx_hal_msp.o
                0x08005f70                HAL_UART_MspInit
 .text.HAL_UART_MspDeInit
                0x0800607c       0x64 ./Core/Src/stm32g0xx_hal_msp.o
                0x0800607c                HAL_UART_MspDeInit
 .text.NMI_Handler
                0x080060e0        0x8 ./Core/Src/stm32g0xx_it.o
                0x080060e0                NMI_Handler
 .text.HardFault_Handler
                0x080060e8        0x2 ./Core/Src/stm32g0xx_it.o
                0x080060e8                HardFault_Handler
 .text.SVC_Handler
                0x080060ea        0x2 ./Core/Src/stm32g0xx_it.o
                0x080060ea                SVC_Handler
 .text.PendSV_Handler
                0x080060ec        0x2 ./Core/Src/stm32g0xx_it.o
                0x080060ec                PendSV_Handler
 .text.SysTick_Handler
                0x080060ee        0x8 ./Core/Src/stm32g0xx_it.o
                0x080060ee                SysTick_Handler
 *fill*         0x080060f6        0x2 
 .text.USB_UCPD1_2_IRQHandler
                0x080060f8       0x10 ./Core/Src/stm32g0xx_it.o
                0x080060f8                USB_UCPD1_2_IRQHandler
 .text.DMA1_Channel1_IRQHandler
                0x08006108       0x10 ./Core/Src/stm32g0xx_it.o
                0x08006108                DMA1_Channel1_IRQHandler
 .text.TIM2_IRQHandler
                0x08006118       0x10 ./Core/Src/stm32g0xx_it.o
                0x08006118                TIM2_IRQHandler
 .text.TIM3_TIM4_IRQHandler
                0x08006128       0x10 ./Core/Src/stm32g0xx_it.o
                0x08006128                TIM3_TIM4_IRQHandler
 .text.USART1_IRQHandler
                0x08006138       0x10 ./Core/Src/stm32g0xx_it.o
                0x08006138                USART1_IRQHandler
 .text._sbrk    0x08006148       0x40 ./Core/Src/sysmem.o
                0x08006148                _sbrk
 .text.SystemInit
                0x08006188        0x2 ./Core/Src/system_stm32g0xx.o
                0x08006188                SystemInit
 *fill*         0x0800618a        0x2 
 .text.Reset_Handler
                0x0800618c       0x50 ./Core/Startup/startup_stm32g0b1retx.o
                0x0800618c                Reset_Handler
 .text.Default_Handler
                0x080061dc        0x2 ./Core/Startup/startup_stm32g0b1retx.o
                0x080061dc                I2C2_3_IRQHandler
                0x080061dc                USART3_4_5_6_LPUART1_IRQHandler
                0x080061dc                TIM1_CC_IRQHandler
                0x080061dc                ADC1_COMP_IRQHandler
                0x080061dc                I2C1_IRQHandler
                0x080061dc                TIM7_LPTIM2_IRQHandler
                0x080061dc                TIM17_FDCAN_IT1_IRQHandler
                0x080061dc                DMA1_Ch4_7_DMA2_Ch1_5_DMAMUX1_OVR_IRQHandler
                0x080061dc                RCC_CRS_IRQHandler
                0x080061dc                RTC_TAMP_IRQHandler
                0x080061dc                SPI1_IRQHandler
                0x080061dc                EXTI2_3_IRQHandler
                0x080061dc                USART2_LPUART2_IRQHandler
                0x080061dc                PVD_VDDIO2_IRQHandler
                0x080061dc                EXTI4_15_IRQHandler
                0x080061dc                Default_Handler
                0x080061dc                CEC_IRQHandler
                0x080061dc                TIM14_IRQHandler
                0x080061dc                TIM15_IRQHandler
                0x080061dc                EXTI0_1_IRQHandler
                0x080061dc                SPI2_3_IRQHandler
                0x080061dc                TIM6_DAC_LPTIM1_IRQHandler
                0x080061dc                WWDG_IRQHandler
                0x080061dc                DMA1_Channel2_3_IRQHandler
                0x080061dc                FLASH_IRQHandler
                0x080061dc                TIM16_FDCAN_IT0_IRQHandler
                0x080061dc                TIM1_BRK_UP_TRG_COM_IRQHandler
 *fill*         0x080061de        0x2 
 .text.HAL_InitTick
                0x080061e0       0x50 ./Drivers/STM32G0xx_HAL_Driver/Src/stm32g0xx_hal.o
                0x080061e0                HAL_InitTick
 .text.HAL_Init
                0x08006230       0x28 ./Drivers/STM32G0xx_HAL_Driver/Src/stm32g0xx_hal.o
                0x08006230                HAL_Init
 .text.HAL_IncTick
                0x08006258       0x18 ./Drivers/STM32G0xx_HAL_Driver/Src/stm32g0xx_hal.o
                0x08006258                HAL_IncTick
 .text.HAL_GetTick
                0x08006270        0xc ./Drivers/STM32G0xx_HAL_Driver/Src/stm32g0xx_hal.o
                0x08006270                HAL_GetTick
 .text.HAL_Delay
                0x0800627c       0x24 ./Drivers/STM32G0xx_HAL_Driver/Src/stm32g0xx_hal.o
                0x0800627c                HAL_Delay
 .text.HAL_SYSCFG_StrobeDBattpinsConfig
                0x080062a0       0x18 ./Drivers/STM32G0xx_HAL_Driver/Src/stm32g0xx_hal.o
                0x080062a0                HAL_SYSCFG_StrobeDBattpinsConfig
 .text.LL_ADC_REG_IsConversionOngoing
                0x080062b8        0x8 ./Drivers/STM32G0xx_HAL_Driver/Src/stm32g0xx_hal_adc.o
 .text.HAL_ADC_Init
                0x080062c0      0x220 ./Drivers/STM32G0xx_HAL_Driver/Src/stm32g0xx_hal_adc.o
                0x080062c0                HAL_ADC_Init
 .text.HAL_ADC_ConfigChannel
                0x080064e0      0x248 ./Drivers/STM32G0xx_HAL_Driver/Src/stm32g0xx_hal_adc.o
                0x080064e0                HAL_ADC_ConfigChannel
 .text.HAL_NVIC_SetPriority
                0x08006728       0x54 ./Drivers/STM32G0xx_HAL_Driver/Src/stm32g0xx_hal_cortex.o
                0x08006728                HAL_NVIC_SetPriority
 .text.HAL_NVIC_EnableIRQ
                0x0800677c       0x18 ./Drivers/STM32G0xx_HAL_Driver/Src/stm32g0xx_hal_cortex.o
                0x0800677c                HAL_NVIC_EnableIRQ
 .text.HAL_NVIC_DisableIRQ
                0x08006794       0x20 ./Drivers/STM32G0xx_HAL_Driver/Src/stm32g0xx_hal_cortex.o
                0x08006794                HAL_NVIC_DisableIRQ
 .text.HAL_SYSTICK_Config
                0x080067b4       0x34 ./Drivers/STM32G0xx_HAL_Driver/Src/stm32g0xx_hal_cortex.o
                0x080067b4                HAL_SYSTICK_Config
 .text.DMA_SetConfig
                0x080067e8       0x38 ./Drivers/STM32G0xx_HAL_Driver/Src/stm32g0xx_hal_dma.o
 .text.DMA_CalcDMAMUXChannelBaseAndMask
                0x08006820       0x4c ./Drivers/STM32G0xx_HAL_Driver/Src/stm32g0xx_hal_dma.o
 .text.HAL_DMA_Init
                0x0800686c       0xdc ./Drivers/STM32G0xx_HAL_Driver/Src/stm32g0xx_hal_dma.o
                0x0800686c                HAL_DMA_Init
 .text.HAL_DMA_DeInit
                0x08006948       0xa8 ./Drivers/STM32G0xx_HAL_Driver/Src/stm32g0xx_hal_dma.o
                0x08006948                HAL_DMA_DeInit
 .text.HAL_DMA_Start_IT
                0x080069f0       0x90 ./Drivers/STM32G0xx_HAL_Driver/Src/stm32g0xx_hal_dma.o
                0x080069f0                HAL_DMA_Start_IT
 .text.HAL_DMA_Abort
                0x08006a80       0x6c ./Drivers/STM32G0xx_HAL_Driver/Src/stm32g0xx_hal_dma.o
                0x08006a80                HAL_DMA_Abort
 .text.HAL_DMA_Abort_IT
                0x08006aec       0x6c ./Drivers/STM32G0xx_HAL_Driver/Src/stm32g0xx_hal_dma.o
                0x08006aec                HAL_DMA_Abort_IT
 .text.HAL_DMA_IRQHandler
                0x08006b58       0xb0 ./Drivers/STM32G0xx_HAL_Driver/Src/stm32g0xx_hal_dma.o
                0x08006b58                HAL_DMA_IRQHandler
 .text.HAL_FDCAN_Init
                0x08006c08      0x21c ./Drivers/STM32G0xx_HAL_Driver/Src/stm32g0xx_hal_fdcan.o
                0x08006c08                HAL_FDCAN_Init
 .text.HAL_FDCAN_ConfigFilter
                0x08006e24       0x52 ./Drivers/STM32G0xx_HAL_Driver/Src/stm32g0xx_hal_fdcan.o
                0x08006e24                HAL_FDCAN_ConfigFilter
 .text.HAL_FDCAN_ConfigGlobalFilter
                0x08006e76       0x38 ./Drivers/STM32G0xx_HAL_Driver/Src/stm32g0xx_hal_fdcan.o
                0x08006e76                HAL_FDCAN_ConfigGlobalFilter
 .text.HAL_FDCAN_Start
                0x08006eae       0x2c ./Drivers/STM32G0xx_HAL_Driver/Src/stm32g0xx_hal_fdcan.o
                0x08006eae                HAL_FDCAN_Start
 *fill*         0x08006eda        0x2 
 .text.HAL_FDCAN_AddMessageToTxFifoQ
                0x08006edc       0xc8 ./Drivers/STM32G0xx_HAL_Driver/Src/stm32g0xx_hal_fdcan.o
                0x08006edc                HAL_FDCAN_AddMessageToTxFifoQ
 .text.HAL_FDCAN_GetRxMessage
                0x08006fa4      0x11c ./Drivers/STM32G0xx_HAL_Driver/Src/stm32g0xx_hal_fdcan.o
                0x08006fa4                HAL_FDCAN_GetRxMessage
 .text.HAL_FDCAN_GetRxFifoFillLevel
                0x080070c0       0x14 ./Drivers/STM32G0xx_HAL_Driver/Src/stm32g0xx_hal_fdcan.o
                0x080070c0                HAL_FDCAN_GetRxFifoFillLevel
 .text.HAL_FDCAN_GetTxFifoFreeLevel
                0x080070d4        0xc ./Drivers/STM32G0xx_HAL_Driver/Src/stm32g0xx_hal_fdcan.o
                0x080070d4                HAL_FDCAN_GetTxFifoFreeLevel
 .text.HAL_GPIO_Init
                0x080070e0      0x170 ./Drivers/STM32G0xx_HAL_Driver/Src/stm32g0xx_hal_gpio.o
                0x080070e0                HAL_GPIO_Init
 .text.HAL_GPIO_DeInit
                0x08007250       0xf0 ./Drivers/STM32G0xx_HAL_Driver/Src/stm32g0xx_hal_gpio.o
                0x08007250                HAL_GPIO_DeInit
 .text.HAL_GPIO_ReadPin
                0x08007340        0xc ./Drivers/STM32G0xx_HAL_Driver/Src/stm32g0xx_hal_gpio.o
                0x08007340                HAL_GPIO_ReadPin
 .text.HAL_GPIO_WritePin
                0x0800734c        0xc ./Drivers/STM32G0xx_HAL_Driver/Src/stm32g0xx_hal_gpio.o
                0x0800734c                HAL_GPIO_WritePin
 .text.PCD_GET_EP_DBUF0_CNT.isra.0
                0x08007358       0x28 ./Drivers/STM32G0xx_HAL_Driver/Src/stm32g0xx_hal_pcd.o
 .text.PCD_GET_EP_RX_CNT.isra.0
                0x08007380       0x28 ./Drivers/STM32G0xx_HAL_Driver/Src/stm32g0xx_hal_pcd.o
 .text.HAL_PCD_Init
                0x080073a8       0xa0 ./Drivers/STM32G0xx_HAL_Driver/Src/stm32g0xx_hal_pcd.o
                0x080073a8                HAL_PCD_Init
 .text.HAL_PCD_Start
                0x08007448       0x26 ./Drivers/STM32G0xx_HAL_Driver/Src/stm32g0xx_hal_pcd.o
                0x08007448                HAL_PCD_Start
 .text.HAL_PCD_SetAddress
                0x0800746e       0x22 ./Drivers/STM32G0xx_HAL_Driver/Src/stm32g0xx_hal_pcd.o
                0x0800746e                HAL_PCD_SetAddress
 .text.HAL_PCD_IRQHandler
                0x08007490      0x8cc ./Drivers/STM32G0xx_HAL_Driver/Src/stm32g0xx_hal_pcd.o
                0x08007490                HAL_PCD_IRQHandler
 .text.HAL_PCD_EP_Open
                0x08007d5c       0x58 ./Drivers/STM32G0xx_HAL_Driver/Src/stm32g0xx_hal_pcd.o
                0x08007d5c                HAL_PCD_EP_Open
 .text.HAL_PCD_EP_Close
                0x08007db4       0x4c ./Drivers/STM32G0xx_HAL_Driver/Src/stm32g0xx_hal_pcd.o
                0x08007db4                HAL_PCD_EP_Close
 .text.HAL_PCD_EP_Receive
                0x08007e00       0x36 ./Drivers/STM32G0xx_HAL_Driver/Src/stm32g0xx_hal_pcd.o
                0x08007e00                HAL_PCD_EP_Receive
 .text.HAL_PCD_EP_GetRxCount
                0x08007e36       0x10 ./Drivers/STM32G0xx_HAL_Driver/Src/stm32g0xx_hal_pcd.o
                0x08007e36                HAL_PCD_EP_GetRxCount
 .text.HAL_PCD_EP_Transmit
                0x08007e46       0x30 ./Drivers/STM32G0xx_HAL_Driver/Src/stm32g0xx_hal_pcd.o
                0x08007e46                HAL_PCD_EP_Transmit
 .text.HAL_PCD_EP_SetStall
                0x08007e76       0x5c ./Drivers/STM32G0xx_HAL_Driver/Src/stm32g0xx_hal_pcd.o
                0x08007e76                HAL_PCD_EP_SetStall
 .text.HAL_PCD_EP_ClrStall
                0x08007ed2       0x5c ./Drivers/STM32G0xx_HAL_Driver/Src/stm32g0xx_hal_pcd.o
                0x08007ed2                HAL_PCD_EP_ClrStall
 .text.HAL_PCDEx_PMAConfig
                0x08007f2e       0x30 ./Drivers/STM32G0xx_HAL_Driver/Src/stm32g0xx_hal_pcd_ex.o
                0x08007f2e                HAL_PCDEx_PMAConfig
 .text.HAL_PCDEx_ActivateLPM
                0x08007f5e       0x26 ./Drivers/STM32G0xx_HAL_Driver/Src/stm32g0xx_hal_pcd_ex.o
                0x08007f5e                HAL_PCDEx_ActivateLPM
 .text.HAL_PWREx_EnableVddUSB
                0x08007f84       0x14 ./Drivers/STM32G0xx_HAL_Driver/Src/stm32g0xx_hal_pwr_ex.o
                0x08007f84                HAL_PWREx_EnableVddUSB
 .text.HAL_PWREx_ControlVoltageScaling
                0x08007f98       0x58 ./Drivers/STM32G0xx_HAL_Driver/Src/stm32g0xx_hal_pwr_ex.o
                0x08007f98                HAL_PWREx_ControlVoltageScaling
 .text.HAL_RCC_OscConfig
                0x08007ff0      0x4a8 ./Drivers/STM32G0xx_HAL_Driver/Src/stm32g0xx_hal_rcc.o
                0x08007ff0                HAL_RCC_OscConfig
 .text.HAL_RCC_GetSysClockFreq
                0x08008498       0x88 ./Drivers/STM32G0xx_HAL_Driver/Src/stm32g0xx_hal_rcc.o
                0x08008498                HAL_RCC_GetSysClockFreq
 .text.HAL_RCC_ClockConfig
                0x08008520      0x154 ./Drivers/STM32G0xx_HAL_Driver/Src/stm32g0xx_hal_rcc.o
                0x08008520                HAL_RCC_ClockConfig
 .text.HAL_RCC_GetPCLK1Freq
                0x08008674       0x28 ./Drivers/STM32G0xx_HAL_Driver/Src/stm32g0xx_hal_rcc.o
                0x08008674                HAL_RCC_GetPCLK1Freq
 .text.HAL_RCC_EnableCSS
                0x0800869c       0x14 ./Drivers/STM32G0xx_HAL_Driver/Src/stm32g0xx_hal_rcc.o
                0x0800869c                HAL_RCC_EnableCSS
 .text.HAL_RCC_CSSCallback
                0x080086b0        0x2 ./Drivers/STM32G0xx_HAL_Driver/Src/stm32g0xx_hal_rcc.o
                0x080086b0                HAL_RCC_CSSCallback
 .text.HAL_RCC_LSECSSCallback
                0x080086b2        0x2 ./Drivers/STM32G0xx_HAL_Driver/Src/stm32g0xx_hal_rcc.o
                0x080086b2                HAL_RCC_LSECSSCallback
 .text.HAL_RCC_NMI_IRQHandler
                0x080086b4       0x24 ./Drivers/STM32G0xx_HAL_Driver/Src/stm32g0xx_hal_rcc.o
                0x080086b4                HAL_RCC_NMI_IRQHandler
 .text.HAL_RCCEx_PeriphCLKConfig
                0x080086d8      0x2a4 ./Drivers/STM32G0xx_HAL_Driver/Src/stm32g0xx_hal_rcc_ex.o
                0x080086d8                HAL_RCCEx_PeriphCLKConfig
 .text.HAL_TIM_Base_Start_IT
                0x0800897c       0x74 ./Drivers/STM32G0xx_HAL_Driver/Src/stm32g0xx_hal_tim.o
                0x0800897c                HAL_TIM_Base_Start_IT
 .text.HAL_TIM_OC_DelayElapsedCallback
                0x080089f0        0x2 ./Drivers/STM32G0xx_HAL_Driver/Src/stm32g0xx_hal_tim.o
                0x080089f0                HAL_TIM_OC_DelayElapsedCallback
 .text.HAL_TIM_IC_CaptureCallback
                0x080089f2        0x2 ./Drivers/STM32G0xx_HAL_Driver/Src/stm32g0xx_hal_tim.o
                0x080089f2                HAL_TIM_IC_CaptureCallback
 .text.HAL_TIM_PWM_PulseFinishedCallback
                0x080089f4        0x2 ./Drivers/STM32G0xx_HAL_Driver/Src/stm32g0xx_hal_tim.o
                0x080089f4                HAL_TIM_PWM_PulseFinishedCallback
 .text.HAL_TIM_TriggerCallback
                0x080089f6        0x2 ./Drivers/STM32G0xx_HAL_Driver/Src/stm32g0xx_hal_tim.o
                0x080089f6                HAL_TIM_TriggerCallback
 .text.HAL_TIM_IRQHandler
                0x080089f8      0x158 ./Drivers/STM32G0xx_HAL_Driver/Src/stm32g0xx_hal_tim.o
                0x080089f8                HAL_TIM_IRQHandler
 .text.TIM_Base_SetConfig
                0x08008b50       0xa8 ./Drivers/STM32G0xx_HAL_Driver/Src/stm32g0xx_hal_tim.o
                0x08008b50                TIM_Base_SetConfig
 .text.HAL_TIM_Base_Init
                0x08008bf8       0x54 ./Drivers/STM32G0xx_HAL_Driver/Src/stm32g0xx_hal_tim.o
                0x08008bf8                HAL_TIM_Base_Init
 .text.TIM_ETR_SetConfig
                0x08008c4c       0x18 ./Drivers/STM32G0xx_HAL_Driver/Src/stm32g0xx_hal_tim.o
                0x08008c4c                TIM_ETR_SetConfig
 .text.HAL_TIM_ConfigClockSource
                0x08008c64      0x130 ./Drivers/STM32G0xx_HAL_Driver/Src/stm32g0xx_hal_tim.o
                0x08008c64                HAL_TIM_ConfigClockSource
 .text.HAL_TIMEx_MasterConfigSynchronization
                0x08008d94       0x7c ./Drivers/STM32G0xx_HAL_Driver/Src/stm32g0xx_hal_tim_ex.o
                0x08008d94                HAL_TIMEx_MasterConfigSynchronization
 .text.HAL_TIMEx_CommutCallback
                0x08008e10        0x2 ./Drivers/STM32G0xx_HAL_Driver/Src/stm32g0xx_hal_tim_ex.o
                0x08008e10                HAL_TIMEx_CommutCallback
 .text.HAL_TIMEx_BreakCallback
                0x08008e12        0x2 ./Drivers/STM32G0xx_HAL_Driver/Src/stm32g0xx_hal_tim_ex.o
                0x08008e12                HAL_TIMEx_BreakCallback
 .text.HAL_TIMEx_Break2Callback
                0x08008e14        0x2 ./Drivers/STM32G0xx_HAL_Driver/Src/stm32g0xx_hal_tim_ex.o
                0x08008e14                HAL_TIMEx_Break2Callback
 *fill*         0x08008e16        0x2 
 .text.UART_EndTxTransfer
                0x08008e18       0x3c ./Drivers/STM32G0xx_HAL_Driver/Src/stm32g0xx_hal_uart.o
 .text.UART_EndRxTransfer
                0x08008e54       0x64 ./Drivers/STM32G0xx_HAL_Driver/Src/stm32g0xx_hal_uart.o
 .text.HAL_UART_DeInit
                0x08008eb8       0x40 ./Drivers/STM32G0xx_HAL_Driver/Src/stm32g0xx_hal_uart.o
                0x08008eb8                HAL_UART_DeInit
 .text.HAL_UART_Transmit_DMA
                0x08008ef8       0xa4 ./Drivers/STM32G0xx_HAL_Driver/Src/stm32g0xx_hal_uart.o
                0x08008ef8                HAL_UART_Transmit_DMA
 .text.HAL_UART_TxCpltCallback
                0x08008f9c        0x2 ./Drivers/STM32G0xx_HAL_Driver/Src/stm32g0xx_hal_uart.o
                0x08008f9c                HAL_UART_TxCpltCallback
 .text.UART_DMATransmitCplt
                0x08008f9e       0x50 ./Drivers/STM32G0xx_HAL_Driver/Src/stm32g0xx_hal_uart.o
 .text.HAL_UART_TxHalfCpltCallback
                0x08008fee        0x2 ./Drivers/STM32G0xx_HAL_Driver/Src/stm32g0xx_hal_uart.o
                0x08008fee                HAL_UART_TxHalfCpltCallback
 .text.UART_DMATxHalfCplt
                0x08008ff0        0xa ./Drivers/STM32G0xx_HAL_Driver/Src/stm32g0xx_hal_uart.o
 .text.HAL_UART_ErrorCallback
                0x08008ffa        0x2 ./Drivers/STM32G0xx_HAL_Driver/Src/stm32g0xx_hal_uart.o
                0x08008ffa                HAL_UART_ErrorCallback
 .text.UART_DMAError
                0x08008ffc       0x54 ./Drivers/STM32G0xx_HAL_Driver/Src/stm32g0xx_hal_uart.o
 .text.UART_DMAAbortOnError
                0x08009050       0x16 ./Drivers/STM32G0xx_HAL_Driver/Src/stm32g0xx_hal_uart.o
 .text.HAL_UARTEx_RxEventCallback
                0x08009066        0x2 ./Drivers/STM32G0xx_HAL_Driver/Src/stm32g0xx_hal_uart.o
                0x08009066                HAL_UARTEx_RxEventCallback
 .text.HAL_UART_IRQHandler
                0x08009068      0x33c ./Drivers/STM32G0xx_HAL_Driver/Src/stm32g0xx_hal_uart.o
                0x08009068                HAL_UART_IRQHandler
 .text.UART_SetConfig
                0x080093a4      0x28c ./Drivers/STM32G0xx_HAL_Driver/Src/stm32g0xx_hal_uart.o
                0x080093a4                UART_SetConfig
 .text.UART_AdvFeatureConfig
                0x08009630       0xd0 ./Drivers/STM32G0xx_HAL_Driver/Src/stm32g0xx_hal_uart.o
                0x08009630                UART_AdvFeatureConfig
 .text.UART_WaitOnFlagUntilTimeout
                0x08009700       0x92 ./Drivers/STM32G0xx_HAL_Driver/Src/stm32g0xx_hal_uart.o
                0x08009700                UART_WaitOnFlagUntilTimeout
 .text.HAL_UART_Transmit
                0x08009792       0xd4 ./Drivers/STM32G0xx_HAL_Driver/Src/stm32g0xx_hal_uart.o
                0x08009792                HAL_UART_Transmit
 *fill*         0x08009866        0x2 
 .text.HAL_UART_Receive
                0x08009868      0x100 ./Drivers/STM32G0xx_HAL_Driver/Src/stm32g0xx_hal_uart.o
                0x08009868                HAL_UART_Receive
 .text.UART_CheckIdleState
                0x08009968       0xc8 ./Drivers/STM32G0xx_HAL_Driver/Src/stm32g0xx_hal_uart.o
                0x08009968                UART_CheckIdleState
 .text.HAL_UART_Init
                0x08009a30       0x68 ./Drivers/STM32G0xx_HAL_Driver/Src/stm32g0xx_hal_uart.o
                0x08009a30                HAL_UART_Init
 .text.UARTEx_SetNbDataToProcess
                0x08009a98       0x50 ./Drivers/STM32G0xx_HAL_Driver/Src/stm32g0xx_hal_uart_ex.o
 .text.HAL_UARTEx_WakeupCallback
                0x08009ae8        0x2 ./Drivers/STM32G0xx_HAL_Driver/Src/stm32g0xx_hal_uart_ex.o
                0x08009ae8                HAL_UARTEx_WakeupCallback
 .text.HAL_UARTEx_RxFifoFullCallback
                0x08009aea        0x2 ./Drivers/STM32G0xx_HAL_Driver/Src/stm32g0xx_hal_uart_ex.o
                0x08009aea                HAL_UARTEx_RxFifoFullCallback
 .text.HAL_UARTEx_TxFifoEmptyCallback
                0x08009aec        0x2 ./Drivers/STM32G0xx_HAL_Driver/Src/stm32g0xx_hal_uart_ex.o
                0x08009aec                HAL_UARTEx_TxFifoEmptyCallback
 *fill*         0x08009aee        0x2 
 .text.HAL_UARTEx_DisableFifoMode
                0x08009af0       0x3c ./Drivers/STM32G0xx_HAL_Driver/Src/stm32g0xx_hal_uart_ex.o
                0x08009af0                HAL_UARTEx_DisableFifoMode
 .text.HAL_UARTEx_SetTxFifoThreshold
                0x08009b2c       0x40 ./Drivers/STM32G0xx_HAL_Driver/Src/stm32g0xx_hal_uart_ex.o
                0x08009b2c                HAL_UARTEx_SetTxFifoThreshold
 .text.HAL_UARTEx_SetRxFifoThreshold
                0x08009b6c       0x44 ./Drivers/STM32G0xx_HAL_Driver/Src/stm32g0xx_hal_uart_ex.o
                0x08009b6c                HAL_UARTEx_SetRxFifoThreshold
 .text.USB_EnableGlobalInt
                0x08009bb0       0x10 ./Drivers/STM32G0xx_HAL_Driver/Src/stm32g0xx_ll_usb.o
                0x08009bb0                USB_EnableGlobalInt
 .text.USB_DisableGlobalInt
                0x08009bc0       0x10 ./Drivers/STM32G0xx_HAL_Driver/Src/stm32g0xx_ll_usb.o
                0x08009bc0                USB_DisableGlobalInt
 .text.USB_DevInit
                0x08009bd0       0x2a ./Drivers/STM32G0xx_HAL_Driver/Src/stm32g0xx_ll_usb.o
                0x08009bd0                USB_DevInit
 *fill*         0x08009bfa        0x2 
 .text.USB_ActivateEndpoint
                0x08009bfc      0x20c ./Drivers/STM32G0xx_HAL_Driver/Src/stm32g0xx_ll_usb.o
                0x08009bfc                USB_ActivateEndpoint
 .text.USB_DeactivateEndpoint
                0x08009e08       0xe0 ./Drivers/STM32G0xx_HAL_Driver/Src/stm32g0xx_ll_usb.o
                0x08009e08                USB_DeactivateEndpoint
 .text.USB_EPSetStall
                0x08009ee8       0x40 ./Drivers/STM32G0xx_HAL_Driver/Src/stm32g0xx_ll_usb.o
                0x08009ee8                USB_EPSetStall
 .text.USB_EPClearStall
                0x08009f28       0x74 ./Drivers/STM32G0xx_HAL_Driver/Src/stm32g0xx_ll_usb.o
                0x08009f28                USB_EPClearStall
 .text.USB_SetDevAddress
                0x08009f9c        0xc ./Drivers/STM32G0xx_HAL_Driver/Src/stm32g0xx_ll_usb.o
                0x08009f9c                USB_SetDevAddress
 .text.USB_DevConnect
                0x08009fa8        0xe ./Drivers/STM32G0xx_HAL_Driver/Src/stm32g0xx_ll_usb.o
                0x08009fa8                USB_DevConnect
 .text.USB_ReadInterrupts
                0x08009fb6        0x4 ./Drivers/STM32G0xx_HAL_Driver/Src/stm32g0xx_ll_usb.o
                0x08009fb6                USB_ReadInterrupts
 *fill*         0x08009fba        0x2 
 .text.USB_WritePMA
                0x08009fbc       0x5c ./Drivers/STM32G0xx_HAL_Driver/Src/stm32g0xx_ll_usb.o
                0x08009fbc                USB_WritePMA
 .text.USB_EPStartXfer
                0x0800a018      0x3f4 ./Drivers/STM32G0xx_HAL_Driver/Src/stm32g0xx_ll_usb.o
                0x0800a018                USB_EPStartXfer
 .text.USB_ReadPMA
                0x0800a40c       0x54 ./Drivers/STM32G0xx_HAL_Driver/Src/stm32g0xx_ll_usb.o
                0x0800a40c                USB_ReadPMA
 .text.USBD_CDC_EP0_RxReady
                0x0800a460       0x44 ./Middlewares/ST/STM32_USB_Device_Library/Class/CDC/Src/usbd_cdc.o
 .text.USBD_CDC_GetDeviceQualifierDescriptor
                0x0800a4a4        0xc ./Middlewares/ST/STM32_USB_Device_Library/Class/CDC/Src/usbd_cdc.o
                0x0800a4a4                USBD_CDC_GetDeviceQualifierDescriptor
 .text.USBD_CDC_GetFSCfgDesc
                0x0800a4b0       0x50 ./Middlewares/ST/STM32_USB_Device_Library/Class/CDC/Src/usbd_cdc.o
 .text.USBD_CDC_GetOtherSpeedCfgDesc
                0x0800a500        0x8 ./Middlewares/ST/STM32_USB_Device_Library/Class/CDC/Src/usbd_cdc.o
 .text.USBD_CDC_GetHSCfgDesc
                0x0800a508       0x50 ./Middlewares/ST/STM32_USB_Device_Library/Class/CDC/Src/usbd_cdc.o
 .text.USBD_CDC_DataOut
                0x0800a558       0x3c ./Middlewares/ST/STM32_USB_Device_Library/Class/CDC/Src/usbd_cdc.o
 .text.USBD_CDC_DataIn
                0x0800a594       0x7a ./Middlewares/ST/STM32_USB_Device_Library/Class/CDC/Src/usbd_cdc.o
 *fill*         0x0800a60e        0x2 
 .text.USBD_CDC_Setup
                0x0800a610       0xf4 ./Middlewares/ST/STM32_USB_Device_Library/Class/CDC/Src/usbd_cdc.o
 .text.USBD_CDC_DeInit
                0x0800a704       0x62 ./Middlewares/ST/STM32_USB_Device_Library/Class/CDC/Src/usbd_cdc.o
 .text.USBD_CDC_Init
                0x0800a766       0xd8 ./Middlewares/ST/STM32_USB_Device_Library/Class/CDC/Src/usbd_cdc.o
 .text.USBD_CDC_RegisterInterface
                0x0800a83e       0x1a ./Middlewares/ST/STM32_USB_Device_Library/Class/CDC/Src/usbd_cdc.o
                0x0800a83e                USBD_CDC_RegisterInterface
 .text.USBD_CDC_SetTxBuffer
                0x0800a858       0x22 ./Middlewares/ST/STM32_USB_Device_Library/Class/CDC/Src/usbd_cdc.o
                0x0800a858                USBD_CDC_SetTxBuffer
 .text.USBD_CDC_SetRxBuffer
                0x0800a87a       0x1c ./Middlewares/ST/STM32_USB_Device_Library/Class/CDC/Src/usbd_cdc.o
                0x0800a87a                USBD_CDC_SetRxBuffer
 .text.USBD_CDC_TransmitPacket
                0x0800a896       0x3c ./Middlewares/ST/STM32_USB_Device_Library/Class/CDC/Src/usbd_cdc.o
                0x0800a896                USBD_CDC_TransmitPacket
 .text.USBD_CDC_ReceivePacket
                0x0800a8d2       0x34 ./Middlewares/ST/STM32_USB_Device_Library/Class/CDC/Src/usbd_cdc.o
                0x0800a8d2                USBD_CDC_ReceivePacket
 .text.USBD_Init
                0x0800a906       0x36 ./Middlewares/ST/STM32_USB_Device_Library/Core/Src/usbd_core.o
                0x0800a906                USBD_Init
 .text.USBD_RegisterClass
                0x0800a93c       0x36 ./Middlewares/ST/STM32_USB_Device_Library/Core/Src/usbd_core.o
                0x0800a93c                USBD_RegisterClass
 .text.USBD_Start
                0x0800a972        0x8 ./Middlewares/ST/STM32_USB_Device_Library/Core/Src/usbd_core.o
                0x0800a972                USBD_Start
 .text.USBD_SetClassConfig
                0x0800a97a       0x16 ./Middlewares/ST/STM32_USB_Device_Library/Core/Src/usbd_core.o
                0x0800a97a                USBD_SetClassConfig
 .text.USBD_ClrClassConfig
                0x0800a990       0x14 ./Middlewares/ST/STM32_USB_Device_Library/Core/Src/usbd_core.o
                0x0800a990                USBD_ClrClassConfig
 .text.USBD_LL_SetupStage
                0x0800a9a4       0x60 ./Middlewares/ST/STM32_USB_Device_Library/Core/Src/usbd_core.o
                0x0800a9a4                USBD_LL_SetupStage
 .text.USBD_LL_DataOutStage
                0x0800aa04       0x84 ./Middlewares/ST/STM32_USB_Device_Library/Core/Src/usbd_core.o
                0x0800aa04                USBD_LL_DataOutStage
 .text.USBD_LL_DataInStage
                0x0800aa88       0xba ./Middlewares/ST/STM32_USB_Device_Library/Core/Src/usbd_core.o
                0x0800aa88                USBD_LL_DataInStage
 .text.USBD_LL_Reset
                0x0800ab42       0x66 ./Middlewares/ST/STM32_USB_Device_Library/Core/Src/usbd_core.o
                0x0800ab42                USBD_LL_Reset
 .text.USBD_LL_SetSpeed
                0x0800aba8        0x6 ./Middlewares/ST/STM32_USB_Device_Library/Core/Src/usbd_core.o
                0x0800aba8                USBD_LL_SetSpeed
 *fill*         0x0800abae        0x2 
 .text.USBD_LL_Suspend
                0x0800abb0       0x18 ./Middlewares/ST/STM32_USB_Device_Library/Core/Src/usbd_core.o
                0x0800abb0                USBD_LL_Suspend
 .text.USBD_LL_Resume
                0x0800abc8       0x1c ./Middlewares/ST/STM32_USB_Device_Library/Core/Src/usbd_core.o
                0x0800abc8                USBD_LL_Resume
 .text.USBD_LL_SOF
                0x0800abe4       0x22 ./Middlewares/ST/STM32_USB_Device_Library/Core/Src/usbd_core.o
                0x0800abe4                USBD_LL_SOF
 .text.USBD_CoreFindIF
                0x0800ac06        0x4 ./Middlewares/ST/STM32_USB_Device_Library/Core/Src/usbd_core.o
                0x0800ac06                USBD_CoreFindIF
 .text.USBD_CoreFindEP
                0x0800ac0a        0x4 ./Middlewares/ST/STM32_USB_Device_Library/Core/Src/usbd_core.o
                0x0800ac0a                USBD_CoreFindEP
 .text.USBD_GetEpDesc
                0x0800ac0e       0x2a ./Middlewares/ST/STM32_USB_Device_Library/Core/Src/usbd_core.o
                0x0800ac0e                USBD_GetEpDesc
 .text.USBD_CtlError.constprop.0
                0x0800ac38       0x14 ./Middlewares/ST/STM32_USB_Device_Library/Core/Src/usbd_ctlreq.o
 .text.USBD_StdDevReq
                0x0800ac4c      0x2d4 ./Middlewares/ST/STM32_USB_Device_Library/Core/Src/usbd_ctlreq.o
                0x0800ac4c                USBD_StdDevReq
 .text.USBD_StdItfReq
                0x0800af20       0x6a ./Middlewares/ST/STM32_USB_Device_Library/Core/Src/usbd_ctlreq.o
                0x0800af20                USBD_StdItfReq
 .text.USBD_StdEPReq
                0x0800af8a      0x15e ./Middlewares/ST/STM32_USB_Device_Library/Core/Src/usbd_ctlreq.o
                0x0800af8a                USBD_StdEPReq
 .text.USBD_ParseSetupRequest
                0x0800b0e8       0x28 ./Middlewares/ST/STM32_USB_Device_Library/Core/Src/usbd_ctlreq.o
                0x0800b0e8                USBD_ParseSetupRequest
 .text.USBD_CtlError
                0x0800b110       0x14 ./Middlewares/ST/STM32_USB_Device_Library/Core/Src/usbd_ctlreq.o
                0x0800b110                USBD_CtlError
 .text.USBD_GetString
                0x0800b124       0x3a ./Middlewares/ST/STM32_USB_Device_Library/Core/Src/usbd_ctlreq.o
                0x0800b124                USBD_GetString
 .text.USBD_CtlSendData
                0x0800b15e       0x1c ./Middlewares/ST/STM32_USB_Device_Library/Core/Src/usbd_ioreq.o
                0x0800b15e                USBD_CtlSendData
 .text.USBD_CtlContinueSendData
                0x0800b17a       0x10 ./Middlewares/ST/STM32_USB_Device_Library/Core/Src/usbd_ioreq.o
                0x0800b17a                USBD_CtlContinueSendData
 .text.USBD_CtlPrepareRx
                0x0800b18a       0x20 ./Middlewares/ST/STM32_USB_Device_Library/Core/Src/usbd_ioreq.o
                0x0800b18a                USBD_CtlPrepareRx
 .text.USBD_CtlContinueRx
                0x0800b1aa       0x10 ./Middlewares/ST/STM32_USB_Device_Library/Core/Src/usbd_ioreq.o
                0x0800b1aa                USBD_CtlContinueRx
 .text.USBD_CtlSendStatus
                0x0800b1ba       0x18 ./Middlewares/ST/STM32_USB_Device_Library/Core/Src/usbd_ioreq.o
                0x0800b1ba                USBD_CtlSendStatus
 .text.USBD_CtlReceiveStatus
                0x0800b1d2       0x18 ./Middlewares/ST/STM32_USB_Device_Library/Core/Src/usbd_ioreq.o
                0x0800b1d2                USBD_CtlReceiveStatus
 *fill*         0x0800b1ea        0x2 
 .text.MX_USB_Device_Init
                0x0800b1ec       0x58 ./USB_Device/App/usb_device.o
                0x0800b1ec                MX_USB_Device_Init
 .text.CDC_Control_FS
                0x0800b244        0x4 ./USB_Device/App/usbd_cdc_if.o
 .text.CDC_Mirror_Reset_FS
                0x0800b248       0x28 ./USB_Device/App/usbd_cdc_if.o
 .text.CDC_DeInit_FS
                0x0800b270        0xa ./USB_Device/App/usbd_cdc_if.o
 *fill*         0x0800b27a        0x2 
 .text.CDC_Init_FS
                0x0800b27c       0x2c ./USB_Device/App/usbd_cdc_if.o
 .text.CDC_Receive_FS
                0x0800b2a8       0x1c ./USB_Device/App/usbd_cdc_if.o
 .text.CDC_Mirror_TryStartTx_FS
                0x0800b2c4       0x94 ./USB_Device/App/usbd_cdc_if.o
 .text.CDC_TransmitCplt_FS
                0x0800b358       0x38 ./USB_Device/App/usbd_cdc_if.o
 .text.CDC_Mirror_Write_FS
                0x0800b390       0xb8 ./USB_Device/App/usbd_cdc_if.o
                0x0800b390                CDC_Mirror_Write_FS
 .text.USBD_CDC_DeviceDescriptor
                0x0800b448        0xc ./USB_Device/App/usbd_desc.o
                0x0800b448                USBD_CDC_DeviceDescriptor
 .text.USBD_CDC_LangIDStrDescriptor
                0x0800b454        0xc ./USB_Device/App/usbd_desc.o
                0x0800b454                USBD_CDC_LangIDStrDescriptor
 .text.IntToUnicode
                0x0800b460       0x24 ./USB_Device/App/usbd_desc.o
 .text.USBD_CDC_SerialStrDescriptor
                0x0800b484       0x48 ./USB_Device/App/usbd_desc.o
                0x0800b484                USBD_CDC_SerialStrDescriptor
 .text.USBD_CDC_ManufacturerStrDescriptor
                0x0800b4cc       0x1c ./USB_Device/App/usbd_desc.o
                0x0800b4cc                USBD_CDC_ManufacturerStrDescriptor
 .text.USBD_CDC_ProductStrDescriptor
                0x0800b4e8       0x1c ./USB_Device/App/usbd_desc.o
                0x0800b4e8                USBD_CDC_ProductStrDescriptor
 .text.USBD_CDC_ConfigStrDescriptor
                0x0800b504       0x1c ./USB_Device/App/usbd_desc.o
                0x0800b504                USBD_CDC_ConfigStrDescriptor
 .text.USBD_CDC_InterfaceStrDescriptor
                0x0800b520       0x1c ./USB_Device/App/usbd_desc.o
                0x0800b520                USBD_CDC_InterfaceStrDescriptor
 .text.USBD_Get_USB_Status
                0x0800b53c       0x10 ./USB_Device/Target/usbd_conf.o
 .text.HAL_PCD_MspInit
                0x0800b54c       0x8c ./USB_Device/Target/usbd_conf.o
                0x0800b54c                HAL_PCD_MspInit
 .text.HAL_PCD_SetupStageCallback
                0x0800b5d8       0x12 ./USB_Device/Target/usbd_conf.o
                0x0800b5d8                HAL_PCD_SetupStageCallback
 .text.HAL_PCD_DataOutStageCallback
                0x0800b5ea       0x18 ./USB_Device/Target/usbd_conf.o
                0x0800b5ea                HAL_PCD_DataOutStageCallback
 .text.HAL_PCD_DataInStageCallback
                0x0800b602       0x16 ./USB_Device/Target/usbd_conf.o
                0x0800b602                HAL_PCD_DataInStageCallback
 .text.HAL_PCD_SOFCallback
                0x0800b618        0xe ./USB_Device/Target/usbd_conf.o
                0x0800b618                HAL_PCD_SOFCallback
 .text.HAL_PCD_ResetCallback
                0x0800b626       0x22 ./USB_Device/Target/usbd_conf.o
                0x0800b626                HAL_PCD_ResetCallback
 .text.HAL_PCD_SuspendCallback
                0x0800b648       0x24 ./USB_Device/Target/usbd_conf.o
                0x0800b648                HAL_PCD_SuspendCallback
 .text.HAL_PCD_ResumeCallback
                0x0800b66c       0x28 ./USB_Device/Target/usbd_conf.o
                0x0800b66c                HAL_PCD_ResumeCallback
 .text.USBD_LL_Init
                0x0800b694       0x84 ./USB_Device/Target/usbd_conf.o
                0x0800b694                USBD_LL_Init
 .text.USBD_LL_Start
                0x0800b718       0x12 ./USB_Device/Target/usbd_conf.o
                0x0800b718                USBD_LL_Start
 .text.USBD_LL_OpenEP
                0x0800b72a       0x18 ./USB_Device/Target/usbd_conf.o
                0x0800b72a                USBD_LL_OpenEP
 .text.USBD_LL_CloseEP
                0x0800b742       0x12 ./USB_Device/Target/usbd_conf.o
                0x0800b742                USBD_LL_CloseEP
 .text.USBD_LL_StallEP
                0x0800b754       0x12 ./USB_Device/Target/usbd_conf.o
                0x0800b754                USBD_LL_StallEP
 .text.USBD_LL_ClearStallEP
                0x0800b766       0x12 ./USB_Device/Target/usbd_conf.o
                0x0800b766                USBD_LL_ClearStallEP
 .text.USBD_LL_IsStallEP
                0x0800b778       0x26 ./USB_Device/Target/usbd_conf.o
                0x0800b778                USBD_LL_IsStallEP
 .text.USBD_LL_SetUSBAddress
                0x0800b79e       0x12 ./USB_Device/Target/usbd_conf.o
                0x0800b79e                USBD_LL_SetUSBAddress
 .text.USBD_LL_Transmit
                0x0800b7b0       0x12 ./USB_Device/Target/usbd_conf.o
                0x0800b7b0                USBD_LL_Transmit
 .text.USBD_LL_PrepareReceive
                0x0800b7c2       0x12 ./USB_Device/Target/usbd_conf.o
                0x0800b7c2                USBD_LL_PrepareReceive
 .text.USBD_LL_GetRxDataSize
                0x0800b7d4        0xe ./USB_Device/Target/usbd_conf.o
                0x0800b7d4                USBD_LL_GetRxDataSize
 *fill*         0x0800b7e2        0x2 
 .text.HAL_PCDEx_LPM_Callback
                0x0800b7e4       0x50 ./USB_Device/Target/usbd_conf.o
                0x0800b7e4                HAL_PCDEx_LPM_Callback
 .text.USBD_static_malloc
                0x0800b834        0x8 ./USB_Device/Target/usbd_conf.o
                0x0800b834                USBD_static_malloc
 .text.USBD_static_free
                0x0800b83c        0x2 ./USB_Device/Target/usbd_conf.o
                0x0800b83c                USBD_static_free
 *fill*         0x0800b83e        0x2 
 .text.snprintf
                0x0800b840       0x6c C:/ST/STM32CubeIDE_1.16.1/STM32CubeIDE/plugins/com.st.stm32cube.ide.mcu.externaltools.gnu-tools-for-stm32.13.3.rel1.win32_1.0.0.202411081344/tools/bin/../lib/gcc/arm-none-eabi/13.3.1/../../../../arm-none-eabi/lib/thumb/v6-m/nofp\libc_nano.a(libc_a-snprintf.o)
                0x0800b840                sniprintf
                0x0800b840                snprintf
 .text.memset   0x0800b8ac       0x10 C:/ST/STM32CubeIDE_1.16.1/STM32CubeIDE/plugins/com.st.stm32cube.ide.mcu.externaltools.gnu-tools-for-stm32.13.3.rel1.win32_1.0.0.202411081344/tools/bin/../lib/gcc/arm-none-eabi/13.3.1/../../../../arm-none-eabi/lib/thumb/v6-m/nofp\libc_nano.a(libc_a-memset.o)
                0x0800b8ac                memset
 .text.__errno  0x0800b8bc        0xc C:/ST/STM32CubeIDE_1.16.1/STM32CubeIDE/plugins/com.st.stm32cube.ide.mcu.externaltools.gnu-tools-for-stm32.13.3.rel1.win32_1.0.0.202411081344/tools/bin/../lib/gcc/arm-none-eabi/13.3.1/../../../../arm-none-eabi/lib/thumb/v6-m/nofp\libc_nano.a(libc_a-errno.o)
                0x0800b8bc                __errno
 .text.__libc_init_array
                0x0800b8c8       0x48 C:/ST/STM32CubeIDE_1.16.1/STM32CubeIDE/plugins/com.st.stm32cube.ide.mcu.externaltools.gnu-tools-for-stm32.13.3.rel1.win32_1.0.0.202411081344/tools/bin/../lib/gcc/arm-none-eabi/13.3.1/../../../../arm-none-eabi/lib/thumb/v6-m/nofp\libc_nano.a(libc_a-init.o)
                0x0800b8c8                __libc_init_array
 .text.__retarget_lock_acquire_recursive
                0x0800b910        0x2 C:/ST/STM32CubeIDE_1.16.1/STM32CubeIDE/plugins/com.st.stm32cube.ide.mcu.externaltools.gnu-tools-for-stm32.13.3.rel1.win32_1.0.0.202411081344/tools/bin/../lib/gcc/arm-none-eabi/13.3.1/../../../../arm-none-eabi/lib/thumb/v6-m/nofp\libc_nano.a(libc_a-lock.o)
                0x0800b910                __retarget_lock_acquire_recursive
 .text.__retarget_lock_release_recursive
                0x0800b912        0x2 C:/ST/STM32CubeIDE_1.16.1/STM32CubeIDE/plugins/com.st.stm32cube.ide.mcu.externaltools.gnu-tools-for-stm32.13.3.rel1.win32_1.0.0.202411081344/tools/bin/../lib/gcc/arm-none-eabi/13.3.1/../../../../arm-none-eabi/lib/thumb/v6-m/nofp\libc_nano.a(libc_a-lock.o)
                0x0800b912                __retarget_lock_release_recursive
 .text.strcpy   0x0800b914       0x10 C:/ST/STM32CubeIDE_1.16.1/STM32CubeIDE/plugins/com.st.stm32cube.ide.mcu.externaltools.gnu-tools-for-stm32.13.3.rel1.win32_1.0.0.202411081344/tools/bin/../lib/gcc/arm-none-eabi/13.3.1/../../../../arm-none-eabi/lib/thumb/v6-m/nofp\libc_nano.a(libc_a-strcpy.o)
                0x0800b914                strcpy
 .text.memcpy   0x0800b924       0x12 C:/ST/STM32CubeIDE_1.16.1/STM32CubeIDE/plugins/com.st.stm32cube.ide.mcu.externaltools.gnu-tools-for-stm32.13.3.rel1.win32_1.0.0.202411081344/tools/bin/../lib/gcc/arm-none-eabi/13.3.1/../../../../arm-none-eabi/lib/thumb/v6-m/nofp\libc_nano.a(libc_a-memcpy-stub.o)
                0x0800b924                memcpy
 *fill*         0x0800b936        0x2 
 .text._free_r  0x0800b938       0x94 C:/ST/STM32CubeIDE_1.16.1/STM32CubeIDE/plugins/com.st.stm32cube.ide.mcu.externaltools.gnu-tools-for-stm32.13.3.rel1.win32_1.0.0.202411081344/tools/bin/../lib/gcc/arm-none-eabi/13.3.1/../../../../arm-none-eabi/lib/thumb/v6-m/nofp\libc_nano.a(libc_a-freer.o)
                0x0800b938                _free_r
 .text.sbrk_aligned
                0x0800b9cc       0x44 C:/ST/STM32CubeIDE_1.16.1/STM32CubeIDE/plugins/com.st.stm32cube.ide.mcu.externaltools.gnu-tools-for-stm32.13.3.rel1.win32_1.0.0.202411081344/tools/bin/../lib/gcc/arm-none-eabi/13.3.1/../../../../arm-none-eabi/lib/thumb/v6-m/nofp\libc_nano.a(libc_a-mallocr.o)
 .text._malloc_r
                0x0800ba10      0x100 C:/ST/STM32CubeIDE_1.16.1/STM32CubeIDE/plugins/com.st.stm32cube.ide.mcu.externaltools.gnu-tools-for-stm32.13.3.rel1.win32_1.0.0.202411081344/tools/bin/../lib/gcc/arm-none-eabi/13.3.1/../../../../arm-none-eabi/lib/thumb/v6-m/nofp\libc_nano.a(libc_a-mallocr.o)
                0x0800ba10                _malloc_r
 .text.__malloc_lock
                0x0800bb10       0x10 C:/ST/STM32CubeIDE_1.16.1/STM32CubeIDE/plugins/com.st.stm32cube.ide.mcu.externaltools.gnu-tools-for-stm32.13.3.rel1.win32_1.0.0.202411081344/tools/bin/../lib/gcc/arm-none-eabi/13.3.1/../../../../arm-none-eabi/lib/thumb/v6-m/nofp\libc_nano.a(libc_a-mlock.o)
                0x0800bb10                __malloc_lock
 .text.__malloc_unlock
                0x0800bb20       0x10 C:/ST/STM32CubeIDE_1.16.1/STM32CubeIDE/plugins/com.st.stm32cube.ide.mcu.externaltools.gnu-tools-for-stm32.13.3.rel1.win32_1.0.0.202411081344/tools/bin/../lib/gcc/arm-none-eabi/13.3.1/../../../../arm-none-eabi/lib/thumb/v6-m/nofp\libc_nano.a(libc_a-mlock.o)
                0x0800bb20                __malloc_unlock
 .text.__ssputs_r
                0x0800bb30       0xc0 C:/ST/STM32CubeIDE_1.16.1/STM32CubeIDE/plugins/com.st.stm32cube.ide.mcu.externaltools.gnu-tools-for-stm32.13.3.rel1.win32_1.0.0.202411081344/tools/bin/../lib/gcc/arm-none-eabi/13.3.1/../../../../arm-none-eabi/lib/thumb/v6-m/nofp\libc_nano.a(libc_a-nano-svfprintf.o)
                0x0800bb30                __ssputs_r
 .text._svfprintf_r
                0x0800bbf0      0x1fc C:/ST/STM32CubeIDE_1.16.1/STM32CubeIDE/plugins/com.st.stm32cube.ide.mcu.externaltools.gnu-tools-for-stm32.13.3.rel1.win32_1.0.0.202411081344/tools/bin/../lib/gcc/arm-none-eabi/13.3.1/../../../../arm-none-eabi/lib/thumb/v6-m/nofp\libc_nano.a(libc_a-nano-svfprintf.o)
                0x0800bbf0                _svfiprintf_r
                0x0800bbf0                _svfprintf_r
 .text._printf_common
                0x0800bdec       0xde C:/ST/STM32CubeIDE_1.16.1/STM32CubeIDE/plugins/com.st.stm32cube.ide.mcu.externaltools.gnu-tools-for-stm32.13.3.rel1.win32_1.0.0.202411081344/tools/bin/../lib/gcc/arm-none-eabi/13.3.1/../../../../arm-none-eabi/lib/thumb/v6-m/nofp\libc_nano.a(libc_a-nano-vfprintf_i.o)
                0x0800bdec                _printf_common
 *fill*         0x0800beca        0x2 
 .text._printf_i
                0x0800becc      0x218 C:/ST/STM32CubeIDE_1.16.1/STM32CubeIDE/plugins/com.st.stm32cube.ide.mcu.externaltools.gnu-tools-for-stm32.13.3.rel1.win32_1.0.0.202411081344/tools/bin/../lib/gcc/arm-none-eabi/13.3.1/../../../../arm-none-eabi/lib/thumb/v6-m/nofp\libc_nano.a(libc_a-nano-vfprintf_i.o)
                0x0800becc                _printf_i
 .text.memmove  0x0800c0e4       0x24 C:/ST/STM32CubeIDE_1.16.1/STM32CubeIDE/plugins/com.st.stm32cube.ide.mcu.externaltools.gnu-tools-for-stm32.13.3.rel1.win32_1.0.0.202411081344/tools/bin/../lib/gcc/arm-none-eabi/13.3.1/../../../../arm-none-eabi/lib/thumb/v6-m/nofp\libc_nano.a(libc_a-memmove.o)
                0x0800c0e4                memmove
 .text._sbrk_r  0x0800c108       0x24 C:/ST/STM32CubeIDE_1.16.1/STM32CubeIDE/plugins/com.st.stm32cube.ide.mcu.externaltools.gnu-tools-for-stm32.13.3.rel1.win32_1.0.0.202411081344/tools/bin/../lib/gcc/arm-none-eabi/13.3.1/../../../../arm-none-eabi/lib/thumb/v6-m/nofp\libc_nano.a(libc_a-sbrkr.o)
                0x0800c108                _sbrk_r
 .text.memchr   0x0800c12c       0x16 C:/ST/STM32CubeIDE_1.16.1/STM32CubeIDE/plugins/com.st.stm32cube.ide.mcu.externaltools.gnu-tools-for-stm32.13.3.rel1.win32_1.0.0.202411081344/tools/bin/../lib/gcc/arm-none-eabi/13.3.1/../../../../arm-none-eabi/lib/thumb/v6-m/nofp\libc_nano.a(libc_a-memchr-stub.o)
                0x0800c12c                memchr
 .text._realloc_r
                0x0800c142       0x60 C:/ST/STM32CubeIDE_1.16.1/STM32CubeIDE/plugins/com.st.stm32cube.ide.mcu.externaltools.gnu-tools-for-stm32.13.3.rel1.win32_1.0.0.202411081344/tools/bin/../lib/gcc/arm-none-eabi/13.3.1/../../../../arm-none-eabi/lib/thumb/v6-m/nofp\libc_nano.a(libc_a-reallocr.o)
                0x0800c142                _realloc_r
 .text._malloc_usable_size_r
                0x0800c1a2       0x10 C:/ST/STM32CubeIDE_1.16.1/STM32CubeIDE/plugins/com.st.stm32cube.ide.mcu.externaltools.gnu-tools-for-stm32.13.3.rel1.win32_1.0.0.202411081344/tools/bin/../lib/gcc/arm-none-eabi/13.3.1/../../../../arm-none-eabi/lib/thumb/v6-m/nofp\libc_nano.a(libc_a-msizer.o)
                0x0800c1a2                _malloc_usable_size_r
 *fill*         0x0800c1b2        0x2 
 .text.logf     0x0800c1b4       0x58 C:/ST/STM32CubeIDE_1.16.1/STM32CubeIDE/plugins/com.st.stm32cube.ide.mcu.externaltools.gnu-tools-for-stm32.13.3.rel1.win32_1.0.0.202411081344/tools/bin/../lib/gcc/arm-none-eabi/13.3.1/../../../../arm-none-eabi/lib/thumb/v6-m/nofp\libm.a(libm_a-wf_log.o)
                0x0800c1b4                logf
 .text.nanf     0x0800c20c        0x8 C:/ST/STM32CubeIDE_1.16.1/STM32CubeIDE/plugins/com.st.stm32cube.ide.mcu.externaltools.gnu-tools-for-stm32.13.3.rel1.win32_1.0.0.202411081344/tools/bin/../lib/gcc/arm-none-eabi/13.3.1/../../../../arm-none-eabi/lib/thumb/v6-m/nofp\libm.a(libm_a-sf_nan.o)
                0x0800c20c                nanf
 .text.__ieee754_logf
                0x0800c214      0x264 C:/ST/STM32CubeIDE_1.16.1/STM32CubeIDE/plugins/com.st.stm32cube.ide.mcu.externaltools.gnu-tools-for-stm32.13.3.rel1.win32_1.0.0.202411081344/tools/bin/../lib/gcc/arm-none-eabi/13.3.1/../../../../arm-none-eabi/lib/thumb/v6-m/nofp\libm.a(libm_a-ef_log.o)
                0x0800c214                __ieee754_logf
 *(.glue_7)
 .glue_7        0x0800c478        0x0 linker stubs
 *(.glue_7t)
 .glue_7t       0x0800c478        0x0 linker stubs
 *(.eh_frame)
 .eh_frame      0x0800c478        0x0 C:/ST/STM32CubeIDE_1.16.1/STM32CubeIDE/plugins/com.st.stm32cube.ide.mcu.externaltools.gnu-tools-for-stm32.13.3.rel1.win32_1.0.0.202411081344/tools/bin/../lib/gcc/arm-none-eabi/13.3.1/thumb/v6-m/nofp/crtbegin.o
 *(.init)
 .init          0x0800c478        0x4 C:/ST/STM32CubeIDE_1.16.1/STM32CubeIDE/plugins/com.st.stm32cube.ide.mcu.externaltools.gnu-tools-for-stm32.13.3.rel1.win32_1.0.0.202411081344/tools/bin/../lib/gcc/arm-none-eabi/13.3.1/thumb/v6-m/nofp/crti.o
                0x0800c478                _init
 .init          0x0800c47c        0x8 C:/ST/STM32CubeIDE_1.16.1/STM32CubeIDE/plugins/com.st.stm32cube.ide.mcu.externaltools.gnu-tools-for-stm32.13.3.rel1.win32_1.0.0.202411081344/tools/bin/../lib/gcc/arm-none-eabi/13.3.1/thumb/v6-m/nofp/crtn.o
 *(.fini)
 .fini          0x0800c484        0x4 C:/ST/STM32CubeIDE_1.16.1/STM32CubeIDE/plugins/com.st.stm32cube.ide.mcu.externaltools.gnu-tools-for-stm32.13.3.rel1.win32_1.0.0.202411081344/tools/bin/../lib/gcc/arm-none-eabi/13.3.1/thumb/v6-m/nofp/crti.o
                0x0800c484                _fini
 .fini          0x0800c488        0x8 C:/ST/STM32CubeIDE_1.16.1/STM32CubeIDE/plugins/com.st.stm32cube.ide.mcu.externaltools.gnu-tools-for-stm32.13.3.rel1.win32_1.0.0.202411081344/tools/bin/../lib/gcc/arm-none-eabi/13.3.1/thumb/v6-m/nofp/crtn.o
                0x0800c490                        . = ALIGN (0x4)
                0x0800c490                        _etext = .

.vfp11_veneer   0x0800c490        0x0
 .vfp11_veneer  0x0800c490        0x0 linker stubs

.v4_bx          0x0800c490        0x0
 .v4_bx         0x0800c490        0x0 linker stubs

.iplt           0x0800c490        0x0
 .iplt          0x0800c490        0x0 C:/ST/STM32CubeIDE_1.16.1/STM32CubeIDE/plugins/com.st.stm32cube.ide.mcu.externaltools.gnu-tools-for-stm32.13.3.rel1.win32_1.0.0.202411081344/tools/bin/../lib/gcc/arm-none-eabi/13.3.1/thumb/v6-m/nofp/crtbegin.o

.rodata         0x0800c490     0x277c
                0x0800c490                        . = ALIGN (0x4)
 *(.rodata)
 .rodata        0x0800c490       0x7c C:/ST/STM32CubeIDE_1.16.1/STM32CubeIDE/plugins/com.st.stm32cube.ide.mcu.externaltools.gnu-tools-for-stm32.13.3.rel1.win32_1.0.0.202411081344/tools/bin/../lib/gcc/arm-none-eabi/13.3.1/thumb/v6-m/nofp\libgcc.a(divsf3.o)
 *(.rodata*)
 .rodata.application_loop.str1.1
                0x0800c50c     0x252b ./Core/Src/application.o
                                0x3cd (size before relaxing)
 .rodata.str1.1
                0x0800ea37       0x31 ./Core/Src/application.o
 *fill*         0x0800ea37        0x1 
 .rodata.CSWTCH.313
                0x0800ea38       0x10 ./Core/Src/application.o
 .rodata.state_tags.0
                0x0800ea48        0xc ./Core/Src/application.o
 .rodata.contactor_check_fault.isra.0.str1.1
                0x0800ea54       0xce ./Core/Src/board.o
 .rodata.contactor_all_off.str1.1
                0x0800ea54       0x2b ./Core/Src/board.o
 .rodata.board_contactor_startup.str1.1
                0x0800ea54      0x363 ./Core/Src/board.o
 .rodata.board_contactor_shutdown.str1.1
                0x0800ea54       0xc9 ./Core/Src/board.o
 .rodata.board_set_ov_warn_thresh.str1.1
                0x0800ea54       0x22 ./Core/Src/board.o
 .rodata.board_set_bal_warn_thresh.str1.1
                0x0800ea54       0x22 ./Core/Src/board.o
 .rodata.board_set_uv_warn_thresh.str1.1
                0x0800ea54       0x22 ./Core/Src/board.o
 .rodata.board_setup_from_config_jumpers.str1.1
                0x0800ea54      0x23a ./Core/Src/board.o
 .rodata.board_set_defaults.str1.1
                0x0800ea54      0x10e ./Core/Src/board.o
 .rodata.board_measure_insulation.str1.1
                0x0800ea54       0xbc ./Core/Src/board.o
 .rodata.board_get_balance_temp.str1.1
                0x0800ea54       0x4f ./Core/Src/board.o
 .rodata.board_get_battery_temps.str1.1
                0x0800ea54       0x30 ./Core/Src/board.o
 .rodata.board_can_init.str1.1
                0x0800ea54       0x7c ./Core/Src/board.o
 .rodata.board_can2_init.str1.1
                0x0800ea54       0xed ./Core/Src/board.o
 .rodata.dbg_frame.str1.1
                0x0800ea54        0xc ./Core/Src/bq79616.o
 .rodata.bq79616_single_write.str1.1
                0x0800ea54        0x7 ./Core/Src/bq79616.o
 .rodata.bq79616_single_read.str1.1
                0x0800ea54       0x4e ./Core/Src/bq79616.o
 .rodata.bq79616_update_otp_crc.str1.1
                0x0800ea54       0x52 ./Core/Src/bq79616.o
 .rodata.dbg_hex.str1.1
                0x0800ea54        0xb ./Core/Src/bq79616.o
 .rodata.decode_cell_faults.str1.1
                0x0800ea54       0x11 ./Core/Src/bq79616.o
 .rodata.decode_gpio_faults.str1.1
                0x0800ea54       0x10 ./Core/Src/bq79616.o
 .rodata.decode_bits.constprop.0.str1.1
                0x0800ea54        0x5 ./Core/Src/bq79616.o
 .rodata.bq79616_init.str1.1
                0x0800ea54      0x368 ./Core/Src/bq79616.o
 .rodata.bq79616_get_status.str1.1
                0x0800ea54      0x3f6 ./Core/Src/bq79616.o
 .rodata.bq79616_pin_mode.str1.1
                0x0800ea54       0xb2 ./Core/Src/bq79616.o
 .rodata.bq79616_tsref_enable.str1.1
                0x0800ea54       0xe7 ./Core/Src/bq79616.o
 .rodata.bq79616_adc_start.str1.1
                0x0800ea54       0x55 ./Core/Src/bq79616.o
 .rodata.bq79616_analog_read.str1.1
                0x0800ea54       0xa0 ./Core/Src/bq79616.o
 .rodata.bq79616_set_adc_offset.str1.1
                0x0800ea54      0x14c ./Core/Src/bq79616.o
 .rodata.bq79616_set_active_cells.str1.1
                0x0800ea54       0xed ./Core/Src/bq79616.o
 .rodata.bq79616_read_cell_voltages.str1.1
                0x0800ea54       0xb0 ./Core/Src/bq79616.o
 .rodata.bq79616_set_ov_thresh.str1.1
                0x0800ea54      0x125 ./Core/Src/bq79616.o
 .rodata.bq79616_set_uv_thresh.str1.1
                0x0800ea54       0xe2 ./Core/Src/bq79616.o
 .rodata.bq79616_balance_stop.str1.1
                0x0800ea54       0x6d ./Core/Src/bq79616.o
 .rodata.str1.1
                0x0800ea54      0x554 ./Core/Src/bq79616.o
 .rodata.prot2_names.0
                0x0800ea54       0x20 ./Core/Src/bq79616.o
 .rodata.prot1_names.1
                0x0800ea74       0x20 ./Core/Src/bq79616.o
 .rodata.otp_names.2
                0x0800ea94       0x20 ./Core/Src/bq79616.o
 .rodata.comm3_names.3
                0x0800eab4       0x20 ./Core/Src/bq79616.o
 .rodata.comm2_names.4
                0x0800ead4       0x20 ./Core/Src/bq79616.o
 .rodata.comm1_names.5
                0x0800eaf4       0x20 ./Core/Src/bq79616.o
 .rodata.sys_names.6
                0x0800eb14       0x20 ./Core/Src/bq79616.o
 .rodata.pwr2_names.7
                0x0800eb34       0x20 ./Core/Src/bq79616.o
 .rodata.pwr1_names.8
                0x0800eb54       0x20 ./Core/Src/bq79616.o
 .rodata.APBPrescTable
                0x0800eb74       0x20 ./Core/Src/system_stm32g0xx.o
                0x0800eb74                APBPrescTable
 .rodata.AHBPrescTable
                0x0800eb94       0x40 ./Core/Src/system_stm32g0xx.o
                0x0800eb94                AHBPrescTable
 .rodata.DLCtoBytes
                0x0800ebd4       0x10 ./Drivers/STM32G0xx_HAL_Driver/Src/stm32g0xx_hal_fdcan.o
 .rodata.UARTPrescTable
                0x0800ebe4       0x18 ./Drivers/STM32G0xx_HAL_Driver/Src/stm32g0xx_hal_uart.o
                0x0800ebe4                UARTPrescTable
 .rodata.denominator.0
                0x0800ebfc        0x8 ./Drivers/STM32G0xx_HAL_Driver/Src/stm32g0xx_hal_uart_ex.o
 .rodata.numerator.1
                0x0800ec04        0x8 ./Drivers/STM32G0xx_HAL_Driver/Src/stm32g0xx_hal_uart_ex.o
 .rodata.USBD_CDC_ManufacturerStrDescriptor.str1.1
                0x0800ec0c       0x13 ./USB_Device/App/usbd_desc.o
 .rodata.USBD_CDC_ProductStrDescriptor.str1.1
                0x0800ec0c       0x16 ./USB_Device/App/usbd_desc.o
 .rodata.USBD_CDC_ConfigStrDescriptor.str1.1
                0x0800ec0c        0xb ./USB_Device/App/usbd_desc.o
 .rodata.USBD_CDC_InterfaceStrDescriptor.str1.1
                0x0800ec0c        0xe ./USB_Device/App/usbd_desc.o
 .rodata._svfprintf_r.str1.1
                0x0800ec0c       0x11 C:/ST/STM32CubeIDE_1.16.1/STM32CubeIDE/plugins/com.st.stm32cube.ide.mcu.externaltools.gnu-tools-for-stm32.13.3.rel1.win32_1.0.0.202411081344/tools/bin/../lib/gcc/arm-none-eabi/13.3.1/../../../../arm-none-eabi/lib/thumb/v6-m/nofp\libc_nano.a(libc_a-nano-svfprintf.o)
 .rodata._printf_i.str1.1
                0x0800ec0c       0x22 C:/ST/STM32CubeIDE_1.16.1/STM32CubeIDE/plugins/com.st.stm32cube.ide.mcu.externaltools.gnu-tools-for-stm32.13.3.rel1.win32_1.0.0.202411081344/tools/bin/../lib/gcc/arm-none-eabi/13.3.1/../../../../arm-none-eabi/lib/thumb/v6-m/nofp\libc_nano.a(libc_a-nano-vfprintf_i.o)
 .rodata.logf.str1.1
                0x0800ec0c        0x1 C:/ST/STM32CubeIDE_1.16.1/STM32CubeIDE/plugins/com.st.stm32cube.ide.mcu.externaltools.gnu-tools-for-stm32.13.3.rel1.win32_1.0.0.202411081344/tools/bin/../lib/gcc/arm-none-eabi/13.3.1/../../../../arm-none-eabi/lib/thumb/v6-m/nofp\libm.a(libm_a-wf_log.o)
                0x0800efa8                        . = ALIGN (0x4)

.ARM.extab      0x0800ec0c        0x0
                0x0800ec0c                        . = ALIGN (0x4)
 *(.ARM.extab* .gnu.linkonce.armextab.*)
                0x0800ec0c                        . = ALIGN (0x4)

.ARM            0x0800ec0c        0x8
                0x0800ec0c                        . = ALIGN (0x4)
                0x0800ec0c                        __exidx_start = .
 *(.ARM.exidx*)
 .ARM.exidx     0x0800ec0c        0x8 C:/ST/STM32CubeIDE_1.16.1/STM32CubeIDE/plugins/com.st.stm32cube.ide.mcu.externaltools.gnu-tools-for-stm32.13.3.rel1.win32_1.0.0.202411081344/tools/bin/../lib/gcc/arm-none-eabi/13.3.1/thumb/v6-m/nofp\libgcc.a(_udivmoddi4.o)
 .ARM.exidx     0x0800ec14        0x0 C:/ST/STM32CubeIDE_1.16.1/STM32CubeIDE/plugins/com.st.stm32cube.ide.mcu.externaltools.gnu-tools-for-stm32.13.3.rel1.win32_1.0.0.202411081344/tools/bin/../lib/gcc/arm-none-eabi/13.3.1/thumb/v6-m/nofp\libgcc.a(_divdi3.o)
                                  0x8 (size before relaxing)
                0x0800ec14                        __exidx_end = .
                0x0800ec14                        . = ALIGN (0x4)

.preinit_array  0x0800ec14        0x0
                0x0800ec14                        . = ALIGN (0x4)
                0x0800ec14                        PROVIDE (__preinit_array_start = .)
 *(.preinit_array*)
                0x0800ec14                        PROVIDE (__preinit_array_end = .)
                0x0800ec14                        . = ALIGN (0x4)

.init_array     0x0800ec14        0x4
                0x0800ec14                        . = ALIGN (0x4)
                0x0800ec14                        PROVIDE (__init_array_start = .)
 *(SORT_BY_NAME(.init_array.*))
 *(.init_array*)
 .init_array    0x0800ec14        0x4 C:/ST/STM32CubeIDE_1.16.1/STM32CubeIDE/plugins/com.st.stm32cube.ide.mcu.externaltools.gnu-tools-for-stm32.13.3.rel1.win32_1.0.0.202411081344/tools/bin/../lib/gcc/arm-none-eabi/13.3.1/thumb/v6-m/nofp/crtbegin.o
                0x0800ec18                        PROVIDE (__init_array_end = .)
                0x0800ec18                        . = ALIGN (0x4)

.fini_array     0x0800ec18        0x4
                0x0800ec18                        . = ALIGN (0x4)
                [!provide]                        PROVIDE (__fini_array_start = .)
 *(SORT_BY_NAME(.fini_array.*))
 *(.fini_array*)
 .fini_array    0x0800ec18        0x4 C:/ST/STM32CubeIDE_1.16.1/STM32CubeIDE/plugins/com.st.stm32cube.ide.mcu.externaltools.gnu-tools-for-stm32.13.3.rel1.win32_1.0.0.202411081344/tools/bin/../lib/gcc/arm-none-eabi/13.3.1/thumb/v6-m/nofp/crtbegin.o
                [!provide]                        PROVIDE (__fini_array_end = .)
                0x0800ec1c                        . = ALIGN (0x4)
                0x0800ec1c                        _sidata = LOADADDR (.data)

.rel.dyn        0x0800ec1c        0x0
 .rel.iplt      0x0800ec1c        0x0 C:/ST/STM32CubeIDE_1.16.1/STM32CubeIDE/plugins/com.st.stm32cube.ide.mcu.externaltools.gnu-tools-for-stm32.13.3.rel1.win32_1.0.0.202411081344/tools/bin/../lib/gcc/arm-none-eabi/13.3.1/thumb/v6-m/nofp/crtbegin.o

.data           0x20000000      0x288 load address 0x0800ec1c
                0x20000000                        . = ALIGN (0x4)
                0x20000000                        _sdata = .
 *(.data)
 *(.data*)
 .data.g_master_balance_from_done
                0x20000000        0x1 ./Core/Src/application.o
 .data.g_slave_can2_next_frame
                0x20000001        0x1 ./Core/Src/application.o
 .data.g_pd8_armed
                0x20000002        0x1 ./Core/Src/application.o
 .data.g_pd9_armed
                0x20000003        0x1 ./Core/Src/application.o
 .data.batt_temp_line_buf
                0x20000004       0x60 ./Core/Src/board.o
 .data.bal_temp_line_buf
                0x20000064       0x30 ./Core/Src/board.o
 .data.iso_line_buf
                0x20000094       0x60 ./Core/Src/board.o
 .data.g_bal_floor_mv
                0x200000f4        0x2 ./Core/Src/board.o
 .data.g_active_cell_count
                0x200000f6        0x1 ./Core/Src/board.o
 .data.mb_from_done
                0x200000f7        0x1 ./Core/Src/bq79616.o
 .data.fault_line_buf
                0x200000f8       0x40 ./Core/Src/bq79616.o
 .data.sys_debug
                0x20000138        0x1 ./Core/Src/bq79616.o
                0x20000138                sys_debug
 *fill*         0x20000139        0x3 
 .data.SystemCoreClock
                0x2000013c        0x4 ./Core/Src/system_stm32g0xx.o
                0x2000013c                SystemCoreClock
 .data.uwTickFreq
                0x20000140        0x1 ./Drivers/STM32G0xx_HAL_Driver/Src/stm32g0xx_hal.o
                0x20000140                uwTickFreq
 *fill*         0x20000141        0x3 
 .data.uwTickPrio
                0x20000144        0x4 ./Drivers/STM32G0xx_HAL_Driver/Src/stm32g0xx_hal.o
                0x20000144                uwTickPrio
 .data.USBD_CDC_CfgDesc
                0x20000148       0x43 ./Middlewares/ST/STM32_USB_Device_Library/Class/CDC/Src/usbd_cdc.o
 *fill*         0x2000018b        0x1 
 .data.USBD_CDC
                0x2000018c       0x38 ./Middlewares/ST/STM32_USB_Device_Library/Class/CDC/Src/usbd_cdc.o
                0x2000018c                USBD_CDC
 .data.USBD_CDC_DeviceQualifierDesc
                0x200001c4        0xa ./Middlewares/ST/STM32_USB_Device_Library/Class/CDC/Src/usbd_cdc.o
 *fill*         0x200001ce        0x2 
 .data.USBD_Interface_fops_FS
                0x200001d0       0x14 ./USB_Device/App/usbd_cdc_if.o
                0x200001d0                USBD_Interface_fops_FS
 .data.USBD_StringSerial
                0x200001e4       0x1a ./USB_Device/App/usbd_desc.o
                0x200001e4                USBD_StringSerial
 *fill*         0x200001fe        0x2 
 .data.USBD_LangIDDesc
                0x20000200        0x4 ./USB_Device/App/usbd_desc.o
                0x20000200                USBD_LangIDDesc
 .data.USBD_CDC_DeviceDesc
                0x20000204       0x12 ./USB_Device/App/usbd_desc.o
                0x20000204                USBD_CDC_DeviceDesc
 *fill*         0x20000216        0x2 
 .data.CDC_Desc
                0x20000218       0x20 ./USB_Device/App/usbd_desc.o
                0x20000218                CDC_Desc
 .data._impure_ptr
                0x20000238        0x4 C:/ST/STM32CubeIDE_1.16.1/STM32CubeIDE/plugins/com.st.stm32cube.ide.mcu.externaltools.gnu-tools-for-stm32.13.3.rel1.win32_1.0.0.202411081344/tools/bin/../lib/gcc/arm-none-eabi/13.3.1/../../../../arm-none-eabi/lib/thumb/v6-m/nofp\libc_nano.a(libc_a-impure.o)
                0x20000238                _impure_ptr
 .data._impure_data
                0x2000023c       0x4c C:/ST/STM32CubeIDE_1.16.1/STM32CubeIDE/plugins/com.st.stm32cube.ide.mcu.externaltools.gnu-tools-for-stm32.13.3.rel1.win32_1.0.0.202411081344/tools/bin/../lib/gcc/arm-none-eabi/13.3.1/../../../../arm-none-eabi/lib/thumb/v6-m/nofp\libc_nano.a(libc_a-impure.o)
                0x2000023c                _impure_data
 *(.RamFunc)
 *(.RamFunc*)
                0x20000288                        . = ALIGN (0x4)
                0x20000288                        _edata = .

.igot.plt       0x20000288        0x0 load address 0x0800eea4
 .igot.plt      0x20000288        0x0 C:/ST/STM32CubeIDE_1.16.1/STM32CubeIDE/plugins/com.st.stm32cube.ide.mcu.externaltools.gnu-tools-for-stm32.13.3.rel1.win32_1.0.0.202411081344/tools/bin/../lib/gcc/arm-none-eabi/13.3.1/thumb/v6-m/nofp/crtbegin.o
                0x20000288                        . = ALIGN (0x4)

.bss            0x20000288     0x3880 load address 0x0800eea4
                0x20000288                        _sbss = .
                0x20000288                        __bss_start__ = _sbss
 *(.bss)
 .bss           0x20000288       0x1c C:/ST/STM32CubeIDE_1.16.1/STM32CubeIDE/plugins/com.st.stm32cube.ide.mcu.externaltools.gnu-tools-for-stm32.13.3.rel1.win32_1.0.0.202411081344/tools/bin/../lib/gcc/arm-none-eabi/13.3.1/thumb/v6-m/nofp/crtbegin.o
 *(.bss*)
 .bss.last_display_ms.1
                0x200002a4        0x4 ./Core/Src/application.o
 .bss.last_hb_ms.2
                0x200002a8        0x4 ./Core/Src/application.o
 .bss.g_master_balance_target_mv
                0x200002ac        0x4 ./Core/Src/application.o
 .bss.g_master_balance_spread_mv
                0x200002b0        0x4 ./Core/Src/application.o
 .bss.g_master_balance_max_mv
                0x200002b4        0x4 ./Core/Src/application.o
 .bss.g_master_balance_min_mv
                0x200002b8        0x4 ./Core/Src/application.o
 .bss.g_master_balance_resume_count
                0x200002bc        0x1 ./Core/Src/application.o
 .bss.g_master_balance_done_count
                0x200002bd        0x1 ./Core/Src/application.o
 *fill*         0x200002be        0x2 
 .bss.g_slave_clean_spread_mv
                0x200002c0        0x4 ./Core/Src/application.o
 .bss.g_slave_clean_max_mv
                0x200002c4        0x4 ./Core/Src/application.o
 .bss.g_slave_clean_min_mv
                0x200002c8        0x4 ./Core/Src/application.o
 .bss.g_slave_active_mask
                0x200002cc        0x2 ./Core/Src/application.o
 .bss.g_slave_requested_mask
                0x200002ce        0x2 ./Core/Src/application.o
 .bss.g_slave_can2_status_pending
                0x200002d0        0x1 ./Core/Src/application.o
 .bss.g_slave_clean_valid
                0x200002d1        0x1 ./Core/Src/application.o
 .bss.g_slave_clean_cycle
                0x200002d2        0x1 ./Core/Src/application.o
 .bss.g_slave_can2_snapshot_cell_count
                0x200002d3        0x1 ./Core/Src/application.o
 .bss.g_slave_clean_cell_count
                0x200002d4        0x1 ./Core/Src/application.o
 *fill*         0x200002d5        0x3 
 .bss.g_slave_can2_snapshot_cells
                0x200002d8       0x40 ./Core/Src/application.o
 .bss.g_slave_clean_cells
                0x20000318       0x40 ./Core/Src/application.o
 .bss.g_slave_last_can2_tx_ms
                0x20000358        0x4 ./Core/Src/application.o
 .bss.g_slave_last_clean_read_ms
                0x2000035c        0x4 ./Core/Src/application.o
 .bss.g_slave_balance_timer_ms